Archive member included to satisfy reference by file (symbol)

/home/kubitre/dubkov/riot-examples/02button/bin/stm32f0discovery/core.a(sched.o)
                              /home/kubitre/dubkov/riot-examples/02button/bin/stm32f0discovery/newlib_syscalls_default/syscalls.o (sched_active_pid)
/home/kubitre/dubkov/riot-examples/02button/bin/stm32f0discovery/core.a(bitarithm.o)
                              /home/kubitre/dubkov/riot-examples/02button/bin/stm32f0discovery/core.a(sched.o) (MultiplyDeBruijnBitPosition)
/home/kubitre/dubkov/riot-examples/02button/bin/stm32f0discovery/cortexm_common.a(thread_arch.o)
                              /home/kubitre/dubkov/riot-examples/02button/bin/stm32f0discovery/core.a(sched.o) (cpu_switch_context_exit)
/home/kubitre/dubkov/riot-examples/02button/bin/stm32f0discovery/cortexm_common.a(vectors_cortexm.o)
                              /home/kubitre/dubkov/riot-examples/02button/bin/stm32f0discovery/cpu/vectors.o (dummy_handler_default)
/home/kubitre/dubkov/riot-examples/02button/bin/stm32f0discovery/cortexm_common.a(irq_arch.o)
                              /home/kubitre/dubkov/riot-examples/02button/bin/stm32f0discovery/newlib_syscalls_default/syscalls.o (irq_disable)
/home/kubitre/dubkov/riot-examples/02button/bin/stm32f0discovery/div.a(div.o)
                              /home/kubitre/dubkov/riot-examples/02button/bin/stm32f0discovery/newlib_syscalls_default/syscalls.o (_div_mulhi64)
/home/kubitre/dubkov/riot-examples/02button/bin/stm32f0discovery/stdio_uart.a(stdio_uart.o)
                              /home/kubitre/dubkov/riot-examples/02button/bin/stm32f0discovery/newlib_syscalls_default/syscalls.o (stdio_init)
/home/kubitre/dubkov/riot-examples/02button/bin/stm32f0discovery/stm32_common_periph.a(uart.o)
                              /home/kubitre/dubkov/riot-examples/02button/bin/stm32f0discovery/stdio_uart.a(stdio_uart.o) (uart_write)
/home/kubitre/dubkov/riot-examples/02button/bin/stm32f0discovery/stm32_common_periph.a(gpio.o)
                              /home/kubitre/dubkov/riot-examples/02button/bin/stm32f0discovery/stm32_common_periph.a(uart.o) (gpio_init)
/home/kubitre/dubkov/riot-examples/02button/bin/stm32f0discovery/xtimer.a(xtimer_core.o)
                              /home/kubitre/dubkov/riot-examples/02button/bin/stm32f0discovery/newlib_syscalls_default/syscalls.o (_xtimer_now64)
/home/kubitre/dubkov/riot-examples/02button/bin/stm32f0discovery/periph_common.a(pm.o)
                              /home/kubitre/dubkov/riot-examples/02button/bin/stm32f0discovery/newlib_syscalls_default/syscalls.o (pm_off)
/home/kubitre/dubkov/riot-examples/02button/bin/stm32f0discovery/board.a(board.o)
                              /home/kubitre/dubkov/riot-examples/02button/bin/stm32f0discovery/cortexm_common.a(vectors_cortexm.o) (board_init)
/home/kubitre/dubkov/riot-examples/02button/bin/stm32f0discovery/core.a(panic.o)
                              /home/kubitre/dubkov/riot-examples/02button/bin/stm32f0discovery/cortexm_common.a(vectors_cortexm.o) (core_panic)
/home/kubitre/dubkov/riot-examples/02button/bin/stm32f0discovery/core.a(kernel_init.o)
                              /home/kubitre/dubkov/riot-examples/02button/bin/stm32f0discovery/cortexm_common.a(vectors_cortexm.o) (kernel_init)
/home/kubitre/dubkov/riot-examples/02button/bin/stm32f0discovery/core.a(thread.o)
                              /home/kubitre/dubkov/riot-examples/02button/bin/stm32f0discovery/core.a(kernel_init.o) (thread_create)
/home/kubitre/dubkov/riot-examples/02button/bin/stm32f0discovery/cortexm_common_periph.a(pm.o)
                              /home/kubitre/dubkov/riot-examples/02button/bin/stm32f0discovery/core.a(kernel_init.o) (pm_set_lowest)
/home/kubitre/dubkov/riot-examples/02button/bin/stm32f0discovery/isrpipe.a(isrpipe.o)
                              /home/kubitre/dubkov/riot-examples/02button/bin/stm32f0discovery/stdio_uart.a(stdio_uart.o) (isrpipe_write_one)
/home/kubitre/dubkov/riot-examples/02button/bin/stm32f0discovery/stm32_common.a(cpu_init.o)
                              /home/kubitre/dubkov/riot-examples/02button/bin/stm32f0discovery/board.a(board.o) (cpu_init)
/home/kubitre/dubkov/riot-examples/02button/bin/stm32f0discovery/stm32_common.a(cpu_common.o)
                              /home/kubitre/dubkov/riot-examples/02button/bin/stm32f0discovery/stm32_common_periph.a(uart.o) (periph_apb_clk)
/home/kubitre/dubkov/riot-examples/02button/bin/stm32f0discovery/stm32_common.a(stmclk.o)
                              /home/kubitre/dubkov/riot-examples/02button/bin/stm32f0discovery/stm32_common.a(cpu_init.o) (stmclk_init_sysclk)
/home/kubitre/dubkov/riot-examples/02button/bin/stm32f0discovery/stm32_common.a(stmclk_common.o)
                              /home/kubitre/dubkov/riot-examples/02button/bin/stm32f0discovery/stm32_common.a(stmclk.o) (stmclk_enable_hsi)
/home/kubitre/dubkov/riot-examples/02button/bin/stm32f0discovery/stm32_common_periph.a(timer.o)
[...]
Memory Configuration

Name             Origin             Length             Attributes
ccmram           0x0000000010000000 0x0000000000000000
rom              0x0000000008000000 0x0000000000010000 xr
ram              0x0000000020000000 0x0000000000002000 w !xr
*default*        0x0000000000000000 0xffffffffffffffff

Linker script and memory map

LOAD /home/kubitre/dubkov/riot-examples/02button/bin/stm32f0discovery/cpu/vectors.o
LOAD /home/kubitre/dubkov/riot-examples/02button/bin/stm32f0discovery/newlib_syscalls_default/syscalls.o
START GROUP
LOAD /home/kubitre/dubkov/riot-examples/02button/bin/stm32f0discovery/application_button.a
LOAD /home/kubitre/dubkov/riot-examples/02button/bin/stm32f0discovery/auto_init.a
LOAD /home/kubitre/dubkov/riot-examples/02button/bin/stm32f0discovery/board.a
LOAD /home/kubitre/dubkov/riot-examples/02button/bin/stm32f0discovery/core.a
LOAD /home/kubitre/dubkov/riot-examples/02button/bin/stm32f0discovery/cortexm_common.a
LOAD /home/kubitre/dubkov/riot-examples/02button/bin/stm32f0discovery/cortexm_common_periph.a
LOAD /home/kubitre/dubkov/riot-examples/02button/bin/stm32f0discovery/cpu.a
LOAD /home/kubitre/dubkov/riot-examples/02button/bin/stm32f0discovery/div.a
LOAD /home/kubitre/dubkov/riot-examples/02button/bin/stm32f0discovery/isrpipe.a
LOAD /home/kubitre/dubkov/riot-examples/02button/bin/stm32f0discovery/newlib_syscalls_default.a
LOAD /home/kubitre/dubkov/riot-examples/02button/bin/stm32f0discovery/periph.a
LOAD /home/kubitre/dubkov/riot-examples/02button/bin/stm32f0discovery/stdio_uart.a
LOAD /home/kubitre/dubkov/riot-examples/02button/bin/stm32f0discovery/stm32_common.a
LOAD /home/kubitre/dubkov/riot-examples/02button/bin/stm32f0discovery/stm32_common_periph.a
LOAD /home/kubitre/dubkov/riot-examples/02button/bin/stm32f0discovery/sys.a
LOAD /home/kubitre/dubkov/riot-examples/02button/bin/stm32f0discovery/tsrb.a
LOAD /home/kubitre/dubkov/riot-examples/02button/bin/stm32f0discovery/xtimer.a
LOAD /home/kubitre/dubkov/riot-examples/02button/bin/stm32f0discovery/periph_common.a
LOAD /usr/bin/../lib/gcc/arm-none-eabi/7.3.1/../../../../arm-none-eabi/lib/thumb/v6-m/libm.a
END GROUP
LOAD /usr/bin/../lib/gcc/arm-none-eabi/7.3.1/thumb/v6-m/libgcc.a
                0x0000000008000000                _rom_start_addr = 0x8000000
                0x0000000020000000                _ram_start_addr = 0x20000000
                0x0000000000010000                _rom_length = 0x10000
                0x0000000000002000                _ram_length = 0x2000
LOAD /usr/bin/../lib/gcc/arm-none-eabi/7.3.1/../../../../arm-none-eabi/lib/thumb/v6-m/libc_nano.a
START GROUP
LOAD /usr/bin/../lib/gcc/arm-none-eabi/7.3.1/thumb/v6-m/libgcc.a
LOAD /usr/bin/../lib/gcc/arm-none-eabi/7.3.1/../../../../arm-none-eabi/lib/thumb/v6-m/libg_nano.a
LOAD /usr/bin/../lib/gcc/arm-none-eabi/7.3.1/../../../../arm-none-eabi/lib/thumb/v6-m/libc_nano.a
END GROUP
START GROUP
LOAD /usr/bin/../lib/gcc/arm-none-eabi/7.3.1/thumb/v6-m/libgcc.a
LOAD /usr/bin/../lib/gcc/arm-none-eabi/7.3.1/../../../../arm-none-eabi/lib/thumb/v6-m/libc_nano.a
END GROUP
                0x0000000000000000                ccmram_length = DEFINED (ccmram_len)?ccmram_len:0x0
                0x0000000000000000                _rom_offset = DEFINED (_rom_offset)?_rom_offset:0x0
                0x0000000000010000                _fw_rom_length = DEFINED (_fw_rom_length)?_fw_rom_length:(_rom_length - _rom_offset)
                0x0000000000000001                ASSERT ((_fw_rom_length <= (_rom_length - _rom_offset)), Specified firmware size does not fit in ROM)

.text           0x0000000008000000     0x1fe0
                0x0000000008000000                . = ALIGN (0x4)
                0x0000000008000000                _sfixed = .
                0x0000000008000000                _isr_vectors = DEFINED (_isr_vectors)?_isr_vectors:.
 *(SORT_BY_NAME(.vectors*))
 .vectors.0     0x0000000008000000       0x40 /home/kubitre/dubkov/riot-examples/02button/bin/stm32f0discovery/cortexm_common.a(vectors_cortexm.o)
                0x0000000008000000                cortex_vector_base
 .vectors.1     0x0000000008000040       0x7c /home/kubitre/dubkov/riot-examples/02button/bin/stm32f0discovery/cpu/vectors.o
                0x0000000008000040                vector_cpu
 *(.text .text.* .gnu.linkonce.t.*)
 .text.dummy_handler
                0x00000000080000bc        0x8 /home/kubitre/dubkov/riot-examples/02button/bin/stm32f0discovery/cpu/vectors.o
                0x00000000080000bc                isr_pvd
                0x00000000080000bc                isr_i2c1
                0x00000000080000bc                isr_tim16
                0x00000000080000bc                isr_tsc
                0x00000000080000bc                isr_cec_can
                0x00000000080000bc                isr_tim7
                0x00000000080000bc                isr_dma1_channel4_5
                0x00000000080000bc                isr_tim1_brk_up_trg_com
                0x00000000080000bc                isr_dma1_channel4_5_6_7
                0x00000000080000bc                isr_i2c2
                0x00000000080000bc                isr_dma1_channel2_3
                0x00000000080000bc                isr_spi2
                0x00000000080000bc                isr_dma1_channel1
                0x00000000080000bc                dummy_handler
                0x00000000080000bc                isr_dma1_ch1
                0x00000000080000bc                isr_spi1
                0x00000000080000bc                isr_tim6
                0x00000000080000bc                isr_rcc
                0x00000000080000bc                isr_flash
                0x00000000080000bc                isr_rtc
                0x00000000080000bc                isr_tim1_cc
                0x00000000080000bc                isr_tim14
                0x00000000080000bc                isr_usb
                0x00000000080000bc                isr_adc1_comp
                0x00000000080000bc                isr_usart3_4
                0x00000000080000bc                isr_tim17
                0x00000000080000bc                isr_adc1
                0x00000000080000bc                isr_tim6_dac
                0x00000000080000bc                isr_dma1_ch4_7_dma2_ch3_5
                0x00000000080000bc                isr_pvd_vddio2
                0x00000000080000bc                isr_tim3
                0x00000000080000bc                isr_tim15
                0x00000000080000bc                isr_rcc_crs
                0x00000000080000bc                isr_usart3_8
                0x00000000080000bc                isr_dma1_ch2_3_dma2_ch1_2
                0x00000000080000bc                isr_wwdg
 .text._init    0x00000000080000c4        0x8 /home/kubitre/dubkov/riot-examples/02button/bin/stm32f0discovery/newlib_syscalls_default/syscalls.o
                0x00000000080000c4                _init
 .text._fini    0x00000000080000cc        0x2 /home/kubitre/dubkov/riot-examples/02button/bin/stm32f0discovery/newlib_syscalls_default/syscalls.o
                0x00000000080000cc                _fini
 *fill*         0x00000000080000ce        0x2 
 .text._sbrk_r  0x00000000080000d0       0x3c /home/kubitre/dubkov/riot-examples/02button/bin/stm32f0discovery/newlib_syscalls_default/syscalls.o
                0x00000000080000d0                _sbrk_r
 .text._read_r  0x000000000800010c        0xc /home/kubitre/dubkov/riot-examples/02button/bin/stm32f0discovery/newlib_syscalls_default/syscalls.o
                0x000000000800010c                _read_r
 .text._write_r
                0x0000000008000118        0xc /home/kubitre/dubkov/riot-examples/02button/bin/stm32f0discovery/newlib_syscalls_default/syscalls.o
                0x0000000008000118                _write_r
 .text._close_r
                0x0000000008000124        0xa /home/kubitre/dubkov/riot-examples/02button/bin/stm32f0discovery/newlib_syscalls_default/syscalls.o
                0x0000000008000124                _close_r
 .text._lseek_r
                0x000000000800012e        0xa /home/kubitre/dubkov/riot-examples/02button/bin/stm32f0discovery/newlib_syscalls_default/syscalls.o
                0x000000000800012e                _lseek_r
 .text._fstat_r
                0x0000000008000138        0xa /home/kubitre/dubkov/riot-examples/02button/bin/stm32f0discovery/newlib_syscalls_default/syscalls.o
                0x0000000008000138                _fstat_r
 .text._isatty_r
                0x0000000008000142        0xe /home/kubitre/dubkov/riot-examples/02button/bin/stm32f0discovery/newlib_syscalls_default/syscalls.o
                0x0000000008000142                _isatty_r
 .text.sched_run
                0x0000000008000150       0x68 /home/kubitre/dubkov/riot-examples/02button/bin/stm32f0discovery/core.a(sched.o)
                0x0000000008000150                sched_run
 .text.sched_set_status
                0x00000000080001b8       0x7c /home/kubitre/dubkov/riot-examples/02button/bin/stm32f0discovery/core.a(sched.o)
                0x00000000080001b8                sched_set_status
 .text.sched_switch
                0x0000000008000234       0x30 /home/kubitre/dubkov/riot-examples/02button/bin/stm32f0discovery/core.a(sched.o)
                0x0000000008000234                sched_switch
 .text.sched_task_exit
                0x0000000008000264       0x3c /home/kubitre/dubkov/riot-examples/02button/bin/stm32f0discovery/core.a(sched.o)
                0x0000000008000264                sched_task_exit
 .text.thread_stack_init
                0x00000000080002a0       0x90 /home/kubitre/dubkov/riot-examples/02button/bin/stm32f0discovery/cortexm_common.a(thread_arch.o)
                0x00000000080002a0                thread_stack_init
 .text.cpu_switch_context_exit
                0x0000000008000330        0x8 /home/kubitre/dubkov/riot-examples/02button/bin/stm32f0discovery/cortexm_common.a(thread_arch.o)
                0x0000000008000330                cpu_switch_context_exit
 .text.thread_yield_higher
                0x0000000008000338       0x14 /home/kubitre/dubkov/riot-examples/02button/bin/stm32f0discovery/cortexm_common.a(thread_arch.o)
                0x0000000008000338                thread_yield_higher
 .text.isr_pendsv
                0x000000000800034c       0x28 /home/kubitre/dubkov/riot-examples/02button/bin/stm32f0discovery/cortexm_common.a(thread_arch.o)
                0x000000000800034c                isr_pendsv
 .text.isr_svc  0x0000000008000374       0x2c /home/kubitre/dubkov/riot-examples/02button/bin/stm32f0discovery/cortexm_common.a(thread_arch.o)
                0x0000000008000374                isr_svc
 .text.nmi_default
                0x00000000080003a0       0x10 /home/kubitre/dubkov/riot-examples/02button/bin/stm32f0discovery/cortexm_common.a(vectors_cortexm.o)
                0x00000000080003a0                nmi_default
 .text.hard_fault_default
                0x00000000080003b0       0x10 /home/kubitre/dubkov/riot-examples/02button/bin/stm32f0discovery/cortexm_common.a(vectors_cortexm.o)
                0x00000000080003b0                hard_fault_default
 .text.dummy_handler_default
                0x00000000080003c0       0x10 /home/kubitre/dubkov/riot-examples/02button/bin/stm32f0discovery/cortexm_common.a(vectors_cortexm.o)
                0x00000000080003c0                dummy_handler_default
                0x00000000080003c0                isr_systick
 .text.pre_startup
                0x00000000080003d0        0x2 /home/kubitre/dubkov/riot-examples/02button/bin/stm32f0discovery/cortexm_common.a(vectors_cortexm.o)
                0x00000000080003d0                pre_startup
 .text.post_startup
                0x00000000080003d2        0x2 /home/kubitre/dubkov/riot-examples/02button/bin/stm32f0discovery/cortexm_common.a(vectors_cortexm.o)
                0x00000000080003d2                post_startup
 .text.reset_handler_default
                0x00000000080003d4       0x50 /home/kubitre/dubkov/riot-examples/02button/bin/stm32f0discovery/cortexm_common.a(vectors_cortexm.o)
                0x00000000080003d4                reset_handler_default
 .text.irq_disable
                0x0000000008000424        0x8 /home/kubitre/dubkov/riot-examples/02button/bin/stm32f0discovery/cortexm_common.a(irq_arch.o)
                0x0000000008000424                irq_disable
 .text.irq_enable
                0x000000000800042c        0x8 /home/kubitre/dubkov/riot-examples/02button/bin/stm32f0discovery/cortexm_common.a(irq_arch.o)
                0x000000000800042c                irq_enable
 .text.irq_restore
                0x0000000008000434        0x6 /home/kubitre/dubkov/riot-examples/02button/bin/stm32f0discovery/cortexm_common.a(irq_arch.o)
                0x0000000008000434                irq_restore
 .text.irq_is_in
                0x000000000800043a        0x8 /home/kubitre/dubkov/riot-examples/02button/bin/stm32f0discovery/cortexm_common.a(irq_arch.o)
                0x000000000800043a                irq_is_in
 *fill*         0x0000000008000442        0x2 
 .text.stdio_init
                0x0000000008000444       0x1c /home/kubitre/dubkov/riot-examples/02button/bin/stm32f0discovery/stdio_uart.a(stdio_uart.o)
                0x0000000008000444                stdio_init
 .text.stdio_read
                0x0000000008000460       0x14 /home/kubitre/dubkov/riot-examples/02button/bin/stm32f0discovery/stdio_uart.a(stdio_uart.o)
                0x0000000008000460                stdio_read
 .text.stdio_write
                0x0000000008000474       0x12 /home/kubitre/dubkov/riot-examples/02button/bin/stm32f0discovery/stdio_uart.a(stdio_uart.o)
                0x0000000008000474                stdio_write
 *fill*         0x0000000008000486        0x2 
 .text.irq_handler
                0x0000000008000488       0x48 /home/kubitre/dubkov/riot-examples/02button/bin/stm32f0discovery/stm32_common_periph.a(uart.o)
 .text.uart_write
                0x00000000080004d0       0x30 /home/kubitre/dubkov/riot-examples/02button/bin/stm32f0discovery/stm32_common_periph.a(uart.o)
                0x00000000080004d0                uart_write
 .text.uart_poweron
                0x0000000008000500       0x18 /home/kubitre/dubkov/riot-examples/02button/bin/stm32f0discovery/stm32_common_periph.a(uart.o)
                0x0000000008000500                uart_poweron
 .text.uart_init
                0x0000000008000518       0xa8 /home/kubitre/dubkov/riot-examples/02button/bin/stm32f0discovery/stm32_common_periph.a(uart.o)
                0x0000000008000518                uart_init
 .text.isr_usart1
                0x00000000080005c0        0xa /home/kubitre/dubkov/riot-examples/02button/bin/stm32f0discovery/stm32_common_periph.a(uart.o)
                0x00000000080005c0                isr_usart1
 .text.isr_usart2
                0x00000000080005ca        0xa /home/kubitre/dubkov/riot-examples/02button/bin/stm32f0discovery/stm32_common_periph.a(uart.o)
                0x00000000080005ca                isr_usart2
 .text.gpio_init
                0x00000000080005d4       0x74 /home/kubitre/dubkov/riot-examples/02button/bin/stm32f0discovery/stm32_common_periph.a(gpio.o)
                0x00000000080005d4                gpio_init
 .text.gpio_init_af
                0x0000000008000648       0x42 /home/kubitre/dubkov/riot-examples/02button/bin/stm32f0discovery/stm32_common_periph.a(gpio.o)
                0x0000000008000648                gpio_init_af
 .text.gpio_read
                0x000000000800068a       0x14 /home/kubitre/dubkov/riot-examples/02button/bin/stm32f0discovery/stm32_common_periph.a(gpio.o)
                0x000000000800068a                gpio_read
 .text.gpio_set
                0x000000000800069e       0x10 /home/kubitre/dubkov/riot-examples/02button/bin/stm32f0discovery/stm32_common_periph.a(gpio.o)
                0x000000000800069e                gpio_set
 .text.gpio_clear
                0x00000000080006ae       0x12 /home/kubitre/dubkov/riot-examples/02button/bin/stm32f0discovery/stm32_common_periph.a(gpio.o)
                0x00000000080006ae                gpio_clear
 .text.gpio_toggle
                0x00000000080006c0       0x1c /home/kubitre/dubkov/riot-examples/02button/bin/stm32f0discovery/stm32_common_periph.a(gpio.o)
                0x00000000080006c0                gpio_toggle
 .text.gpio_init_int
                0x00000000080006dc       0xb0 /home/kubitre/dubkov/riot-examples/02button/bin/stm32f0discovery/stm32_common_periph.a(gpio.o)
                0x00000000080006dc                gpio_init_int
 .text.isr_exti
                0x000000000800078c       0x44 /home/kubitre/dubkov/riot-examples/02button/bin/stm32f0discovery/stm32_common_periph.a(gpio.o)
                0x000000000800078c                isr_exti
 .text._xtimer_lltimer_now
                0x00000000080007d0        0xa /home/kubitre/dubkov/riot-examples/02button/bin/stm32f0discovery/xtimer.a(xtimer_core.o)
 *fill*         0x00000000080007da        0x2 
 .text._lltimer_set
                0x00000000080007dc       0x18 /home/kubitre/dubkov/riot-examples/02button/bin/stm32f0discovery/xtimer.a(xtimer_core.o)
 .text._next_period
                0x00000000080007f4       0x9c /home/kubitre/dubkov/riot-examples/02button/bin/stm32f0discovery/xtimer.a(xtimer_core.o)
 .text._periph_timer_callback
                0x0000000008000890       0xbc /home/kubitre/dubkov/riot-examples/02button/bin/stm32f0discovery/xtimer.a(xtimer_core.o)
 .text.xtimer_init
                0x000000000800094c       0x20 /home/kubitre/dubkov/riot-examples/02button/bin/stm32f0discovery/xtimer.a(xtimer_core.o)
                0x000000000800094c                xtimer_init
 .text.board_init
                0x000000000800096c       0x20 /home/kubitre/dubkov/riot-examples/02button/bin/stm32f0discovery/board.a(board.o)
                0x000000000800096c                board_init
 .text.panic_arch
                0x000000000800098c        0x2 /home/kubitre/dubkov/riot-examples/02button/bin/stm32f0discovery/core.a(panic.o)
                0x000000000800098c                panic_arch
 *fill*         0x000000000800098e        0x2 
 .text.core_panic
                0x0000000008000990       0x34 /home/kubitre/dubkov/riot-examples/02button/bin/stm32f0discovery/core.a(panic.o)
                0x0000000008000990                core_panic
 .text.main_trampoline
                0x00000000080009c4       0x18 /home/kubitre/dubkov/riot-examples/02button/bin/stm32f0discovery/core.a(kernel_init.o)
 .text.idle_thread
                0x00000000080009dc        0x8 /home/kubitre/dubkov/riot-examples/02button/bin/stm32f0discovery/core.a(kernel_init.o)
 .text.kernel_init
                0x00000000080009e4       0x58 /home/kubitre/dubkov/riot-examples/02button/bin/stm32f0discovery/core.a(kernel_init.o)
                0x00000000080009e4                kernel_init
 .text.thread_add_to_list
                0x0000000008000a3c       0x22 /home/kubitre/dubkov/riot-examples/02button/bin/stm32f0discovery/core.a(thread.o)
                0x0000000008000a3c                thread_add_to_list
 *fill*         0x0000000008000a5e        0x2 
 .text.thread_create
                0x0000000008000a60       0xc4 /home/kubitre/dubkov/riot-examples/02button/bin/stm32f0discovery/core.a(thread.o)
                0x0000000008000a60                thread_create
 .text.pm_set_lowest
                0x0000000008000b24       0x20 /home/kubitre/dubkov/riot-examples/02button/bin/stm32f0discovery/cortexm_common_periph.a(pm.o)
                0x0000000008000b24                pm_set_lowest
 .text.pm_reboot
                0x0000000008000b44       0x1c /home/kubitre/dubkov/riot-examples/02button/bin/stm32f0discovery/cortexm_common_periph.a(pm.o)
                0x0000000008000b44                pm_reboot
 .text.isrpipe_write_one
                0x0000000008000b60       0x16 /home/kubitre/dubkov/riot-examples/02button/bin/stm32f0discovery/isrpipe.a(isrpipe.o)
                0x0000000008000b60                isrpipe_write_one
 .text.isrpipe_read
                0x0000000008000b76       0x24 /home/kubitre/dubkov/riot-examples/02button/bin/stm32f0discovery/isrpipe.a(isrpipe.o)
                0x0000000008000b76                isrpipe_read
 .text.cpu_init
                0x0000000008000b9a       0x1a /home/kubitre/dubkov/riot-examples/02button/bin/stm32f0discovery/stm32_common.a(cpu_init.o)
                0x0000000008000b9a                cpu_init
 .text.periph_apb_clk
                0x0000000008000bb4        0x8 /home/kubitre/dubkov/riot-examples/02button/bin/stm32f0discovery/stm32_common.a(cpu_common.o)
                0x0000000008000bb4                periph_apb_clk
 .text.periph_timer_clk
                0x0000000008000bbc       0x14 /home/kubitre/dubkov/riot-examples/02button/bin/stm32f0discovery/stm32_common.a(cpu_common.o)
                0x0000000008000bbc                periph_timer_clk
 .text.periph_clk_en
                0x0000000008000bd0       0x34 /home/kubitre/dubkov/riot-examples/02button/bin/stm32f0discovery/stm32_common.a(cpu_common.o)
                0x0000000008000bd0                periph_clk_en
 .text.stmclk_init_sysclk
                0x0000000008000c04       0x8c /home/kubitre/dubkov/riot-examples/02button/bin/stm32f0discovery/stm32_common.a(stmclk.o)
                0x0000000008000c04                stmclk_init_sysclk
 .text.stmclk_enable_hsi
                0x0000000008000c90       0x18 /home/kubitre/dubkov/riot-examples/02button/bin/stm32f0discovery/stm32_common.a(stmclk_common.o)
                0x0000000008000c90                stmclk_enable_hsi
 .text.stmclk_disable_hsi
                0x0000000008000ca8       0x18 /home/kubitre/dubkov/riot-examples/02button/bin/stm32f0discovery/stm32_common.a(stmclk_common.o)
                0x0000000008000ca8                stmclk_disable_hsi
 .text.timer_set_absolute
                0x0000000008000cc0       0x3c /home/kubitre/dubkov/riot-examples/02button/bin/stm32f0discovery/stm32_common_periph.a(timer.o)
                0x0000000008000cc0                timer_set_absolute
 .text.timer_read
                0x0000000008000cfc       0x10 /home/kubitre/dubkov/riot-examples/02button/bin/stm32f0discovery/stm32_common_periph.a(timer.o)
                0x0000000008000cfc                timer_read
 .text.timer_start
                0x0000000008000d0c       0x14 /home/kubitre/dubkov/riot-examples/02button/bin/stm32f0discovery/stm32_common_periph.a(timer.o)
                0x0000000008000d0c                timer_start
 .text.timer_init
                0x0000000008000d20       0x58 /home/kubitre/dubkov/riot-examples/02button/bin/stm32f0discovery/stm32_common_periph.a(timer.o)
                0x0000000008000d20                timer_init
 .text.isr_tim2
                0x0000000008000d78       0x44 /home/kubitre/dubkov/riot-examples/02button/bin/stm32f0discovery/stm32_common_periph.a(timer.o)
                0x0000000008000d78                isr_tim2
 .text._pop     0x0000000008000dbc       0x12 /home/kubitre/dubkov/riot-examples/02button/bin/stm32f0discovery/tsrb.a(tsrb.o)
 .text.tsrb_get
                0x0000000008000dce       0x28 /home/kubitre/dubkov/riot-examples/02button/bin/stm32f0discovery/tsrb.a(tsrb.o)
                0x0000000008000dce                tsrb_get
 .text.tsrb_add_one
                0x0000000008000df6       0x26 /home/kubitre/dubkov/riot-examples/02button/bin/stm32f0discovery/tsrb.a(tsrb.o)
                0x0000000008000df6                tsrb_add_one
 .text.periph_init
                0x0000000008000e1c        0x2 /home/kubitre/dubkov/riot-examples/02button/bin/stm32f0discovery/periph_common.a(init.o)
                0x0000000008000e1c                periph_init
 *fill*         0x0000000008000e1e        0x2 
 .text.btn_handler_both
                0x0000000008000e20       0x30 /home/kubitre/dubkov/riot-examples/02button/bin/stm32f0discovery/application_button.a(main.o)
                0x0000000008000e20                btn_handler_both
 .text.startup.main
                0x0000000008000e50       0x34 /home/kubitre/dubkov/riot-examples/02button/bin/stm32f0discovery/application_button.a(main.o)
                0x0000000008000e50                main
 .text.auto_init
                0x0000000008000e84        0x8 /home/kubitre/dubkov/riot-examples/02button/bin/stm32f0discovery/auto_init.a(auto_init.o)
                0x0000000008000e84                auto_init
 .text._mutex_lock
                0x0000000008000e8c       0x60 /home/kubitre/dubkov/riot-examples/02button/bin/stm32f0discovery/core.a(mutex.o)
                0x0000000008000e8c                _mutex_lock
 .text.mutex_unlock
                0x0000000008000eec       0x4a /home/kubitre/dubkov/riot-examples/02button/bin/stm32f0discovery/core.a(mutex.o)
                0x0000000008000eec                mutex_unlock
 *fill*         0x0000000008000f36        0x2 
 .text.cortexm_init
                0x0000000008000f38       0x70 /home/kubitre/dubkov/riot-examples/02button/bin/stm32f0discovery/cortexm_common.a(cortexm_init.o)
                0x0000000008000f38                cortexm_init
 .text          0x0000000008000fa8      0x114 /usr/bin/../lib/gcc/arm-none-eabi/7.3.1/thumb/v6-m/libgcc.a(_udivsi3.o)
                0x0000000008000fa8                __udivsi3
                0x0000000008000fa8                __aeabi_uidiv
                0x00000000080010b4                __aeabi_uidivmod
 .text          0x00000000080010bc        0x4 /usr/bin/../lib/gcc/arm-none-eabi/7.3.1/thumb/v6-m/libgcc.a(_dvmd_tls.o)
                0x00000000080010bc                __aeabi_ldiv0
                0x00000000080010bc                __aeabi_idiv0
 .text.__libc_init_array
                0x00000000080010c0       0x48 /usr/bin/../lib/gcc/arm-none-eabi/7.3.1/../../../../arm-none-eabi/lib/thumb/v6-m/libc_nano.a(lib_a-init.o)
                0x00000000080010c0                __libc_init_array
 .text.memset   0x0000000008001108       0x10 /usr/bin/../lib/gcc/arm-none-eabi/7.3.1/../../../../arm-none-eabi/lib/thumb/v6-m/libc_nano.a(lib_a-memset.o)
                0x0000000008001108                memset
 .text.printf   0x0000000008001118       0x34 /usr/bin/../lib/gcc/arm-none-eabi/7.3.1/../../../../arm-none-eabi/lib/thumb/v6-m/libc_nano.a(lib_a-printf.o)
                0x0000000008001118                printf
                0x0000000008001118                iprintf
 .text.std      0x000000000800114c       0x48 /usr/bin/../lib/gcc/arm-none-eabi/7.3.1/../../../../arm-none-eabi/lib/thumb/v6-m/libc_nano.a(lib_a-findfp.o)
 .text._cleanup_r
                0x0000000008001194       0x10 /usr/bin/../lib/gcc/arm-none-eabi/7.3.1/../../../../arm-none-eabi/lib/thumb/v6-m/libc_nano.a(lib_a-findfp.o)
                0x0000000008001194                _cleanup_r
 .text.__sfmoreglue
                0x00000000080011a4       0x2c /usr/bin/../lib/gcc/arm-none-eabi/7.3.1/../../../../arm-none-eabi/lib/thumb/v6-m/libc_nano.a(lib_a-findfp.o)
                0x00000000080011a4                __sfmoreglue
 .text.__sinit  0x00000000080011d0       0x68 /usr/bin/../lib/gcc/arm-none-eabi/7.3.1/../../../../arm-none-eabi/lib/thumb/v6-m/libc_nano.a(lib_a-findfp.o)
                0x00000000080011d0                __sinit
 .text.__sfp    0x0000000008001238       0x7c /usr/bin/../lib/gcc/arm-none-eabi/7.3.1/../../../../arm-none-eabi/lib/thumb/v6-m/libc_nano.a(lib_a-findfp.o)
                0x0000000008001238                __sfp
 .text._fwalk_reent
                0x00000000080012b4       0x42 /usr/bin/../lib/gcc/arm-none-eabi/7.3.1/../../../../arm-none-eabi/lib/thumb/v6-m/libc_nano.a(lib_a-fwalk.o)
                0x00000000080012b4                _fwalk_reent
 *fill*         0x00000000080012f6        0x2 
 .text._malloc_r
                0x00000000080012f8       0xbc /usr/bin/../lib/gcc/arm-none-eabi/7.3.1/../../../../arm-none-eabi/lib/thumb/v6-m/libc_nano.a(lib_a-nano-mallocr.o)
                0x00000000080012f8                _malloc_r
 .text.__sfputc_r
                0x00000000080013b4       0x2a /usr/bin/../lib/gcc/arm-none-eabi/7.3.1/../../../../arm-none-eabi/lib/thumb/v6-m/libc_nano.a(lib_a-nano-vfprintf.o)
 .text.__sfputs_r
                0x00000000080013de       0x24 /usr/bin/../lib/gcc/arm-none-eabi/7.3.1/../../../../arm-none-eabi/lib/thumb/v6-m/libc_nano.a(lib_a-nano-vfprintf.o)
                0x00000000080013de                __sfputs_r
 *fill*         0x0000000008001402        0x2 
 .text._vfprintf_r
                0x0000000008001404      0x22c /usr/bin/../lib/gcc/arm-none-eabi/7.3.1/../../../../arm-none-eabi/lib/thumb/v6-m/libc_nano.a(lib_a-nano-vfprintf.o)
                0x0000000008001404                _vfiprintf_r
                0x0000000008001404                _vfprintf_r
 .text._printf_common
                0x0000000008001630       0xda /usr/bin/../lib/gcc/arm-none-eabi/7.3.1/../../../../arm-none-eabi/lib/thumb/v6-m/libc_nano.a(lib_a-nano-vfprintf_i.o)
                0x0000000008001630                _printf_common
 *fill*         0x000000000800170a        0x2 
 .text._printf_i
                0x000000000800170c      0x210 /usr/bin/../lib/gcc/arm-none-eabi/7.3.1/../../../../arm-none-eabi/lib/thumb/v6-m/libc_nano.a(lib_a-nano-vfprintf_i.o)
                0x000000000800170c                _printf_i
 .text.__sread  0x000000000800191c       0x28 /usr/bin/../lib/gcc/arm-none-eabi/7.3.1/../../../../arm-none-eabi/lib/thumb/v6-m/libc_nano.a(lib_a-stdio.o)
                0x000000000800191c                __sread
 .text.__swrite
                0x0000000008001944       0x38 /usr/bin/../lib/gcc/arm-none-eabi/7.3.1/../../../../arm-none-eabi/lib/thumb/v6-m/libc_nano.a(lib_a-stdio.o)
                0x0000000008001944                __swrite
 .text.__sseek  0x000000000800197c       0x2c /usr/bin/../lib/gcc/arm-none-eabi/7.3.1/../../../../arm-none-eabi/lib/thumb/v6-m/libc_nano.a(lib_a-stdio.o)
                0x000000000800197c                __sseek
 .text.__sclose
                0x00000000080019a8        0xc /usr/bin/../lib/gcc/arm-none-eabi/7.3.1/../../../../arm-none-eabi/lib/thumb/v6-m/libc_nano.a(lib_a-stdio.o)
                0x00000000080019a8                __sclose
 .text.__swbuf_r
                0x00000000080019b4       0xac /usr/bin/../lib/gcc/arm-none-eabi/7.3.1/../../../../arm-none-eabi/lib/thumb/v6-m/libc_nano.a(lib_a-wbuf.o)
                0x00000000080019b4                __swbuf_r
 .text.__swsetup_r
                0x0000000008001a60       0xec /usr/bin/../lib/gcc/arm-none-eabi/7.3.1/../../../../arm-none-eabi/lib/thumb/v6-m/libc_nano.a(lib_a-wsetup.o)
                0x0000000008001a60                __swsetup_r
 .text.__sflush_r
                0x0000000008001b4c      0x114 /usr/bin/../lib/gcc/arm-none-eabi/7.3.1/../../../../arm-none-eabi/lib/thumb/v6-m/libc_nano.a(lib_a-fflush.o)
                0x0000000008001b4c                __sflush_r
 .text._fflush_r
                0x0000000008001c60       0x58 /usr/bin/../lib/gcc/arm-none-eabi/7.3.1/../../../../arm-none-eabi/lib/thumb/v6-m/libc_nano.a(lib_a-fflush.o)
                0x0000000008001c60                _fflush_r
 .text.__swhatbuf_r
                0x0000000008001cb8       0x50 /usr/bin/../lib/gcc/arm-none-eabi/7.3.1/../../../../arm-none-eabi/lib/thumb/v6-m/libc_nano.a(lib_a-makebuf.o)
                0x0000000008001cb8                __swhatbuf_r
 .text.__smakebuf_r
                0x0000000008001d08       0x88 /usr/bin/../lib/gcc/arm-none-eabi/7.3.1/../../../../arm-none-eabi/lib/thumb/v6-m/libc_nano.a(lib_a-makebuf.o)
                0x0000000008001d08                __smakebuf_r
 .text.memchr   0x0000000008001d90       0x16 /usr/bin/../lib/gcc/arm-none-eabi/7.3.1/../../../../arm-none-eabi/lib/thumb/v6-m/libc_nano.a(lib_a-memchr-stub.o)
                0x0000000008001d90                memchr
 .text.__malloc_lock
                0x0000000008001da6        0x2 /usr/bin/../lib/gcc/arm-none-eabi/7.3.1/../../../../arm-none-eabi/lib/thumb/v6-m/libc_nano.a(lib_a-mlock.o)
                0x0000000008001da6                __malloc_lock
 .text.__malloc_unlock
                0x0000000008001da8        0x2 /usr/bin/../lib/gcc/arm-none-eabi/7.3.1/../../../../arm-none-eabi/lib/thumb/v6-m/libc_nano.a(lib_a-mlock.o)
                0x0000000008001da8                __malloc_unlock
 *fill*         0x0000000008001daa        0x2 
 .text._free_r  0x0000000008001dac       0x94 /usr/bin/../lib/gcc/arm-none-eabi/7.3.1/../../../../arm-none-eabi/lib/thumb/v6-m/libc_nano.a(lib_a-nano-freer.o)
                0x0000000008001dac                _free_r
 *(.glue_7t)
 .glue_7t       0x0000000008001e40        0x0 linker stubs
 *(.glue_7)
 .glue_7        0x0000000008001e40        0x0 linker stubs
 *(.rodata .rodata* .gnu.linkonce.r.*)
 .rodata.MultiplyDeBruijnBitPosition
                0x0000000008001e40       0x20 /home/kubitre/dubkov/riot-examples/02button/bin/stm32f0discovery/core.a(bitarithm.o)
                0x0000000008001e40                MultiplyDeBruijnBitPosition
 .rodata.dummy_handler_default.str1.1
                0x0000000008001e60        0xe /home/kubitre/dubkov/riot-examples/02button/bin/stm32f0discovery/cortexm_common.a(vectors_cortexm.o)
 .rodata.hard_fault_default.str1.1
                0x0000000008001e6e       0x13 /home/kubitre/dubkov/riot-examples/02button/bin/stm32f0discovery/cortexm_common.a(vectors_cortexm.o)
 .rodata.nmi_default.str1.1
                0x0000000008001e81        0xc /home/kubitre/dubkov/riot-examples/02button/bin/stm32f0discovery/cortexm_common.a(vectors_cortexm.o)
 *fill*         0x0000000008001e8d        0x3 
 .rodata.uart_config
                0x0000000008001e90       0x28 /home/kubitre/dubkov/riot-examples/02button/bin/stm32f0discovery/stm32_common_periph.a(uart.o)
 .rodata.core_panic.str1.1
                0x0000000008001eb8       0x2f /home/kubitre/dubkov/riot-examples/02button/bin/stm32f0discovery/core.a(panic.o)
 .rodata.main_trampoline.str1.1
                0x0000000008001ee7       0x42 /home/kubitre/dubkov/riot-examples/02button/bin/stm32f0discovery/core.a(kernel_init.o)
 .rodata.str1.1
                0x0000000008001f29        0xa /home/kubitre/dubkov/riot-examples/02button/bin/stm32f0discovery/core.a(kernel_init.o)
 .rodata.apbmul
                0x0000000008001f33        0x2 /home/kubitre/dubkov/riot-examples/02button/bin/stm32f0discovery/stm32_common.a(cpu_common.o)
 *fill*         0x0000000008001f35        0x3 
 .rodata.timer_config
                0x0000000008001f38       0x10 /home/kubitre/dubkov/riot-examples/02button/bin/stm32f0discovery/stm32_common_periph.a(timer.o)
 .rodata._global_impure_ptr
                0x0000000008001f48        0x4 /usr/bin/../lib/gcc/arm-none-eabi/7.3.1/../../../../arm-none-eabi/lib/thumb/v6-m/libc_nano.a(lib_a-impure.o)
                0x0000000008001f48                _global_impure_ptr
 .rodata.__sf_fake_stderr
                0x0000000008001f4c       0x20 /usr/bin/../lib/gcc/arm-none-eabi/7.3.1/../../../../arm-none-eabi/lib/thumb/v6-m/libc_nano.a(lib_a-findfp.o)
                0x0000000008001f4c                __sf_fake_stderr
 .rodata.__sf_fake_stdin
                0x0000000008001f6c       0x20 /usr/bin/../lib/gcc/arm-none-eabi/7.3.1/../../../../arm-none-eabi/lib/thumb/v6-m/libc_nano.a(lib_a-findfp.o)
                0x0000000008001f6c                __sf_fake_stdin
 .rodata.__sf_fake_stdout
                0x0000000008001f8c       0x20 /usr/bin/../lib/gcc/arm-none-eabi/7.3.1/../../../../arm-none-eabi/lib/thumb/v6-m/libc_nano.a(lib_a-findfp.o)
                0x0000000008001f8c                __sf_fake_stdout
 .rodata._vfprintf_r.str1.1
                0x0000000008001fac       0x11 /usr/bin/../lib/gcc/arm-none-eabi/7.3.1/../../../../arm-none-eabi/lib/thumb/v6-m/libc_nano.a(lib_a-nano-vfprintf.o)
 .rodata._printf_i.str1.1
                0x0000000008001fbd       0x22 /usr/bin/../lib/gcc/arm-none-eabi/7.3.1/../../../../arm-none-eabi/lib/thumb/v6-m/libc_nano.a(lib_a-nano-vfprintf_i.o)
 *(.ARM.extab* .gnu.linkonce.armextab.*)
                0x0000000008001fe0                . = ALIGN (0x4)
 *fill*         0x0000000008001fdf        0x1 
 *(.init)
                0x0000000008001fe0                . = ALIGN (0x4)
                0x0000000008001fe0                __preinit_array_start = .
 *(.preinit_array)
                0x0000000008001fe0                __preinit_array_end = .
                0x0000000008001fe0                . = ALIGN (0x4)
                0x0000000008001fe0                __init_array_start = .
 *(SORT_BY_NAME(.init_array.*))
 *(.init_array)
                0x0000000008001fe0                __init_array_end = .
                0x0000000008001fe0                . = ALIGN (0x4)
 *crtbegin.o(.ctors)
 *(EXCLUDE_FILE(*crtend.o) .ctors)
 *(SORT_BY_NAME(.ctors.*))
 *crtend.o(.ctors)
                0x0000000008001fe0                . = ALIGN (0x4)
 *(.fini)
                0x0000000008001fe0                . = ALIGN (0x4)
                0x0000000008001fe0                __fini_array_start = .
 *(.fini_array)
 *(SORT_BY_NAME(.fini_array.*))
                0x0000000008001fe0                __fini_array_end = .
 *crtbegin.o(.dtors)
 *(EXCLUDE_FILE(*crtend.o) .dtors)
 *(SORT_BY_NAME(.dtors.*))
 *crtend.o(.dtors)
                0x0000000008001fe0                . = ALIGN (0x4)
                0x0000000008001fe0                _efixed = .
                [!provide]                        PROVIDE (__exidx_start = .)

.vfp11_veneer   0x0000000008001fe0        0x0
 .vfp11_veneer  0x0000000008001fe0        0x0 linker stubs

.v4_bx          0x0000000008001fe0        0x0
 .v4_bx         0x0000000008001fe0        0x0 linker stubs

.iplt           0x0000000008001fe0        0x0
 .iplt          0x0000000008001fe0        0x0 /home/kubitre/dubkov/riot-examples/02button/bin/stm32f0discovery/cpu/vectors.o

.igot.plt       0x0000000008001fe0        0x0
 .igot.plt      0x0000000008001fe0        0x0 /home/kubitre/dubkov/riot-examples/02button/bin/stm32f0discovery/cpu/vectors.o

.rel.dyn        0x0000000008001fe0        0x0
 .rel.iplt      0x0000000008001fe0        0x0 /home/kubitre/dubkov/riot-examples/02button/bin/stm32f0discovery/cpu/vectors.o

.ARM.exidx
 *(.ARM.exidx* .gnu.linkonce.armexidx.*)
                [!provide]                        PROVIDE (__exidx_end = .)
                0x0000000008001fe0                . = ALIGN (0x4)

.eh_frame
 *(.eh_frame)
                0x0000000008001fe0                . = ALIGN (0x4)
                0x0000000008001fe0                _etext = .

.stack          0x0000000020000000      0x200
 *(.puf)
                0x0000000020000000                . = ALIGN (0x8)
                0x0000000020000000                _sstack = .
 *(.isr_stack)
 .isr_stack     0x0000000020000000      0x200 /home/kubitre/dubkov/riot-examples/02button/bin/stm32f0discovery/cortexm_common.a(vectors_cortexm.o)
                0x0000000020000000                isr_stack
                0x0000000020000200                . = ALIGN (0x8)
                0x0000000020000200                _estack = .

.relocate       0x0000000020000200       0x88 load address 0x0000000008001fe0
                0x0000000020000200                . = ALIGN (0x4)
                0x0000000020000200                _srelocate = .
 *(.ramfunc .ramfunc.*)
 *(.data .data.*)
 .data.heap_top
                0x0000000020000200        0x4 /home/kubitre/dubkov/riot-examples/02button/bin/stm32f0discovery/newlib_syscalls_default/syscalls.o
                0x0000000020000200                heap_top
 .data.stdio_uart_isrpipe
                0x0000000020000204       0x14 /home/kubitre/dubkov/riot-examples/02button/bin/stm32f0discovery/stdio_uart.a(stdio_uart.o)
                0x0000000020000204                stdio_uart_isrpipe
 .data.idle_name
                0x0000000020000218        0x4 /home/kubitre/dubkov/riot-examples/02button/bin/stm32f0discovery/core.a(kernel_init.o)
                0x0000000020000218                idle_name
 .data.main_name
                0x000000002000021c        0x4 /home/kubitre/dubkov/riot-examples/02button/bin/stm32f0discovery/core.a(kernel_init.o)
                0x000000002000021c                main_name
 .data._impure_ptr
                0x0000000020000220        0x4 /usr/bin/../lib/gcc/arm-none-eabi/7.3.1/../../../../arm-none-eabi/lib/thumb/v6-m/libc_nano.a(lib_a-impure.o)
                0x0000000020000220                _impure_ptr
 .data.impure_data
                0x0000000020000224       0x60 /usr/bin/../lib/gcc/arm-none-eabi/7.3.1/../../../../arm-none-eabi/lib/thumb/v6-m/libc_nano.a(lib_a-impure.o)
 *(.openocd .openocd.*)
 .openocd       0x0000000020000284        0x1 /home/kubitre/dubkov/riot-examples/02button/bin/stm32f0discovery/core.a(sched.o)
                0x0000000020000284                max_threads
                0x0000000020000288                . = ALIGN (0x4)
 *fill*         0x0000000020000285        0x3 
                0x0000000020000288                _erelocate = .

.bss            0x0000000020000288      0x8d4 load address 0x0000000008002068
                0x0000000020000288                . = ALIGN (0x4)
                0x0000000020000288                _sbss = .
                0x0000000020000288                _szero = .
 *(.bss .bss.*)
 .bss.runqueue_bitcache
                0x0000000020000288        0x4 /home/kubitre/dubkov/riot-examples/02button/bin/stm32f0discovery/core.a(sched.o)
 .bss.sched_active_pid
                0x000000002000028c        0x2 /home/kubitre/dubkov/riot-examples/02button/bin/stm32f0discovery/core.a(sched.o)
                0x000000002000028c                sched_active_pid
 *fill*         0x000000002000028e        0x2 
 .bss.sched_active_thread
                0x0000000020000290        0x4 /home/kubitre/dubkov/riot-examples/02button/bin/stm32f0discovery/core.a(sched.o)
                0x0000000020000290                sched_active_thread
 .bss.sched_context_switch_request
                0x0000000020000294        0x4 /home/kubitre/dubkov/riot-examples/02button/bin/stm32f0discovery/core.a(sched.o)
                0x0000000020000294                sched_context_switch_request
 .bss.sched_num_threads
                0x0000000020000298        0x4 /home/kubitre/dubkov/riot-examples/02button/bin/stm32f0discovery/core.a(sched.o)
                0x0000000020000298                sched_num_threads
 .bss.sched_runqueues
                0x000000002000029c       0x40 /home/kubitre/dubkov/riot-examples/02button/bin/stm32f0discovery/core.a(sched.o)
                0x000000002000029c                sched_runqueues
 .bss.sched_threads
                0x00000000200002dc       0x84 /home/kubitre/dubkov/riot-examples/02button/bin/stm32f0discovery/core.a(sched.o)
                0x00000000200002dc                sched_threads
 .bss._rx_buf_mem
                0x0000000020000360       0x40 /home/kubitre/dubkov/riot-examples/02button/bin/stm32f0discovery/stdio_uart.a(stdio_uart.o)
 .bss.isr_ctx   0x00000000200003a0       0x10 /home/kubitre/dubkov/riot-examples/02button/bin/stm32f0discovery/stm32_common_periph.a(uart.o)
 .bss.isr_ctx   0x00000000200003b0       0x80 /home/kubitre/dubkov/riot-examples/02button/bin/stm32f0discovery/stm32_common_periph.a(gpio.o)
 .bss._in_handler
                0x0000000020000430        0x4 /home/kubitre/dubkov/riot-examples/02button/bin/stm32f0discovery/xtimer.a(xtimer_core.o)
 .bss._long_cnt
                0x0000000020000434        0x4 /home/kubitre/dubkov/riot-examples/02button/bin/stm32f0discovery/xtimer.a(xtimer_core.o)
 .bss.long_list_head
                0x0000000020000438        0x4 /home/kubitre/dubkov/riot-examples/02button/bin/stm32f0discovery/xtimer.a(xtimer_core.o)
 .bss.overflow_list_head
                0x000000002000043c        0x4 /home/kubitre/dubkov/riot-examples/02button/bin/stm32f0discovery/xtimer.a(xtimer_core.o)
 .bss.timer_list_head
                0x0000000020000440        0x4 /home/kubitre/dubkov/riot-examples/02button/bin/stm32f0discovery/xtimer.a(xtimer_core.o)
 .bss.crashed   0x0000000020000444        0x4 /home/kubitre/dubkov/riot-examples/02button/bin/stm32f0discovery/core.a(panic.o)
 .bss.idle_stack
                0x0000000020000448      0x100 /home/kubitre/dubkov/riot-examples/02button/bin/stm32f0discovery/core.a(kernel_init.o)
 .bss.main_stack
                0x0000000020000548      0x600 /home/kubitre/dubkov/riot-examples/02button/bin/stm32f0discovery/core.a(kernel_init.o)
 .bss.isr_ctx   0x0000000020000b48        0x8 /home/kubitre/dubkov/riot-examples/02button/bin/stm32f0discovery/stm32_common_periph.a(timer.o)
 .bss.lastActivate
                0x0000000020000b50        0x4 /home/kubitre/dubkov/riot-examples/02button/bin/stm32f0discovery/application_button.a(main.o)
                0x0000000020000b50                lastActivate
 .bss.__malloc_free_list
                0x0000000020000b54        0x4 /usr/bin/../lib/gcc/arm-none-eabi/7.3.1/../../../../arm-none-eabi/lib/thumb/v6-m/libc_nano.a(lib_a-nano-mallocr.o)
                0x0000000020000b54                __malloc_free_list
 .bss.__malloc_sbrk_start
                0x0000000020000b58        0x4 /usr/bin/../lib/gcc/arm-none-eabi/7.3.1/../../../../arm-none-eabi/lib/thumb/v6-m/libc_nano.a(lib_a-nano-mallocr.o)
                0x0000000020000b58                __malloc_sbrk_start
 *(COMMON)
                0x0000000020000b5c                . = ALIGN (0x4)
                0x0000000020000b5c                _ebss = .
                0x0000000020000b5c                _ezero = .
                0x0000000020000b5c                . = ALIGN (0x4)
                0x0000000020000b5c                _sheap = .
                0x0000000020002000                _eheap = (ORIGIN (ram) + LENGTH (ram))
                0x0000000020000000                _sram = ORIGIN (ram)
                0x0000000020002000                _eram = (ORIGIN (ram) + LENGTH (ram))
OUTPUT(/home/kubitre/dubkov/riot-examples/02button/bin/stm32f0discovery/button.elf elf32-littlearm)

.debug_info     0x0000000000000000    0x1b0e8
 .debug_info    0x0000000000000000       0xd7 /home/kubitre/dubkov/riot-examples/02button/bin/stm32f0discovery/cpu/vectors.o
 .debug_info    0x00000000000000d7     0x1a45 /home/kubitre/dubkov/riot-examples/02button/bin/stm32f0discovery/newlib_syscalls_default/syscalls.o
 .debug_info    0x0000000000001b1c      0xda8 /home/kubitre/dubkov/riot-examples/02button/bin/stm32f0discovery/core.a(sched.o)
 .debug_info    0x00000000000028c4      0x936 /home/kubitre/dubkov/riot-examples/02button/bin/stm32f0discovery/core.a(bitarithm.o)
 .debug_info    0x00000000000031fa      0xe59 /home/kubitre/dubkov/riot-examples/02button/bin/stm32f0discovery/cortexm_common.a(thread_arch.o)
 .debug_info    0x0000000000004053      0xd46 /home/kubitre/dubkov/riot-examples/02button/bin/stm32f0discovery/cortexm_common.a(vectors_cortexm.o)
 .debug_info    0x0000000000004d99      0xc3d /home/kubitre/dubkov/riot-examples/02button/bin/stm32f0discovery/cortexm_common.a(irq_arch.o)
 .debug_info    0x00000000000059d6     0x1261 /home/kubitre/dubkov/riot-examples/02button/bin/stm32f0discovery/stdio_uart.a(stdio_uart.o)
 .debug_info    0x0000000000006c37     0x170e /home/kubitre/dubkov/riot-examples/02button/bin/stm32f0discovery/stm32_common_periph.a(uart.o)
 .debug_info    0x0000000000008345     0x1a4d /home/kubitre/dubkov/riot-examples/02button/bin/stm32f0discovery/stm32_common_periph.a(gpio.o)
 .debug_info    0x0000000000009d92     0x1cce /home/kubitre/dubkov/riot-examples/02button/bin/stm32f0discovery/xtimer.a(xtimer_core.o)
 .debug_info    0x000000000000ba60     0x10d7 /home/kubitre/dubkov/riot-examples/02button/bin/stm32f0discovery/board.a(board.o)
 .debug_info    0x000000000000cb37      0xc1e /home/kubitre/dubkov/riot-examples/02button/bin/stm32f0discovery/core.a(panic.o)
 .debug_info    0x000000000000d755      0xcf7 /home/kubitre/dubkov/riot-examples/02button/bin/stm32f0discovery/core.a(kernel_init.o)
 .debug_info    0x000000000000e44c     0x1047 /home/kubitre/dubkov/riot-examples/02button/bin/stm32f0discovery/core.a(thread.o)
 .debug_info    0x000000000000f493      0xc94 /home/kubitre/dubkov/riot-examples/02button/bin/stm32f0discovery/cortexm_common_periph.a(pm.o)
 .debug_info    0x0000000000010127     0x162b /home/kubitre/dubkov/riot-examples/02button/bin/stm32f0discovery/isrpipe.a(isrpipe.o)
 .debug_info    0x0000000000011752      0xb61 /home/kubitre/dubkov/riot-examples/02button/bin/stm32f0discovery/stm32_common.a(cpu_init.o)
 .debug_info    0x00000000000122b3     0x11fa /home/kubitre/dubkov/riot-examples/02button/bin/stm32f0discovery/stm32_common.a(cpu_common.o)
 .debug_info    0x00000000000134ad     0x11d4 /home/kubitre/dubkov/riot-examples/02button/bin/stm32f0discovery/stm32_common.a(stmclk.o)
 .debug_info    0x0000000000014681     0x1166 /home/kubitre/dubkov/riot-examples/02button/bin/stm32f0discovery/stm32_common.a(stmclk_common.o)
 .debug_info    0x00000000000157e7     0x159e /home/kubitre/dubkov/riot-examples/02button/bin/stm32f0discovery/stm32_common_periph.a(timer.o)
 .debug_info    0x0000000000016d85      0x39e /home/kubitre/dubkov/riot-examples/02button/bin/stm32f0discovery/tsrb.a(tsrb.o)
 .debug_info    0x0000000000017123       0x3b /home/kubitre/dubkov/riot-examples/02button/bin/stm32f0discovery/periph_common.a(init.o)
 .debug_info    0x000000000001715e     0x12a1 /home/kubitre/dubkov/riot-examples/02button/bin/stm32f0discovery/application_button.a(main.o)
 .debug_info    0x00000000000183ff     0x1030 /home/kubitre/dubkov/riot-examples/02button/bin/stm32f0discovery/auto_init.a(auto_init.o)
 .debug_info    0x000000000001942f      0xe1d /home/kubitre/dubkov/riot-examples/02button/bin/stm32f0discovery/core.a(mutex.o)
 .debug_info    0x000000000001a24c      0xe9c /home/kubitre/dubkov/riot-examples/02button/bin/stm32f0discovery/cortexm_common.a(cortexm_init.o)

.debug_abbrev   0x0000000000000000     0x46ac
 .debug_abbrev  0x0000000000000000       0xaa /home/kubitre/dubkov/riot-examples/02button/bin/stm32f0discovery/cpu/vectors.o
 .debug_abbrev  0x00000000000000aa      0x431 /home/kubitre/dubkov/riot-examples/02button/bin/stm32f0discovery/newlib_syscalls_default/syscalls.o
 .debug_abbrev  0x00000000000004db      0x315 /home/kubitre/dubkov/riot-examples/02button/bin/stm32f0discovery/core.a(sched.o)
 .debug_abbrev  0x00000000000007f0      0x1bf /home/kubitre/dubkov/riot-examples/02button/bin/stm32f0discovery/core.a(bitarithm.o)
 .debug_abbrev  0x00000000000009af      0x33b /home/kubitre/dubkov/riot-examples/02button/bin/stm32f0discovery/cortexm_common.a(thread_arch.o)
 .debug_abbrev  0x0000000000000cea      0x27e /home/kubitre/dubkov/riot-examples/02button/bin/stm32f0discovery/cortexm_common.a(vectors_cortexm.o)
 .debug_abbrev  0x0000000000000f68      0x24f /home/kubitre/dubkov/riot-examples/02button/bin/stm32f0discovery/cortexm_common.a(irq_arch.o)
 .debug_abbrev  0x00000000000011b7      0x24c /home/kubitre/dubkov/riot-examples/02button/bin/stm32f0discovery/stdio_uart.a(stdio_uart.o)
 .debug_abbrev  0x0000000000001403      0x3a3 /home/kubitre/dubkov/riot-examples/02button/bin/stm32f0discovery/stm32_common_periph.a(uart.o)
 .debug_abbrev  0x00000000000017a6      0x376 /home/kubitre/dubkov/riot-examples/02button/bin/stm32f0discovery/stm32_common_periph.a(gpio.o)
 .debug_abbrev  0x0000000000001b1c      0x4fa /home/kubitre/dubkov/riot-examples/02button/bin/stm32f0discovery/xtimer.a(xtimer_core.o)
 .debug_abbrev  0x0000000000002016      0x1fa /home/kubitre/dubkov/riot-examples/02button/bin/stm32f0discovery/board.a(board.o)
 .debug_abbrev  0x0000000000002210      0x224 /home/kubitre/dubkov/riot-examples/02button/bin/stm32f0discovery/core.a(panic.o)
 .debug_abbrev  0x0000000000002434      0x241 /home/kubitre/dubkov/riot-examples/02button/bin/stm32f0discovery/core.a(kernel_init.o)
 .debug_abbrev  0x0000000000002675      0x32a /home/kubitre/dubkov/riot-examples/02button/bin/stm32f0discovery/core.a(thread.o)
 .debug_abbrev  0x000000000000299f      0x247 /home/kubitre/dubkov/riot-examples/02button/bin/stm32f0discovery/cortexm_common_periph.a(pm.o)
 .debug_abbrev  0x0000000000002be6      0x356 /home/kubitre/dubkov/riot-examples/02button/bin/stm32f0discovery/isrpipe.a(isrpipe.o)
 .debug_abbrev  0x0000000000002f3c      0x1f8 /home/kubitre/dubkov/riot-examples/02button/bin/stm32f0discovery/stm32_common.a(cpu_init.o)
 .debug_abbrev  0x0000000000003134      0x28e /home/kubitre/dubkov/riot-examples/02button/bin/stm32f0discovery/stm32_common.a(cpu_common.o)
 .debug_abbrev  0x00000000000033c2      0x207 /home/kubitre/dubkov/riot-examples/02button/bin/stm32f0discovery/stm32_common.a(stmclk.o)
 .debug_abbrev  0x00000000000035c9      0x1c3 /home/kubitre/dubkov/riot-examples/02button/bin/stm32f0discovery/stm32_common.a(stmclk_common.o)
 .debug_abbrev  0x000000000000378c      0x382 /home/kubitre/dubkov/riot-examples/02button/bin/stm32f0discovery/stm32_common_periph.a(timer.o)
 .debug_abbrev  0x0000000000003b0e      0x193 /home/kubitre/dubkov/riot-examples/02button/bin/stm32f0discovery/tsrb.a(tsrb.o)
 .debug_abbrev  0x0000000000003ca1       0x2f /home/kubitre/dubkov/riot-examples/02button/bin/stm32f0discovery/periph_common.a(init.o)
 .debug_abbrev  0x0000000000003cd0      0x2b4 /home/kubitre/dubkov/riot-examples/02button/bin/stm32f0discovery/application_button.a(main.o)
 .debug_abbrev  0x0000000000003f84      0x1e1 /home/kubitre/dubkov/riot-examples/02button/bin/stm32f0discovery/auto_init.a(auto_init.o)
 .debug_abbrev  0x0000000000004165      0x2a3 /home/kubitre/dubkov/riot-examples/02button/bin/stm32f0discovery/core.a(mutex.o)
 .debug_abbrev  0x0000000000004408      0x2a4 /home/kubitre/dubkov/riot-examples/02button/bin/stm32f0discovery/cortexm_common.a(cortexm_init.o)

.debug_aranges  0x0000000000000000      0x6d0
 .debug_aranges
                0x0000000000000000       0x20 /home/kubitre/dubkov/riot-examples/02button/bin/stm32f0discovery/cpu/vectors.o
 .debug_aranges
                0x0000000000000020       0xb8 /home/kubitre/dubkov/riot-examples/02button/bin/stm32f0discovery/newlib_syscalls_default/syscalls.o
 .debug_aranges
                0x00000000000000d8       0x38 /home/kubitre/dubkov/riot-examples/02button/bin/stm32f0discovery/core.a(sched.o)
 .debug_aranges
                0x0000000000000110       0x28 /home/kubitre/dubkov/riot-examples/02button/bin/stm32f0discovery/core.a(bitarithm.o)
 .debug_aranges
                0x0000000000000138       0x60 /home/kubitre/dubkov/riot-examples/02button/bin/stm32f0discovery/cortexm_common.a(thread_arch.o)
 .debug_aranges
                0x0000000000000198       0x40 /home/kubitre/dubkov/riot-examples/02button/bin/stm32f0discovery/cortexm_common.a(vectors_cortexm.o)
 .debug_aranges
                0x00000000000001d8       0x38 /home/kubitre/dubkov/riot-examples/02button/bin/stm32f0discovery/cortexm_common.a(irq_arch.o)
 .debug_aranges
                0x0000000000000210       0x30 /home/kubitre/dubkov/riot-examples/02button/bin/stm32f0discovery/stdio_uart.a(stdio_uart.o)
 .debug_aranges
                0x0000000000000240       0x50 /home/kubitre/dubkov/riot-examples/02button/bin/stm32f0discovery/stm32_common_periph.a(uart.o)
 .debug_aranges
                0x0000000000000290       0x78 /home/kubitre/dubkov/riot-examples/02button/bin/stm32f0discovery/stm32_common_periph.a(gpio.o)
 .debug_aranges
                0x0000000000000308       0x78 /home/kubitre/dubkov/riot-examples/02button/bin/stm32f0discovery/xtimer.a(xtimer_core.o)
 .debug_aranges
                0x0000000000000380       0x20 /home/kubitre/dubkov/riot-examples/02button/bin/stm32f0discovery/board.a(board.o)
 .debug_aranges
                0x00000000000003a0       0x28 /home/kubitre/dubkov/riot-examples/02button/bin/stm32f0discovery/core.a(panic.o)
 .debug_aranges
                0x00000000000003c8       0x30 /home/kubitre/dubkov/riot-examples/02button/bin/stm32f0discovery/core.a(kernel_init.o)
 .debug_aranges
                0x00000000000003f8       0x58 /home/kubitre/dubkov/riot-examples/02button/bin/stm32f0discovery/core.a(thread.o)
 .debug_aranges
                0x0000000000000450       0x28 /home/kubitre/dubkov/riot-examples/02button/bin/stm32f0discovery/cortexm_common_periph.a(pm.o)
 .debug_aranges
                0x0000000000000478       0x48 /home/kubitre/dubkov/riot-examples/02button/bin/stm32f0discovery/isrpipe.a(isrpipe.o)
 .debug_aranges
                0x00000000000004c0       0x20 /home/kubitre/dubkov/riot-examples/02button/bin/stm32f0discovery/stm32_common.a(cpu_init.o)
 .debug_aranges
                0x00000000000004e0       0x38 /home/kubitre/dubkov/riot-examples/02button/bin/stm32f0discovery/stm32_common.a(cpu_common.o)
 .debug_aranges
                0x0000000000000518       0x20 /home/kubitre/dubkov/riot-examples/02button/bin/stm32f0discovery/stm32_common.a(stmclk.o)
 .debug_aranges
                0x0000000000000538       0x48 /home/kubitre/dubkov/riot-examples/02button/bin/stm32f0discovery/stm32_common.a(stmclk_common.o)
 .debug_aranges
                0x0000000000000580       0x50 /home/kubitre/dubkov/riot-examples/02button/bin/stm32f0discovery/stm32_common_periph.a(timer.o)
 .debug_aranges
                0x00000000000005d0       0x48 /home/kubitre/dubkov/riot-examples/02button/bin/stm32f0discovery/tsrb.a(tsrb.o)
 .debug_aranges
                0x0000000000000618       0x20 /home/kubitre/dubkov/riot-examples/02button/bin/stm32f0discovery/periph_common.a(init.o)
 .debug_aranges
                0x0000000000000638       0x28 /home/kubitre/dubkov/riot-examples/02button/bin/stm32f0discovery/application_button.a(main.o)
 .debug_aranges
                0x0000000000000660       0x20 /home/kubitre/dubkov/riot-examples/02button/bin/stm32f0discovery/auto_init.a(auto_init.o)
 .debug_aranges
                0x0000000000000680       0x30 /home/kubitre/dubkov/riot-examples/02button/bin/stm32f0discovery/core.a(mutex.o)
 .debug_aranges
                0x00000000000006b0       0x20 /home/kubitre/dubkov/riot-examples/02button/bin/stm32f0discovery/cortexm_common.a(cortexm_init.o)

.debug_ranges   0x0000000000000000      0xae8
 .debug_ranges  0x0000000000000000       0x10 /home/kubitre/dubkov/riot-examples/02button/bin/stm32f0discovery/cpu/vectors.o
 .debug_ranges  0x0000000000000010       0xe8 /home/kubitre/dubkov/riot-examples/02button/bin/stm32f0discovery/newlib_syscalls_default/syscalls.o
 .debug_ranges  0x00000000000000f8       0x90 /home/kubitre/dubkov/riot-examples/02button/bin/stm32f0discovery/core.a(sched.o)
 .debug_ranges  0x0000000000000188       0x18 /home/kubitre/dubkov/riot-examples/02button/bin/stm32f0discovery/core.a(bitarithm.o)
 .debug_ranges  0x00000000000001a0       0x68 /home/kubitre/dubkov/riot-examples/02button/bin/stm32f0discovery/cortexm_common.a(thread_arch.o)
 .debug_ranges  0x0000000000000208       0x30 /home/kubitre/dubkov/riot-examples/02button/bin/stm32f0discovery/cortexm_common.a(vectors_cortexm.o)
 .debug_ranges  0x0000000000000238       0x28 /home/kubitre/dubkov/riot-examples/02button/bin/stm32f0discovery/cortexm_common.a(irq_arch.o)
 .debug_ranges  0x0000000000000260       0x20 /home/kubitre/dubkov/riot-examples/02button/bin/stm32f0discovery/stdio_uart.a(stdio_uart.o)
 .debug_ranges  0x0000000000000280       0xa0 /home/kubitre/dubkov/riot-examples/02button/bin/stm32f0discovery/stm32_common_periph.a(uart.o)
 .debug_ranges  0x0000000000000320      0x188 /home/kubitre/dubkov/riot-examples/02button/bin/stm32f0discovery/stm32_common_periph.a(gpio.o)
 .debug_ranges  0x00000000000004a8      0x1f8 /home/kubitre/dubkov/riot-examples/02button/bin/stm32f0discovery/xtimer.a(xtimer_core.o)
 .debug_ranges  0x00000000000006a0       0x10 /home/kubitre/dubkov/riot-examples/02button/bin/stm32f0discovery/board.a(board.o)
 .debug_ranges  0x00000000000006b0       0x18 /home/kubitre/dubkov/riot-examples/02button/bin/stm32f0discovery/core.a(panic.o)
 .debug_ranges  0x00000000000006c8       0x20 /home/kubitre/dubkov/riot-examples/02button/bin/stm32f0discovery/core.a(kernel_init.o)
 .debug_ranges  0x00000000000006e8       0x80 /home/kubitre/dubkov/riot-examples/02button/bin/stm32f0discovery/core.a(thread.o)
 .debug_ranges  0x0000000000000768       0x30 /home/kubitre/dubkov/riot-examples/02button/bin/stm32f0discovery/cortexm_common_periph.a(pm.o)
 .debug_ranges  0x0000000000000798       0x80 /home/kubitre/dubkov/riot-examples/02button/bin/stm32f0discovery/isrpipe.a(isrpipe.o)
 .debug_ranges  0x0000000000000818       0x10 /home/kubitre/dubkov/riot-examples/02button/bin/stm32f0discovery/stm32_common.a(cpu_init.o)
 .debug_ranges  0x0000000000000828       0x28 /home/kubitre/dubkov/riot-examples/02button/bin/stm32f0discovery/stm32_common.a(cpu_common.o)
 .debug_ranges  0x0000000000000850       0x10 /home/kubitre/dubkov/riot-examples/02button/bin/stm32f0discovery/stm32_common.a(stmclk.o)
 .debug_ranges  0x0000000000000860       0x38 /home/kubitre/dubkov/riot-examples/02button/bin/stm32f0discovery/stm32_common.a(stmclk_common.o)
 .debug_ranges  0x0000000000000898       0x78 /home/kubitre/dubkov/riot-examples/02button/bin/stm32f0discovery/stm32_common_periph.a(timer.o)
 .debug_ranges  0x0000000000000910       0x88 /home/kubitre/dubkov/riot-examples/02button/bin/stm32f0discovery/tsrb.a(tsrb.o)
 .debug_ranges  0x0000000000000998       0x10 /home/kubitre/dubkov/riot-examples/02button/bin/stm32f0discovery/periph_common.a(init.o)
 .debug_ranges  0x00000000000009a8       0x18 /home/kubitre/dubkov/riot-examples/02button/bin/stm32f0discovery/application_button.a(main.o)
 .debug_ranges  0x00000000000009c0       0x10 /home/kubitre/dubkov/riot-examples/02button/bin/stm32f0discovery/auto_init.a(auto_init.o)
 .debug_ranges  0x00000000000009d0       0x80 /home/kubitre/dubkov/riot-examples/02button/bin/stm32f0discovery/core.a(mutex.o)
 .debug_ranges  0x0000000000000a50       0x98 /home/kubitre/dubkov/riot-examples/02button/bin/stm32f0discovery/cortexm_common.a(cortexm_init.o)

.debug_macro    0x0000000000000000    0x1e2e0
 .debug_macro   0x0000000000000000       0xe3 /home/kubitre/dubkov/riot-examples/02button/bin/stm32f0discovery/cpu/vectors.o
 .debug_macro   0x00000000000000e3      0xa3c /home/kubitre/dubkov/riot-examples/02button/bin/stm32f0discovery/cpu/vectors.o
 .debug_macro   0x0000000000000b1f       0xee /home/kubitre/dubkov/riot-examples/02button/bin/stm32f0discovery/cpu/vectors.o
 .debug_macro   0x0000000000000c0d       0x28 /home/kubitre/dubkov/riot-examples/02button/bin/stm32f0discovery/cpu/vectors.o
 .debug_macro   0x0000000000000c35       0x2e /home/kubitre/dubkov/riot-examples/02button/bin/stm32f0discovery/cpu/vectors.o
 .debug_macro   0x0000000000000c63       0x22 /home/kubitre/dubkov/riot-examples/02button/bin/stm32f0discovery/cpu/vectors.o
 .debug_macro   0x0000000000000c85       0x22 /home/kubitre/dubkov/riot-examples/02button/bin/stm32f0discovery/cpu/vectors.o
 .debug_macro   0x0000000000000ca7       0x56 /home/kubitre/dubkov/riot-examples/02button/bin/stm32f0discovery/cpu/vectors.o
 .debug_macro   0x0000000000000cfd       0x51 /home/kubitre/dubkov/riot-examples/02button/bin/stm32f0discovery/cpu/vectors.o
 .debug_macro   0x0000000000000d4e       0xef /home/kubitre/dubkov/riot-examples/02button/bin/stm32f0discovery/cpu/vectors.o
 .debug_macro   0x0000000000000e3d       0x6a /home/kubitre/dubkov/riot-examples/02button/bin/stm32f0discovery/cpu/vectors.o
 .debug_macro   0x0000000000000ea7      0x1df /home/kubitre/dubkov/riot-examples/02button/bin/stm32f0discovery/cpu/vectors.o
 .debug_macro   0x0000000000001086       0x34 /home/kubitre/dubkov/riot-examples/02button/bin/stm32f0discovery/cpu/vectors.o
 .debug_macro   0x00000000000010ba       0x26 /home/kubitre/dubkov/riot-examples/02button/bin/stm32f0discovery/cpu/vectors.o
 .debug_macro   0x00000000000010e0      0x30d /home/kubitre/dubkov/riot-examples/02button/bin/stm32f0discovery/cpu/vectors.o
 .debug_macro   0x00000000000013ed     0x3dc2 /home/kubitre/dubkov/riot-examples/02button/bin/stm32f0discovery/cpu/vectors.o
 .debug_macro   0x00000000000051af       0x35 /home/kubitre/dubkov/riot-examples/02button/bin/stm32f0discovery/cpu/vectors.o
 .debug_macro   0x00000000000051e4       0x28 /home/kubitre/dubkov/riot-examples/02button/bin/stm32f0discovery/cpu/vectors.o
 .debug_macro   0x000000000000520c       0x16 /home/kubitre/dubkov/riot-examples/02button/bin/stm32f0discovery/cpu/vectors.o
 .debug_macro   0x0000000000005222      0x48f /home/kubitre/dubkov/riot-examples/02button/bin/stm32f0discovery/newlib_syscalls_default/syscalls.o
 .debug_macro   0x00000000000056b1      0xa3c /home/kubitre/dubkov/riot-examples/02button/bin/stm32f0discovery/newlib_syscalls_default/syscalls.o
 .debug_macro   0x00000000000060ed       0x40 /home/kubitre/dubkov/riot-examples/02button/bin/stm32f0discovery/newlib_syscalls_default/syscalls.o
 .debug_macro   0x000000000000612d       0x18 /home/kubitre/dubkov/riot-examples/02button/bin/stm32f0discovery/newlib_syscalls_default/syscalls.o
 .debug_macro   0x0000000000006145       0x5c /home/kubitre/dubkov/riot-examples/02button/bin/stm32f0discovery/newlib_syscalls_default/syscalls.o
 .debug_macro   0x00000000000061a1       0x3c /home/kubitre/dubkov/riot-examples/02button/bin/stm32f0discovery/newlib_syscalls_default/syscalls.o
 .debug_macro   0x00000000000061dd       0x34 /home/kubitre/dubkov/riot-examples/02button/bin/stm32f0discovery/newlib_syscalls_default/syscalls.o
 .debug_macro   0x0000000000006211       0x10 /home/kubitre/dubkov/riot-examples/02button/bin/stm32f0discovery/newlib_syscalls_default/syscalls.o
 .debug_macro   0x0000000000006221       0x57 /home/kubitre/dubkov/riot-examples/02button/bin/stm32f0discovery/newlib_syscalls_default/syscalls.o
 .debug_macro   0x0000000000006278       0xcf /home/kubitre/dubkov/riot-examples/02button/bin/stm32f0discovery/newlib_syscalls_default/syscalls.o
 .debug_macro   0x0000000000006347      0x353 /home/kubitre/dubkov/riot-examples/02button/bin/stm32f0discovery/newlib_syscalls_default/syscalls.o
 .debug_macro   0x000000000000669a       0x10 /home/kubitre/dubkov/riot-examples/02button/bin/stm32f0discovery/newlib_syscalls_default/syscalls.o
 .debug_macro   0x00000000000066aa       0xb7 /home/kubitre/dubkov/riot-examples/02button/bin/stm32f0discovery/newlib_syscalls_default/syscalls.o
 .debug_macro   0x0000000000006761       0x52 /home/kubitre/dubkov/riot-examples/02button/bin/stm32f0discovery/newlib_syscalls_default/syscalls.o
 .debug_macro   0x00000000000067b3       0x1f /home/kubitre/dubkov/riot-examples/02button/bin/stm32f0discovery/newlib_syscalls_default/syscalls.o
 .debug_macro   0x00000000000067d2       0x43 /home/kubitre/dubkov/riot-examples/02button/bin/stm32f0discovery/newlib_syscalls_default/syscalls.o
 .debug_macro   0x0000000000006815       0x20 /home/kubitre/dubkov/riot-examples/02button/bin/stm32f0discovery/newlib_syscalls_default/syscalls.o
 .debug_macro   0x0000000000006835       0xb6 /home/kubitre/dubkov/riot-examples/02button/bin/stm32f0discovery/newlib_syscalls_default/syscalls.o
 .debug_macro   0x00000000000068eb      0x4fe /home/kubitre/dubkov/riot-examples/02button/bin/stm32f0discovery/newlib_syscalls_default/syscalls.o
 .debug_macro   0x0000000000006de9      0x1a3 /home/kubitre/dubkov/riot-examples/02button/bin/stm32f0discovery/newlib_syscalls_default/syscalls.o
 .debug_macro   0x0000000000006f8c       0x10 /home/kubitre/dubkov/riot-examples/02button/bin/stm32f0discovery/newlib_syscalls_default/syscalls.o
 .debug_macro   0x0000000000006f9c       0x35 /home/kubitre/dubkov/riot-examples/02button/bin/stm32f0discovery/newlib_syscalls_default/syscalls.o
 .debug_macro   0x0000000000006fd1       0x10 /home/kubitre/dubkov/riot-examples/02button/bin/stm32f0discovery/newlib_syscalls_default/syscalls.o
 .debug_macro   0x0000000000006fe1      0x241 /home/kubitre/dubkov/riot-examples/02button/bin/stm32f0discovery/newlib_syscalls_default/syscalls.o
 .debug_macro   0x0000000000007222       0x16 /home/kubitre/dubkov/riot-examples/02button/bin/stm32f0discovery/newlib_syscalls_default/syscalls.o
 .debug_macro   0x0000000000007238       0x10 /home/kubitre/dubkov/riot-examples/02button/bin/stm32f0discovery/newlib_syscalls_default/syscalls.o
 .debug_macro   0x0000000000007248       0x16 /home/kubitre/dubkov/riot-examples/02button/bin/stm32f0discovery/newlib_syscalls_default/syscalls.o
 .debug_macro   0x000000000000725e       0xff /home/kubitre/dubkov/riot-examples/02button/bin/stm32f0discovery/newlib_syscalls_default/syscalls.o
 .debug_macro   0x000000000000735d       0x16 /home/kubitre/dubkov/riot-examples/02button/bin/stm32f0discovery/newlib_syscalls_default/syscalls.o
 .debug_macro   0x0000000000007373       0x22 /home/kubitre/dubkov/riot-examples/02button/bin/stm32f0discovery/newlib_syscalls_default/syscalls.o
 .debug_macro   0x0000000000007395       0x16 /home/kubitre/dubkov/riot-examples/02button/bin/stm32f0discovery/newlib_syscalls_default/syscalls.o
 .debug_macro   0x00000000000073ab       0x16 /home/kubitre/dubkov/riot-examples/02button/bin/stm32f0discovery/newlib_syscalls_default/syscalls.o
 .debug_macro   0x00000000000073c1       0x10 /home/kubitre/dubkov/riot-examples/02button/bin/stm32f0discovery/newlib_syscalls_default/syscalls.o
 .debug_macro   0x00000000000073d1       0x10 /home/kubitre/dubkov/riot-examples/02button/bin/stm32f0discovery/newlib_syscalls_default/syscalls.o
 .debug_macro   0x00000000000073e1       0x2e /home/kubitre/dubkov/riot-examples/02button/bin/stm32f0discovery/newlib_syscalls_default/syscalls.o
 .debug_macro   0x000000000000740f       0xf5 /home/kubitre/dubkov/riot-examples/02button/bin/stm32f0discovery/newlib_syscalls_default/syscalls.o
 .debug_macro   0x0000000000007504       0x22 /home/kubitre/dubkov/riot-examples/02button/bin/stm32f0discovery/newlib_syscalls_default/syscalls.o
 .debug_macro   0x0000000000007526       0x2f /home/kubitre/dubkov/riot-examples/02button/bin/stm32f0discovery/newlib_syscalls_default/syscalls.o
 .debug_macro   0x0000000000007555       0x3a /home/kubitre/dubkov/riot-examples/02button/bin/stm32f0discovery/newlib_syscalls_default/syscalls.o
 .debug_macro   0x000000000000758f       0xd6 /home/kubitre/dubkov/riot-examples/02button/bin/stm32f0discovery/newlib_syscalls_default/syscalls.o
 .debug_macro   0x0000000000007665       0x10 /home/kubitre/dubkov/riot-examples/02button/bin/stm32f0discovery/newlib_syscalls_default/syscalls.o
 .debug_macro   0x0000000000007675      0x460 /home/kubitre/dubkov/riot-examples/02button/bin/stm32f0discovery/newlib_syscalls_default/syscalls.o
 .debug_macro   0x0000000000007ad5       0x2b /home/kubitre/dubkov/riot-examples/02button/bin/stm32f0discovery/newlib_syscalls_default/syscalls.o
 .debug_macro   0x0000000000007b00       0xee /home/kubitre/dubkov/riot-examples/02button/bin/stm32f0discovery/newlib_syscalls_default/syscalls.o
 .debug_macro   0x0000000000007bee       0x28 /home/kubitre/dubkov/riot-examples/02button/bin/stm32f0discovery/newlib_syscalls_default/syscalls.o
 .debug_macro   0x0000000000007c16       0x10 /home/kubitre/dubkov/riot-examples/02button/bin/stm32f0discovery/newlib_syscalls_default/syscalls.o
 .debug_macro   0x0000000000007c26       0x12 /home/kubitre/dubkov/riot-examples/02button/bin/stm32f0discovery/newlib_syscalls_default/syscalls.o
 .debug_macro   0x0000000000007c38       0xba /home/kubitre/dubkov/riot-examples/02button/bin/stm32f0discovery/newlib_syscalls_default/syscalls.o
 .debug_macro   0x0000000000007cf2       0x16 /home/kubitre/dubkov/riot-examples/02button/bin/stm32f0discovery/newlib_syscalls_default/syscalls.o
 .debug_macro   0x0000000000007d08       0x58 /home/kubitre/dubkov/riot-examples/02button/bin/stm32f0discovery/newlib_syscalls_default/syscalls.o
 .debug_macro   0x0000000000007d60       0x34 /home/kubitre/dubkov/riot-examples/02button/bin/stm32f0discovery/newlib_syscalls_default/syscalls.o
 .debug_macro   0x0000000000007d94       0x86 /home/kubitre/dubkov/riot-examples/02button/bin/stm32f0discovery/newlib_syscalls_default/syscalls.o
 .debug_macro   0x0000000000007e1a       0x10 /home/kubitre/dubkov/riot-examples/02button/bin/stm32f0discovery/newlib_syscalls_default/syscalls.o
 .debug_macro   0x0000000000007e2a       0x10 /home/kubitre/dubkov/riot-examples/02button/bin/stm32f0discovery/newlib_syscalls_default/syscalls.o
 .debug_macro   0x0000000000007e3a       0x43 /home/kubitre/dubkov/riot-examples/02button/bin/stm32f0discovery/newlib_syscalls_default/syscalls.o
 .debug_macro   0x0000000000007e7d       0x1c /home/kubitre/dubkov/riot-examples/02button/bin/stm32f0discovery/newlib_syscalls_default/syscalls.o
 .debug_macro   0x0000000000007e99       0x34 /home/kubitre/dubkov/riot-examples/02button/bin/stm32f0discovery/newlib_syscalls_default/syscalls.o
 .debug_macro   0x0000000000007ecd       0x16 /home/kubitre/dubkov/riot-examples/02button/bin/stm32f0discovery/newlib_syscalls_default/syscalls.o
 .debug_macro   0x0000000000007ee3       0x77 /home/kubitre/dubkov/riot-examples/02button/bin/stm32f0discovery/newlib_syscalls_default/syscalls.o
 .debug_macro   0x0000000000007f5a       0x58 /home/kubitre/dubkov/riot-examples/02button/bin/stm32f0discovery/newlib_syscalls_default/syscalls.o
 .debug_macro   0x0000000000007fb2       0x10 /home/kubitre/dubkov/riot-examples/02button/bin/stm32f0discovery/newlib_syscalls_default/syscalls.o
 .debug_macro   0x0000000000007fc2       0x10 /home/kubitre/dubkov/riot-examples/02button/bin/stm32f0discovery/newlib_syscalls_default/syscalls.o
 .debug_macro   0x0000000000007fd2      0x300 /home/kubitre/dubkov/riot-examples/02button/bin/stm32f0discovery/core.a(sched.o)
 .debug_macro   0x00000000000082d2      0xa3c /home/kubitre/dubkov/riot-examples/02button/bin/stm32f0discovery/core.a(sched.o)
 .debug_macro   0x0000000000008d0e      0x16d /home/kubitre/dubkov/riot-examples/02button/bin/stm32f0discovery/core.a(sched.o)
 .debug_macro   0x0000000000008e7b       0x46 /home/kubitre/dubkov/riot-examples/02button/bin/stm32f0discovery/core.a(sched.o)
 .debug_macro   0x0000000000008ec1       0x3a /home/kubitre/dubkov/riot-examples/02button/bin/stm32f0discovery/core.a(sched.o)
 .debug_macro   0x0000000000008efb       0x25 /home/kubitre/dubkov/riot-examples/02button/bin/stm32f0discovery/core.a(sched.o)
 .debug_macro   0x0000000000008f20       0x2e /home/kubitre/dubkov/riot-examples/02button/bin/stm32f0discovery/core.a(sched.o)
 .debug_macro   0x0000000000008f4e       0x1c /home/kubitre/dubkov/riot-examples/02button/bin/stm32f0discovery/core.a(sched.o)
 .debug_macro   0x0000000000008f6a      0x114 /home/kubitre/dubkov/riot-examples/02button/bin/stm32f0discovery/core.a(sched.o)
 .debug_macro   0x000000000000907e       0x1c /home/kubitre/dubkov/riot-examples/02button/bin/stm32f0discovery/core.a(sched.o)
 .debug_macro   0x000000000000909a      0x1cb /home/kubitre/dubkov/riot-examples/02button/bin/stm32f0discovery/core.a(bitarithm.o)
 .debug_macro   0x0000000000009265      0xa3c /home/kubitre/dubkov/riot-examples/02button/bin/stm32f0discovery/core.a(bitarithm.o)
 .debug_macro   0x0000000000009ca1       0x97 /home/kubitre/dubkov/riot-examples/02button/bin/stm32f0discovery/core.a(bitarithm.o)
 .debug_macro   0x0000000000009d38       0xf6 /home/kubitre/dubkov/riot-examples/02button/bin/stm32f0discovery/core.a(bitarithm.o)
 .debug_macro   0x0000000000009e2e      0x2e8 /home/kubitre/dubkov/riot-examples/02button/bin/stm32f0discovery/cortexm_common.a(thread_arch.o)
 .debug_macro   0x000000000000a116      0xa3c /home/kubitre/dubkov/riot-examples/02button/bin/stm32f0discovery/cortexm_common.a(thread_arch.o)
 .debug_macro   0x000000000000ab52       0x1c /home/kubitre/dubkov/riot-examples/02button/bin/stm32f0discovery/cortexm_common.a(thread_arch.o)
 .debug_macro   0x000000000000ab6e      0x301 /home/kubitre/dubkov/riot-examples/02button/bin/stm32f0discovery/cortexm_common.a(vectors_cortexm.o)
 .debug_macro   0x000000000000ae6f      0xa3c /home/kubitre/dubkov/riot-examples/02button/bin/stm32f0discovery/cortexm_common.a(vectors_cortexm.o)
 .debug_macro   0x000000000000b8ab       0x16 /home/kubitre/dubkov/riot-examples/02button/bin/stm32f0discovery/cortexm_common.a(vectors_cortexm.o)
 .debug_macro   0x000000000000b8c1       0x1c /home/kubitre/dubkov/riot-examples/02button/bin/stm32f0discovery/cortexm_common.a(vectors_cortexm.o)
 .debug_macro   0x000000000000b8dd      0x2d8 /home/kubitre/dubkov/riot-examples/02button/bin/stm32f0discovery/cortexm_common.a(irq_arch.o)
 .debug_macro   0x000000000000bbb5      0xa3c /home/kubitre/dubkov/riot-examples/02button/bin/stm32f0discovery/cortexm_common.a(irq_arch.o)
 .debug_macro   0x000000000000c5f1      0x3b1 /home/kubitre/dubkov/riot-examples/02button/bin/stm32f0discovery/stdio_uart.a(stdio_uart.o)
 .debug_macro   0x000000000000c9a2      0xa3c /home/kubitre/dubkov/riot-examples/02button/bin/stm32f0discovery/stdio_uart.a(stdio_uart.o)
 .debug_macro   0x000000000000d3de       0x52 /home/kubitre/dubkov/riot-examples/02button/bin/stm32f0discovery/stdio_uart.a(stdio_uart.o)
 .debug_macro   0x000000000000d430       0x16 /home/kubitre/dubkov/riot-examples/02button/bin/stm32f0discovery/stdio_uart.a(stdio_uart.o)
 .debug_macro   0x000000000000d446       0x16 /home/kubitre/dubkov/riot-examples/02button/bin/stm32f0discovery/stdio_uart.a(stdio_uart.o)
 .debug_macro   0x000000000000d45c       0x10 /home/kubitre/dubkov/riot-examples/02button/bin/stm32f0discovery/stdio_uart.a(stdio_uart.o)
 .debug_macro   0x000000000000d46c      0x335 /home/kubitre/dubkov/riot-examples/02button/bin/stm32f0discovery/stm32_common_periph.a(uart.o)
 .debug_macro   0x000000000000d7a1      0xa3c /home/kubitre/dubkov/riot-examples/02button/bin/stm32f0discovery/stm32_common_periph.a(uart.o)
 .debug_macro   0x000000000000e1dd       0x10 /home/kubitre/dubkov/riot-examples/02button/bin/stm32f0discovery/stm32_common_periph.a(uart.o)
 .debug_macro   0x000000000000e1ed      0x307 /home/kubitre/dubkov/riot-examples/02button/bin/stm32f0discovery/stm32_common_periph.a(gpio.o)
 .debug_macro   0x000000000000e4f4      0xa3c /home/kubitre/dubkov/riot-examples/02button/bin/stm32f0discovery/stm32_common_periph.a(gpio.o)
 .debug_macro   0x000000000000ef30      0x3ac /home/kubitre/dubkov/riot-examples/02button/bin/stm32f0discovery/xtimer.a(xtimer_core.o)
 .debug_macro   0x000000000000f2dc      0xa3c /home/kubitre/dubkov/riot-examples/02button/bin/stm32f0discovery/xtimer.a(xtimer_core.o)
 .debug_macro   0x000000000000fd18       0x10 /home/kubitre/dubkov/riot-examples/02button/bin/stm32f0discovery/xtimer.a(xtimer_core.o)
 .debug_macro   0x000000000000fd28       0x16 /home/kubitre/dubkov/riot-examples/02button/bin/stm32f0discovery/xtimer.a(xtimer_core.o)
 .debug_macro   0x000000000000fd3e      0x310 /home/kubitre/dubkov/riot-examples/02button/bin/stm32f0discovery/board.a(board.o)
 .debug_macro   0x000000000001004e      0xa3c /home/kubitre/dubkov/riot-examples/02button/bin/stm32f0discovery/board.a(board.o)
 .debug_macro   0x0000000000010a8a      0x320 /home/kubitre/dubkov/riot-examples/02button/bin/stm32f0discovery/core.a(panic.o)
 .debug_macro   0x0000000000010daa      0xa3c /home/kubitre/dubkov/riot-examples/02button/bin/stm32f0discovery/core.a(panic.o)
 .debug_macro   0x00000000000117e6      0x363 /home/kubitre/dubkov/riot-examples/02button/bin/stm32f0discovery/core.a(kernel_init.o)
 .debug_macro   0x0000000000011b49      0xa3c /home/kubitre/dubkov/riot-examples/02button/bin/stm32f0discovery/core.a(kernel_init.o)
 .debug_macro   0x0000000000012585      0x23b /home/kubitre/dubkov/riot-examples/02button/bin/stm32f0discovery/core.a(kernel_init.o)
 .debug_macro   0x00000000000127c0       0xdc /home/kubitre/dubkov/riot-examples/02button/bin/stm32f0discovery/core.a(kernel_init.o)
 .debug_macro   0x000000000001289c      0x302 /home/kubitre/dubkov/riot-examples/02button/bin/stm32f0discovery/core.a(thread.o)
 .debug_macro   0x0000000000012b9e      0xa3c /home/kubitre/dubkov/riot-examples/02button/bin/stm32f0discovery/core.a(thread.o)
 .debug_macro   0x00000000000135da      0x2f8 /home/kubitre/dubkov/riot-examples/02button/bin/stm32f0discovery/cortexm_common_periph.a(pm.o)
 .debug_macro   0x00000000000138d2      0xa3c /home/kubitre/dubkov/riot-examples/02button/bin/stm32f0discovery/cortexm_common_periph.a(pm.o)
 .debug_macro   0x000000000001430e      0x3d0 /home/kubitre/dubkov/riot-examples/02button/bin/stm32f0discovery/isrpipe.a(isrpipe.o)
 .debug_macro   0x00000000000146de      0xa3c /home/kubitre/dubkov/riot-examples/02button/bin/stm32f0discovery/isrpipe.a(isrpipe.o)
 .debug_macro   0x000000000001511a       0x2e /home/kubitre/dubkov/riot-examples/02button/bin/stm32f0discovery/isrpipe.a(isrpipe.o)
 .debug_macro   0x0000000000015148       0x71 /home/kubitre/dubkov/riot-examples/02button/bin/stm32f0discovery/isrpipe.a(isrpipe.o)
 .debug_macro   0x00000000000151b9      0x304 /home/kubitre/dubkov/riot-examples/02button/bin/stm32f0discovery/stm32_common.a(cpu_init.o)
 .debug_macro   0x00000000000154bd      0xa3c /home/kubitre/dubkov/riot-examples/02button/bin/stm32f0discovery/stm32_common.a(cpu_init.o)
 .debug_macro   0x0000000000015ef9      0x318 /home/kubitre/dubkov/riot-examples/02button/bin/stm32f0discovery/stm32_common.a(cpu_common.o)
 .debug_macro   0x0000000000016211      0xa3c /home/kubitre/dubkov/riot-examples/02button/bin/stm32f0discovery/stm32_common.a(cpu_common.o)
 .debug_macro   0x0000000000016c4d      0x32a /home/kubitre/dubkov/riot-examples/02button/bin/stm32f0discovery/stm32_common.a(stmclk.o)
 .debug_macro   0x0000000000016f77      0xa3c /home/kubitre/dubkov/riot-examples/02button/bin/stm32f0discovery/stm32_common.a(stmclk.o)
 .debug_macro   0x00000000000179b3      0x321 /home/kubitre/dubkov/riot-examples/02button/bin/stm32f0discovery/stm32_common.a(stmclk_common.o)
 .debug_macro   0x0000000000017cd4      0xa3c /home/kubitre/dubkov/riot-examples/02button/bin/stm32f0discovery/stm32_common.a(stmclk_common.o)
 .debug_macro   0x0000000000018710      0x310 /home/kubitre/dubkov/riot-examples/02button/bin/stm32f0discovery/stm32_common_periph.a(timer.o)
 .debug_macro   0x0000000000018a20      0xa3c /home/kubitre/dubkov/riot-examples/02button/bin/stm32f0discovery/stm32_common_periph.a(timer.o)
 .debug_macro   0x000000000001945c       0x5f /home/kubitre/dubkov/riot-examples/02button/bin/stm32f0discovery/tsrb.a(tsrb.o)
 .debug_macro   0x00000000000194bb      0xa3c /home/kubitre/dubkov/riot-examples/02button/bin/stm32f0discovery/tsrb.a(tsrb.o)
 .debug_macro   0x0000000000019ef7       0x1a /home/kubitre/dubkov/riot-examples/02button/bin/stm32f0discovery/periph_common.a(init.o)
 .debug_macro   0x0000000000019f11      0xa3c /home/kubitre/dubkov/riot-examples/02button/bin/stm32f0discovery/periph_common.a(init.o)
 .debug_macro   0x000000000001a94d      0x3b2 /home/kubitre/dubkov/riot-examples/02button/bin/stm32f0discovery/application_button.a(main.o)
 .debug_macro   0x000000000001acff      0xa3c /home/kubitre/dubkov/riot-examples/02button/bin/stm32f0discovery/application_button.a(main.o)
 .debug_macro   0x000000000001b73b       0x82 /home/kubitre/dubkov/riot-examples/02button/bin/stm32f0discovery/application_button.a(main.o)
 .debug_macro   0x000000000001b7bd       0xfd /home/kubitre/dubkov/riot-examples/02button/bin/stm32f0discovery/application_button.a(main.o)
 .debug_macro   0x000000000001b8ba      0x3bc /home/kubitre/dubkov/riot-examples/02button/bin/stm32f0discovery/auto_init.a(auto_init.o)
 .debug_macro   0x000000000001bc76      0xa3c /home/kubitre/dubkov/riot-examples/02button/bin/stm32f0discovery/auto_init.a(auto_init.o)
 .debug_macro   0x000000000001c6b2      0x2f9 /home/kubitre/dubkov/riot-examples/02button/bin/stm32f0discovery/core.a(mutex.o)
 .debug_macro   0x000000000001c9ab      0xa3c /home/kubitre/dubkov/riot-examples/02button/bin/stm32f0discovery/core.a(mutex.o)
 .debug_macro   0x000000000001d3e7      0x1e5 /home/kubitre/dubkov/riot-examples/02button/bin/stm32f0discovery/core.a(mutex.o)
 .debug_macro   0x000000000001d5cc      0x2d8 /home/kubitre/dubkov/riot-examples/02button/bin/stm32f0discovery/cortexm_common.a(cortexm_init.o)
 .debug_macro   0x000000000001d8a4      0xa3c /home/kubitre/dubkov/riot-examples/02button/bin/stm32f0discovery/cortexm_common.a(cortexm_init.o)

.debug_line     0x0000000000000000     0xa8f9
 .debug_line    0x0000000000000000      0x30c /home/kubitre/dubkov/riot-examples/02button/bin/stm32f0discovery/cpu/vectors.o
 .debug_line    0x000000000000030c      0x96b /home/kubitre/dubkov/riot-examples/02button/bin/stm32f0discovery/newlib_syscalls_default/syscalls.o
 .debug_line    0x0000000000000c77      0x5da /home/kubitre/dubkov/riot-examples/02button/bin/stm32f0discovery/core.a(sched.o)
 .debug_line    0x0000000000001251      0x43b /home/kubitre/dubkov/riot-examples/02button/bin/stm32f0discovery/core.a(bitarithm.o)
 .debug_line    0x000000000000168c      0x628 /home/kubitre/dubkov/riot-examples/02button/bin/stm32f0discovery/cortexm_common.a(thread_arch.o)
 .debug_line    0x0000000000001cb4      0x608 /home/kubitre/dubkov/riot-examples/02button/bin/stm32f0discovery/cortexm_common.a(vectors_cortexm.o)
 .debug_line    0x00000000000022bc      0x588 /home/kubitre/dubkov/riot-examples/02button/bin/stm32f0discovery/cortexm_common.a(irq_arch.o)
 .debug_line    0x0000000000002844      0x6cb /home/kubitre/dubkov/riot-examples/02button/bin/stm32f0discovery/stdio_uart.a(stdio_uart.o)
 .debug_line    0x0000000000002f0f      0x73f /home/kubitre/dubkov/riot-examples/02button/bin/stm32f0discovery/stm32_common_periph.a(uart.o)
 .debug_line    0x000000000000364e      0x807 /home/kubitre/dubkov/riot-examples/02button/bin/stm32f0discovery/stm32_common_periph.a(gpio.o)
 .debug_line    0x0000000000003e55      0x96f /home/kubitre/dubkov/riot-examples/02button/bin/stm32f0discovery/xtimer.a(xtimer_core.o)
 .debug_line    0x00000000000047c4      0x612 /home/kubitre/dubkov/riot-examples/02button/bin/stm32f0discovery/board.a(board.o)
 .debug_line    0x0000000000004dd6      0x5e4 /home/kubitre/dubkov/riot-examples/02button/bin/stm32f0discovery/core.a(panic.o)
 .debug_line    0x00000000000053ba      0x645 /home/kubitre/dubkov/riot-examples/02button/bin/stm32f0discovery/core.a(kernel_init.o)
 .debug_line    0x00000000000059ff      0x655 /home/kubitre/dubkov/riot-examples/02button/bin/stm32f0discovery/core.a(thread.o)
 .debug_line    0x0000000000006054      0x602 /home/kubitre/dubkov/riot-examples/02button/bin/stm32f0discovery/cortexm_common_periph.a(pm.o)
 .debug_line    0x0000000000006656      0x7a5 /home/kubitre/dubkov/riot-examples/02button/bin/stm32f0discovery/isrpipe.a(isrpipe.o)
 .debug_line    0x0000000000006dfb      0x5cb /home/kubitre/dubkov/riot-examples/02button/bin/stm32f0discovery/stm32_common.a(cpu_init.o)
 .debug_line    0x00000000000073c6      0x62d /home/kubitre/dubkov/riot-examples/02button/bin/stm32f0discovery/stm32_common.a(cpu_common.o)
 .debug_line    0x00000000000079f3      0x604 /home/kubitre/dubkov/riot-examples/02button/bin/stm32f0discovery/stm32_common.a(stmclk.o)
 .debug_line    0x0000000000007ff7      0x648 /home/kubitre/dubkov/riot-examples/02button/bin/stm32f0discovery/stm32_common.a(stmclk_common.o)
 .debug_line    0x000000000000863f      0x6fc /home/kubitre/dubkov/riot-examples/02button/bin/stm32f0discovery/stm32_common_periph.a(timer.o)
 .debug_line    0x0000000000008d3b      0x224 /home/kubitre/dubkov/riot-examples/02button/bin/stm32f0discovery/tsrb.a(tsrb.o)
 .debug_line    0x0000000000008f5f       0xc1 /home/kubitre/dubkov/riot-examples/02button/bin/stm32f0discovery/periph_common.a(init.o)
 .debug_line    0x0000000000009020      0x6ed /home/kubitre/dubkov/riot-examples/02button/bin/stm32f0discovery/application_button.a(main.o)
 .debug_line    0x000000000000970d      0x6da /home/kubitre/dubkov/riot-examples/02button/bin/stm32f0discovery/auto_init.a(auto_init.o)
 .debug_line    0x0000000000009de7      0x5aa /home/kubitre/dubkov/riot-examples/02button/bin/stm32f0discovery/core.a(mutex.o)
 .debug_line    0x000000000000a391      0x568 /home/kubitre/dubkov/riot-examples/02button/bin/stm32f0discovery/cortexm_common.a(cortexm_init.o)

.debug_str      0x0000000000000000    0x26948
 .debug_str     0x0000000000000000    0x1c236 /home/kubitre/dubkov/riot-examples/02button/bin/stm32f0discovery/cpu/vectors.o
                                      0x1c3a4 (size before relaxing)
 .debug_str     0x000000000001c236     0x817e /home/kubitre/dubkov/riot-examples/02button/bin/stm32f0discovery/newlib_syscalls_default/syscalls.o
                                      0x24698 (size before relaxing)
 .debug_str     0x00000000000243b4      0x294 /home/kubitre/dubkov/riot-examples/02button/bin/stm32f0discovery/core.a(sched.o)
                                      0x21ec5 (size before relaxing)
 .debug_str     0x0000000000024648       0x95 /home/kubitre/dubkov/riot-examples/02button/bin/stm32f0discovery/core.a(bitarithm.o)
                                      0x1ff38 (size before relaxing)
 .debug_str     0x00000000000246dd      0x225 /home/kubitre/dubkov/riot-examples/02button/bin/stm32f0discovery/cortexm_common.a(thread_arch.o)
                                      0x21dc2 (size before relaxing)
 .debug_str     0x0000000000024902      0x2ca /home/kubitre/dubkov/riot-examples/02button/bin/stm32f0discovery/cortexm_common.a(vectors_cortexm.o)
                                      0x2208e (size before relaxing)
 .debug_str     0x0000000000024bcc       0xd1 /home/kubitre/dubkov/riot-examples/02button/bin/stm32f0discovery/cortexm_common.a(irq_arch.o)
                                      0x21c69 (size before relaxing)
 .debug_str     0x0000000000024c9d      0x251 /home/kubitre/dubkov/riot-examples/02button/bin/stm32f0discovery/stdio_uart.a(stdio_uart.o)
                                      0x236cd (size before relaxing)
 .debug_str     0x0000000000024eee      0x472 /home/kubitre/dubkov/riot-examples/02button/bin/stm32f0discovery/stm32_common_periph.a(uart.o)
                                      0x22733 (size before relaxing)
 .debug_str     0x0000000000025360      0x205 /home/kubitre/dubkov/riot-examples/02button/bin/stm32f0discovery/stm32_common_periph.a(gpio.o)
                                      0x226f8 (size before relaxing)
 .debug_str     0x0000000000025565      0x333 /home/kubitre/dubkov/riot-examples/02button/bin/stm32f0discovery/xtimer.a(xtimer_core.o)
                                      0x22b1b (size before relaxing)
 .debug_str     0x0000000000025898       0xc1 /home/kubitre/dubkov/riot-examples/02button/bin/stm32f0discovery/board.a(board.o)
                                      0x2249f (size before relaxing)
 .debug_str     0x0000000000025959       0x97 /home/kubitre/dubkov/riot-examples/02button/bin/stm32f0discovery/core.a(panic.o)
                                      0x2207e (size before relaxing)
 .debug_str     0x00000000000259f0       0xe8 /home/kubitre/dubkov/riot-examples/02button/bin/stm32f0discovery/core.a(kernel_init.o)
                                      0x22573 (size before relaxing)
 .debug_str     0x0000000000025ad8      0x13b /home/kubitre/dubkov/riot-examples/02button/bin/stm32f0discovery/core.a(thread.o)
                                      0x22214 (size before relaxing)
 .debug_str     0x0000000000025c13       0xeb /home/kubitre/dubkov/riot-examples/02button/bin/stm32f0discovery/cortexm_common_periph.a(pm.o)
                                      0x21ecb (size before relaxing)
 .debug_str     0x0000000000025cfe      0x174 /home/kubitre/dubkov/riot-examples/02button/bin/stm32f0discovery/isrpipe.a(isrpipe.o)
                                      0x22e0c (size before relaxing)
 .debug_str     0x0000000000025e72      0x111 /home/kubitre/dubkov/riot-examples/02button/bin/stm32f0discovery/stm32_common.a(cpu_init.o)
                                      0x21e9b (size before relaxing)
 .debug_str     0x0000000000025f83       0xea /home/kubitre/dubkov/riot-examples/02button/bin/stm32f0discovery/stm32_common.a(cpu_common.o)
                                      0x223cb (size before relaxing)
 .debug_str     0x000000000002606d      0x1cb /home/kubitre/dubkov/riot-examples/02button/bin/stm32f0discovery/stm32_common.a(stmclk.o)
                                      0x22453 (size before relaxing)
 .debug_str     0x0000000000026238      0x14e /home/kubitre/dubkov/riot-examples/02button/bin/stm32f0discovery/stm32_common.a(stmclk_common.o)
                                      0x223c2 (size before relaxing)
 .debug_str     0x0000000000026386       0xd9 /home/kubitre/dubkov/riot-examples/02button/bin/stm32f0discovery/stm32_common_periph.a(timer.o)
                                      0x225dc (size before relaxing)
 .debug_str     0x000000000002645f       0xc8 /home/kubitre/dubkov/riot-examples/02button/bin/stm32f0discovery/tsrb.a(tsrb.o)
                                       0x3617 (size before relaxing)
 .debug_str     0x0000000000026527       0xaf /home/kubitre/dubkov/riot-examples/02button/bin/stm32f0discovery/periph_common.a(init.o)
                                       0x302d (size before relaxing)
 .debug_str     0x00000000000265d6      0x10b /home/kubitre/dubkov/riot-examples/02button/bin/stm32f0discovery/application_button.a(main.o)
                                      0x2289b (size before relaxing)
 .debug_str     0x00000000000266e1       0xa6 /home/kubitre/dubkov/riot-examples/02button/bin/stm32f0discovery/auto_init.a(auto_init.o)
                                      0x227fd (size before relaxing)
 .debug_str     0x0000000000026787       0xad /home/kubitre/dubkov/riot-examples/02button/bin/stm32f0discovery/core.a(mutex.o)
                                      0x21d3f (size before relaxing)
 .debug_str     0x0000000000026834      0x114 /home/kubitre/dubkov/riot-examples/02button/bin/stm32f0discovery/cortexm_common.a(cortexm_init.o)
                                      0x21ecf (size before relaxing)

.comment        0x0000000000000000       0x7f
 .comment       0x0000000000000000       0x7f /home/kubitre/dubkov/riot-examples/02button/bin/stm32f0discovery/cpu/vectors.o
                                         0x80 (size before relaxing)
 .comment       0x000000000000007f       0x80 /home/kubitre/dubkov/riot-examples/02button/bin/stm32f0discovery/newlib_syscalls_default/syscalls.o
 .comment       0x000000000000007f       0x80 /home/kubitre/dubkov/riot-examples/02button/bin/stm32f0discovery/core.a(sched.o)
 .comment       0x000000000000007f       0x80 /home/kubitre/dubkov/riot-examples/02button/bin/stm32f0discovery/core.a(bitarithm.o)
 .comment       0x000000000000007f       0x80 /home/kubitre/dubkov/riot-examples/02button/bin/stm32f0discovery/cortexm_common.a(thread_arch.o)
 .comment       0x000000000000007f       0x80 /home/kubitre/dubkov/riot-examples/02button/bin/stm32f0discovery/cortexm_common.a(vectors_cortexm.o)
 .comment       0x000000000000007f       0x80 /home/kubitre/dubkov/riot-examples/02button/bin/stm32f0discovery/cortexm_common.a(irq_arch.o)
 .comment       0x000000000000007f       0x80 /home/kubitre/dubkov/riot-examples/02button/bin/stm32f0discovery/stdio_uart.a(stdio_uart.o)
 .comment       0x000000000000007f       0x80 /home/kubitre/dubkov/riot-examples/02button/bin/stm32f0discovery/stm32_common_periph.a(uart.o)