Archive member included to satisfy reference by file (symbol)

/home/kubitre/dubkov/riot-examples/05adc/bin/stm32f0discovery/core.a(sched.o)
                              /home/kubitre/dubkov/riot-examples/05adc/bin/stm32f0discovery/newlib_syscalls_default/syscalls.o (sched_active_pid)
/home/kubitre/dubkov/riot-examples/05adc/bin/stm32f0discovery/core.a(bitarithm.o)
                              /home/kubitre/dubkov/riot-examples/05adc/bin/stm32f0discovery/core.a(sched.o) (MultiplyDeBruijnBitPosition)
/home/kubitre/dubkov/riot-examples/05adc/bin/stm32f0discovery/cortexm_common.a(thread_arch.o)
                              /home/kubitre/dubkov/riot-examples/05adc/bin/stm32f0discovery/core.a(sched.o) (cpu_switch_context_exit)
/home/kubitre/dubkov/riot-examples/05adc/bin/stm32f0discovery/cortexm_common.a(vectors_cortexm.o)
                              /home/kubitre/dubkov/riot-examples/05adc/bin/stm32f0discovery/cpu/vectors.o (dummy_handler_default)
/home/kubitre/dubkov/riot-examples/05adc/bin/stm32f0discovery/cortexm_common.a(irq_arch.o)
                              /home/kubitre/dubkov/riot-examples/05adc/bin/stm32f0discovery/newlib_syscalls_default/syscalls.o (irq_disable)
/home/kubitre/dubkov/riot-examples/05adc/bin/stm32f0discovery/div.a(div.o)
                              /home/kubitre/dubkov/riot-examples/05adc/bin/stm32f0discovery/newlib_syscalls_default/syscalls.o (_div_mulhi64)
/home/kubitre/dubkov/riot-examples/05adc/bin/stm32f0discovery/stdio_uart.a(stdio_uart.o)
                              /home/kubitre/dubkov/riot-examples/05adc/bin/stm32f0discovery/newlib_syscalls_default/syscalls.o (stdio_init)
/home/kubitre/dubkov/riot-examples/05adc/bin/stm32f0discovery/stm32_common_periph.a(uart.o)
                              /home/kubitre/dubkov/riot-examples/05adc/bin/stm32f0discovery/stdio_uart.a(stdio_uart.o) (uart_write)
/home/kubitre/dubkov/riot-examples/05adc/bin/stm32f0discovery/stm32_common_periph.a(gpio.o)
                              /home/kubitre/dubkov/riot-examples/05adc/bin/stm32f0discovery/stm32_common_periph.a(uart.o) (gpio_init)
/home/kubitre/dubkov/riot-examples/05adc/bin/stm32f0discovery/xtimer.a(xtimer_core.o)
                              /home/kubitre/dubkov/riot-examples/05adc/bin/stm32f0discovery/newlib_syscalls_default/syscalls.o (_xtimer_now64)
/home/kubitre/dubkov/riot-examples/05adc/bin/stm32f0discovery/periph_common.a(pm.o)
                              /home/kubitre/dubkov/riot-examples/05adc/bin/stm32f0discovery/newlib_syscalls_default/syscalls.o (pm_off)
/home/kubitre/dubkov/riot-examples/05adc/bin/stm32f0discovery/board.a(board.o)
                              /home/kubitre/dubkov/riot-examples/05adc/bin/stm32f0discovery/cortexm_common.a(vectors_cortexm.o) (board_init)
/home/kubitre/dubkov/riot-examples/05adc/bin/stm32f0discovery/core.a(panic.o)
                              /home/kubitre/dubkov/riot-examples/05adc/bin/stm32f0discovery/cortexm_common.a(vectors_cortexm.o) (core_panic)
/home/kubitre/dubkov/riot-examples/05adc/bin/stm32f0discovery/core.a(kernel_init.o)
                              /home/kubitre/dubkov/riot-examples/05adc/bin/stm32f0discovery/cortexm_common.a(vectors_cortexm.o) (kernel_init)
/home/kubitre/dubkov/riot-examples/05adc/bin/stm32f0discovery/core.a(thread.o)
                              /home/kubitre/dubkov/riot-examples/05adc/bin/stm32f0discovery/core.a(kernel_init.o) (thread_create)
/home/kubitre/dubkov/riot-examples/05adc/bin/stm32f0discovery/cortexm_common_periph.a(pm.o)
                              /home/kubitre/dubkov/riot-examples/05adc/bin/stm32f0discovery/core.a(kernel_init.o) (pm_set_lowest)
/home/kubitre/dubkov/riot-examples/05adc/bin/stm32f0discovery/isrpipe.a(isrpipe.o)
                              /home/kubitre/dubkov/riot-examples/05adc/bin/stm32f0discovery/stdio_uart.a(stdio_uart.o) (isrpipe_write_one)
/home/kubitre/dubkov/riot-examples/05adc/bin/stm32f0discovery/stm32_common.a(cpu_init.o)
                              /home/kubitre/dubkov/riot-examples/05adc/bin/stm32f0discovery/board.a(board.o) (cpu_init)
/home/kubitre/dubkov/riot-examples/05adc/bin/stm32f0discovery/stm32_common.a(cpu_common.o)
                              /home/kubitre/dubkov/riot-examples/05adc/bin/stm32f0discovery/stm32_common_periph.a(uart.o) (periph_apb_clk)
/home/kubitre/dubkov/riot-examples/05adc/bin/stm32f0discovery/stm32_common.a(stmclk.o)
                              /home/kubitre/dubkov/riot-examples/05adc/bin/stm32f0discovery/stm32_common.a(cpu_init.o) (stmclk_init_sysclk)
/home/kubitre/dubkov/riot-examples/05adc/bin/stm32f0discovery/stm32_common.a(stmclk_common.o)
                              /home/kubitre/dubkov/riot-examples/05adc/bin/stm32f0discovery/stm32_common.a(stmclk.o) (stmclk_enable_hsi)
/home/kubitre/dubkov/riot-examples/05adc/bin/stm32f0discovery/stm32_common_periph.a(timer.o)
                              /home/kubitre/dubkov/riot-examples/05adc/bin/stm32f0discovery/xtimer.a(xtimer_core.o) (timer_set_absolute)
[...]
Memory Configuration

Name             Origin             Length             Attributes
ccmram           0x0000000010000000 0x0000000000000000
rom              0x0000000008000000 0x0000000000010000 xr
ram              0x0000000020000000 0x0000000000002000 w !xr
*default*        0x0000000000000000 0xffffffffffffffff

Linker script and memory map

LOAD /home/kubitre/dubkov/riot-examples/05adc/bin/stm32f0discovery/cpu/vectors.o
LOAD /home/kubitre/dubkov/riot-examples/05adc/bin/stm32f0discovery/newlib_syscalls_default/syscalls.o
START GROUP
LOAD /home/kubitre/dubkov/riot-examples/05adc/bin/stm32f0discovery/application_adc.a
LOAD /home/kubitre/dubkov/riot-examples/05adc/bin/stm32f0discovery/auto_init.a
LOAD /home/kubitre/dubkov/riot-examples/05adc/bin/stm32f0discovery/board.a
LOAD /home/kubitre/dubkov/riot-examples/05adc/bin/stm32f0discovery/core.a
LOAD /home/kubitre/dubkov/riot-examples/05adc/bin/stm32f0discovery/cortexm_common.a
LOAD /home/kubitre/dubkov/riot-examples/05adc/bin/stm32f0discovery/cortexm_common_periph.a
LOAD /home/kubitre/dubkov/riot-examples/05adc/bin/stm32f0discovery/cpu.a
LOAD /home/kubitre/dubkov/riot-examples/05adc/bin/stm32f0discovery/div.a
LOAD /home/kubitre/dubkov/riot-examples/05adc/bin/stm32f0discovery/isrpipe.a
LOAD /home/kubitre/dubkov/riot-examples/05adc/bin/stm32f0discovery/newlib_syscalls_default.a
LOAD /home/kubitre/dubkov/riot-examples/05adc/bin/stm32f0discovery/periph.a
LOAD /home/kubitre/dubkov/riot-examples/05adc/bin/stm32f0discovery/stdio_uart.a
LOAD /home/kubitre/dubkov/riot-examples/05adc/bin/stm32f0discovery/stm32_common.a
LOAD /home/kubitre/dubkov/riot-examples/05adc/bin/stm32f0discovery/stm32_common_periph.a
LOAD /home/kubitre/dubkov/riot-examples/05adc/bin/stm32f0discovery/sys.a
LOAD /home/kubitre/dubkov/riot-examples/05adc/bin/stm32f0discovery/tsrb.a
LOAD /home/kubitre/dubkov/riot-examples/05adc/bin/stm32f0discovery/xtimer.a
LOAD /home/kubitre/dubkov/riot-examples/05adc/bin/stm32f0discovery/periph_common.a
LOAD /usr/bin/../lib/gcc/arm-none-eabi/7.3.1/../../../../arm-none-eabi/lib/thumb/v6-m/libm.a
END GROUP
LOAD /usr/bin/../lib/gcc/arm-none-eabi/7.3.1/thumb/v6-m/libgcc.a
                0x0000000008000000                _rom_start_addr = 0x8000000
                0x0000000020000000                _ram_start_addr = 0x20000000
                0x0000000000010000                _rom_length = 0x10000
                0x0000000000002000                _ram_length = 0x2000
LOAD /usr/bin/../lib/gcc/arm-none-eabi/7.3.1/../../../../arm-none-eabi/lib/thumb/v6-m/libc_nano.a
START GROUP
LOAD /usr/bin/../lib/gcc/arm-none-eabi/7.3.1/thumb/v6-m/libgcc.a
LOAD /usr/bin/../lib/gcc/arm-none-eabi/7.3.1/../../../../arm-none-eabi/lib/thumb/v6-m/libg_nano.a
LOAD /usr/bin/../lib/gcc/arm-none-eabi/7.3.1/../../../../arm-none-eabi/lib/thumb/v6-m/libc_nano.a
END GROUP
START GROUP
LOAD /usr/bin/../lib/gcc/arm-none-eabi/7.3.1/thumb/v6-m/libgcc.a
LOAD /usr/bin/../lib/gcc/arm-none-eabi/7.3.1/../../../../arm-none-eabi/lib/thumb/v6-m/libc_nano.a
END GROUP
                0x0000000000000000                ccmram_length = DEFINED (ccmram_len)?ccmram_len:0x0
                0x0000000000000000                _rom_offset = DEFINED (_rom_offset)?_rom_offset:0x0
                0x0000000000010000                _fw_rom_length = DEFINED (_fw_rom_length)?_fw_rom_length:(_rom_length - _rom_offset)
                0x0000000000000001                ASSERT ((_fw_rom_length <= (_rom_length - _rom_offset)), Specified firmware size does not fit in ROM)

.text           0x0000000008000000     0x6e80
                0x0000000008000000                . = ALIGN (0x4)
                0x0000000008000000                _sfixed = .
                0x0000000008000000                _isr_vectors = DEFINED (_isr_vectors)?_isr_vectors:.
 *(SORT_BY_NAME(.vectors*))
 .vectors.0     0x0000000008000000       0x40 /home/kubitre/dubkov/riot-examples/05adc/bin/stm32f0discovery/cortexm_common.a(vectors_cortexm.o)
                0x0000000008000000                cortex_vector_base
 .vectors.1     0x0000000008000040       0x7c /home/kubitre/dubkov/riot-examples/05adc/bin/stm32f0discovery/cpu/vectors.o
                0x0000000008000040                vector_cpu
 *(.text .text.* .gnu.linkonce.t.*)
 .text.dummy_handler
                0x00000000080000bc        0x8 /home/kubitre/dubkov/riot-examples/05adc/bin/stm32f0discovery/cpu/vectors.o
                0x00000000080000bc                isr_pvd
                0x00000000080000bc                isr_i2c1
                0x00000000080000bc                isr_tim16
                0x00000000080000bc                isr_exti
                0x00000000080000bc                isr_tsc
                0x00000000080000bc                isr_cec_can
                0x00000000080000bc                isr_tim7
                0x00000000080000bc                isr_dma1_channel4_5
                0x00000000080000bc                isr_tim1_brk_up_trg_com
                0x00000000080000bc                isr_dma1_channel4_5_6_7
                0x00000000080000bc                isr_i2c2
                0x00000000080000bc                isr_dma1_channel2_3
                0x00000000080000bc                isr_spi2
                0x00000000080000bc                isr_dma1_channel1
                0x00000000080000bc                dummy_handler
                0x00000000080000bc                isr_dma1_ch1
                0x00000000080000bc                isr_spi1
                0x00000000080000bc                isr_tim6
                0x00000000080000bc                isr_rcc
                0x00000000080000bc                isr_flash
                0x00000000080000bc                isr_rtc
                0x00000000080000bc                isr_tim1_cc
                0x00000000080000bc                isr_tim14
                0x00000000080000bc                isr_usb
                0x00000000080000bc                isr_adc1_comp
                0x00000000080000bc                isr_usart3_4
                0x00000000080000bc                isr_tim17
                0x00000000080000bc                isr_adc1
                0x00000000080000bc                isr_tim6_dac
                0x00000000080000bc                isr_dma1_ch4_7_dma2_ch3_5
                0x00000000080000bc                isr_pvd_vddio2
                0x00000000080000bc                isr_tim3
                0x00000000080000bc                isr_tim15
                0x00000000080000bc                isr_rcc_crs
                0x00000000080000bc                isr_usart3_8
                0x00000000080000bc                isr_dma1_ch2_3_dma2_ch1_2
                0x00000000080000bc                isr_wwdg
 .text._init    0x00000000080000c4        0x8 /home/kubitre/dubkov/riot-examples/05adc/bin/stm32f0discovery/newlib_syscalls_default/syscalls.o
                0x00000000080000c4                _init
 .text._fini    0x00000000080000cc        0x2 /home/kubitre/dubkov/riot-examples/05adc/bin/stm32f0discovery/newlib_syscalls_default/syscalls.o
                0x00000000080000cc                _fini
 *fill*         0x00000000080000ce        0x2 
 .text._sbrk_r  0x00000000080000d0       0x3c /home/kubitre/dubkov/riot-examples/05adc/bin/stm32f0discovery/newlib_syscalls_default/syscalls.o
                0x00000000080000d0                _sbrk_r
 .text._read_r  0x000000000800010c        0xc /home/kubitre/dubkov/riot-examples/05adc/bin/stm32f0discovery/newlib_syscalls_default/syscalls.o
                0x000000000800010c                _read_r
 .text._write_r
                0x0000000008000118        0xc /home/kubitre/dubkov/riot-examples/05adc/bin/stm32f0discovery/newlib_syscalls_default/syscalls.o
                0x0000000008000118                _write_r
 .text._close_r
                0x0000000008000124        0xa /home/kubitre/dubkov/riot-examples/05adc/bin/stm32f0discovery/newlib_syscalls_default/syscalls.o
                0x0000000008000124                _close_r
 .text._lseek_r
                0x000000000800012e        0xa /home/kubitre/dubkov/riot-examples/05adc/bin/stm32f0discovery/newlib_syscalls_default/syscalls.o
                0x000000000800012e                _lseek_r
 .text._fstat_r
                0x0000000008000138        0xa /home/kubitre/dubkov/riot-examples/05adc/bin/stm32f0discovery/newlib_syscalls_default/syscalls.o
                0x0000000008000138                _fstat_r
 .text._isatty_r
                0x0000000008000142        0xe /home/kubitre/dubkov/riot-examples/05adc/bin/stm32f0discovery/newlib_syscalls_default/syscalls.o
                0x0000000008000142                _isatty_r
 .text.sched_run
                0x0000000008000150       0x68 /home/kubitre/dubkov/riot-examples/05adc/bin/stm32f0discovery/core.a(sched.o)
                0x0000000008000150                sched_run
 .text.sched_set_status
                0x00000000080001b8       0x7c /home/kubitre/dubkov/riot-examples/05adc/bin/stm32f0discovery/core.a(sched.o)
                0x00000000080001b8                sched_set_status
 .text.sched_switch
                0x0000000008000234       0x30 /home/kubitre/dubkov/riot-examples/05adc/bin/stm32f0discovery/core.a(sched.o)
                0x0000000008000234                sched_switch
 .text.sched_task_exit
                0x0000000008000264       0x3c /home/kubitre/dubkov/riot-examples/05adc/bin/stm32f0discovery/core.a(sched.o)
                0x0000000008000264                sched_task_exit
 .text.thread_stack_init
                0x00000000080002a0       0x90 /home/kubitre/dubkov/riot-examples/05adc/bin/stm32f0discovery/cortexm_common.a(thread_arch.o)
                0x00000000080002a0                thread_stack_init
 .text.cpu_switch_context_exit
                0x0000000008000330        0x8 /home/kubitre/dubkov/riot-examples/05adc/bin/stm32f0discovery/cortexm_common.a(thread_arch.o)
                0x0000000008000330                cpu_switch_context_exit
 .text.thread_yield_higher
                0x0000000008000338       0x14 /home/kubitre/dubkov/riot-examples/05adc/bin/stm32f0discovery/cortexm_common.a(thread_arch.o)
                0x0000000008000338                thread_yield_higher
 .text.isr_pendsv
                0x000000000800034c       0x28 /home/kubitre/dubkov/riot-examples/05adc/bin/stm32f0discovery/cortexm_common.a(thread_arch.o)
                0x000000000800034c                isr_pendsv
 .text.isr_svc  0x0000000008000374       0x2c /home/kubitre/dubkov/riot-examples/05adc/bin/stm32f0discovery/cortexm_common.a(thread_arch.o)
                0x0000000008000374                isr_svc
 .text.nmi_default
                0x00000000080003a0       0x10 /home/kubitre/dubkov/riot-examples/05adc/bin/stm32f0discovery/cortexm_common.a(vectors_cortexm.o)
                0x00000000080003a0                nmi_default
 .text.hard_fault_default
                0x00000000080003b0       0x10 /home/kubitre/dubkov/riot-examples/05adc/bin/stm32f0discovery/cortexm_common.a(vectors_cortexm.o)
                0x00000000080003b0                hard_fault_default
 .text.dummy_handler_default
                0x00000000080003c0       0x10 /home/kubitre/dubkov/riot-examples/05adc/bin/stm32f0discovery/cortexm_common.a(vectors_cortexm.o)
                0x00000000080003c0                dummy_handler_default
                0x00000000080003c0                isr_systick
 .text.pre_startup
                0x00000000080003d0        0x2 /home/kubitre/dubkov/riot-examples/05adc/bin/stm32f0discovery/cortexm_common.a(vectors_cortexm.o)
                0x00000000080003d0                pre_startup
 .text.post_startup
                0x00000000080003d2        0x2 /home/kubitre/dubkov/riot-examples/05adc/bin/stm32f0discovery/cortexm_common.a(vectors_cortexm.o)
                0x00000000080003d2                post_startup
 .text.reset_handler_default
                0x00000000080003d4       0x50 /home/kubitre/dubkov/riot-examples/05adc/bin/stm32f0discovery/cortexm_common.a(vectors_cortexm.o)
                0x00000000080003d4                reset_handler_default
 .text.irq_disable
                0x0000000008000424        0x8 /home/kubitre/dubkov/riot-examples/05adc/bin/stm32f0discovery/cortexm_common.a(irq_arch.o)
                0x0000000008000424                irq_disable
 .text.irq_enable
                0x000000000800042c        0x8 /home/kubitre/dubkov/riot-examples/05adc/bin/stm32f0discovery/cortexm_common.a(irq_arch.o)
                0x000000000800042c                irq_enable
 .text.irq_restore
                0x0000000008000434        0x6 /home/kubitre/dubkov/riot-examples/05adc/bin/stm32f0discovery/cortexm_common.a(irq_arch.o)
                0x0000000008000434                irq_restore
 .text.irq_is_in
                0x000000000800043a        0x8 /home/kubitre/dubkov/riot-examples/05adc/bin/stm32f0discovery/cortexm_common.a(irq_arch.o)
                0x000000000800043a                irq_is_in
 *fill*         0x0000000008000442        0x2 
 .text.stdio_init
                0x0000000008000444       0x1c /home/kubitre/dubkov/riot-examples/05adc/bin/stm32f0discovery/stdio_uart.a(stdio_uart.o)
                0x0000000008000444                stdio_init
 .text.stdio_read
                0x0000000008000460       0x14 /home/kubitre/dubkov/riot-examples/05adc/bin/stm32f0discovery/stdio_uart.a(stdio_uart.o)
                0x0000000008000460                stdio_read
 .text.stdio_write
                0x0000000008000474       0x12 /home/kubitre/dubkov/riot-examples/05adc/bin/stm32f0discovery/stdio_uart.a(stdio_uart.o)
                0x0000000008000474                stdio_write
 *fill*         0x0000000008000486        0x2 
 .text.irq_handler
                0x0000000008000488       0x48 /home/kubitre/dubkov/riot-examples/05adc/bin/stm32f0discovery/stm32_common_periph.a(uart.o)
 .text.uart_write
                0x00000000080004d0       0x30 /home/kubitre/dubkov/riot-examples/05adc/bin/stm32f0discovery/stm32_common_periph.a(uart.o)
                0x00000000080004d0                uart_write
 .text.uart_poweron
                0x0000000008000500       0x18 /home/kubitre/dubkov/riot-examples/05adc/bin/stm32f0discovery/stm32_common_periph.a(uart.o)
                0x0000000008000500                uart_poweron
 .text.uart_init
                0x0000000008000518       0xa8 /home/kubitre/dubkov/riot-examples/05adc/bin/stm32f0discovery/stm32_common_periph.a(uart.o)
                0x0000000008000518                uart_init
 .text.isr_usart1
                0x00000000080005c0        0xa /home/kubitre/dubkov/riot-examples/05adc/bin/stm32f0discovery/stm32_common_periph.a(uart.o)
                0x00000000080005c0                isr_usart1
 .text.isr_usart2
                0x00000000080005ca        0xa /home/kubitre/dubkov/riot-examples/05adc/bin/stm32f0discovery/stm32_common_periph.a(uart.o)
                0x00000000080005ca                isr_usart2
 .text.gpio_init
                0x00000000080005d4       0x74 /home/kubitre/dubkov/riot-examples/05adc/bin/stm32f0discovery/stm32_common_periph.a(gpio.o)
                0x00000000080005d4                gpio_init
 .text.gpio_init_af
                0x0000000008000648       0x42 /home/kubitre/dubkov/riot-examples/05adc/bin/stm32f0discovery/stm32_common_periph.a(gpio.o)
                0x0000000008000648                gpio_init_af
 .text.gpio_init_analog
                0x000000000800068a       0x2a /home/kubitre/dubkov/riot-examples/05adc/bin/stm32f0discovery/stm32_common_periph.a(gpio.o)
                0x000000000800068a                gpio_init_analog
 .text.gpio_set
                0x00000000080006b4       0x10 /home/kubitre/dubkov/riot-examples/05adc/bin/stm32f0discovery/stm32_common_periph.a(gpio.o)
                0x00000000080006b4                gpio_set
 .text._xtimer_lltimer_now
                0x00000000080006c4        0xa /home/kubitre/dubkov/riot-examples/05adc/bin/stm32f0discovery/xtimer.a(xtimer_core.o)
 *fill*         0x00000000080006ce        0x2 
 .text._lltimer_set
                0x00000000080006d0       0x18 /home/kubitre/dubkov/riot-examples/05adc/bin/stm32f0discovery/xtimer.a(xtimer_core.o)
 .text._add_timer_to_long_list.constprop.4
                0x00000000080006e8       0x2c /home/kubitre/dubkov/riot-examples/05adc/bin/stm32f0discovery/xtimer.a(xtimer_core.o)
 .text._next_period
                0x0000000008000714       0x9c /home/kubitre/dubkov/riot-examples/05adc/bin/stm32f0discovery/xtimer.a(xtimer_core.o)
 .text._periph_timer_callback
                0x00000000080007b0       0xbc /home/kubitre/dubkov/riot-examples/05adc/bin/stm32f0discovery/xtimer.a(xtimer_core.o)
 .text._remove  0x000000000800086c       0x70 /home/kubitre/dubkov/riot-examples/05adc/bin/stm32f0discovery/xtimer.a(xtimer_core.o)
 .text.xtimer_init
                0x00000000080008dc       0x20 /home/kubitre/dubkov/riot-examples/05adc/bin/stm32f0discovery/xtimer.a(xtimer_core.o)
                0x00000000080008dc                xtimer_init
 .text._xtimer_set_absolute
                0x00000000080008fc       0xcc /home/kubitre/dubkov/riot-examples/05adc/bin/stm32f0discovery/xtimer.a(xtimer_core.o)
                0x00000000080008fc                _xtimer_set_absolute
 .text.xtimer_remove
                0x00000000080009c8       0x24 /home/kubitre/dubkov/riot-examples/05adc/bin/stm32f0discovery/xtimer.a(xtimer_core.o)
                0x00000000080009c8                xtimer_remove
 .text._xtimer_set
                0x00000000080009ec       0x3a /home/kubitre/dubkov/riot-examples/05adc/bin/stm32f0discovery/xtimer.a(xtimer_core.o)
                0x00000000080009ec                _xtimer_set
 *fill*         0x0000000008000a26        0x2 
 .text._xtimer_set64
                0x0000000008000a28       0x60 /home/kubitre/dubkov/riot-examples/05adc/bin/stm32f0discovery/xtimer.a(xtimer_core.o)
                0x0000000008000a28                _xtimer_set64
 .text.board_init
                0x0000000008000a88       0x20 /home/kubitre/dubkov/riot-examples/05adc/bin/stm32f0discovery/board.a(board.o)
                0x0000000008000a88                board_init
 .text.panic_arch
                0x0000000008000aa8        0x2 /home/kubitre/dubkov/riot-examples/05adc/bin/stm32f0discovery/core.a(panic.o)
                0x0000000008000aa8                panic_arch
 *fill*         0x0000000008000aaa        0x2 
 .text.core_panic
                0x0000000008000aac       0x34 /home/kubitre/dubkov/riot-examples/05adc/bin/stm32f0discovery/core.a(panic.o)
                0x0000000008000aac                core_panic
 .text.main_trampoline
                0x0000000008000ae0       0x18 /home/kubitre/dubkov/riot-examples/05adc/bin/stm32f0discovery/core.a(kernel_init.o)
 .text.idle_thread
                0x0000000008000af8        0x8 /home/kubitre/dubkov/riot-examples/05adc/bin/stm32f0discovery/core.a(kernel_init.o)
 .text.kernel_init
                0x0000000008000b00       0x58 /home/kubitre/dubkov/riot-examples/05adc/bin/stm32f0discovery/core.a(kernel_init.o)
                0x0000000008000b00                kernel_init
 .text.thread_add_to_list
                0x0000000008000b58       0x22 /home/kubitre/dubkov/riot-examples/05adc/bin/stm32f0discovery/core.a(thread.o)
                0x0000000008000b58                thread_add_to_list
 *fill*         0x0000000008000b7a        0x2 
 .text.thread_create
                0x0000000008000b7c       0xc4 /home/kubitre/dubkov/riot-examples/05adc/bin/stm32f0discovery/core.a(thread.o)
                0x0000000008000b7c                thread_create
 .text.pm_set_lowest
                0x0000000008000c40       0x20 /home/kubitre/dubkov/riot-examples/05adc/bin/stm32f0discovery/cortexm_common_periph.a(pm.o)
                0x0000000008000c40                pm_set_lowest
 .text.pm_reboot
                0x0000000008000c60       0x1c /home/kubitre/dubkov/riot-examples/05adc/bin/stm32f0discovery/cortexm_common_periph.a(pm.o)
                0x0000000008000c60                pm_reboot
 .text.isrpipe_write_one
                0x0000000008000c7c       0x16 /home/kubitre/dubkov/riot-examples/05adc/bin/stm32f0discovery/isrpipe.a(isrpipe.o)
                0x0000000008000c7c                isrpipe_write_one
 .text.isrpipe_read
                0x0000000008000c92       0x24 /home/kubitre/dubkov/riot-examples/05adc/bin/stm32f0discovery/isrpipe.a(isrpipe.o)
                0x0000000008000c92                isrpipe_read
 .text.cpu_init
                0x0000000008000cb6       0x1a /home/kubitre/dubkov/riot-examples/05adc/bin/stm32f0discovery/stm32_common.a(cpu_init.o)
                0x0000000008000cb6                cpu_init
 .text.periph_apb_clk
                0x0000000008000cd0        0x8 /home/kubitre/dubkov/riot-examples/05adc/bin/stm32f0discovery/stm32_common.a(cpu_common.o)
                0x0000000008000cd0                periph_apb_clk
 .text.periph_timer_clk
                0x0000000008000cd8       0x14 /home/kubitre/dubkov/riot-examples/05adc/bin/stm32f0discovery/stm32_common.a(cpu_common.o)
                0x0000000008000cd8                periph_timer_clk
 .text.periph_clk_en
                0x0000000008000cec       0x34 /home/kubitre/dubkov/riot-examples/05adc/bin/stm32f0discovery/stm32_common.a(cpu_common.o)
                0x0000000008000cec                periph_clk_en
 .text.periph_clk_dis
                0x0000000008000d20       0x30 /home/kubitre/dubkov/riot-examples/05adc/bin/stm32f0discovery/stm32_common.a(cpu_common.o)
                0x0000000008000d20                periph_clk_dis
 .text.stmclk_init_sysclk
                0x0000000008000d50       0x8c /home/kubitre/dubkov/riot-examples/05adc/bin/stm32f0discovery/stm32_common.a(stmclk.o)
                0x0000000008000d50                stmclk_init_sysclk
 .text.stmclk_enable_hsi
                0x0000000008000ddc       0x18 /home/kubitre/dubkov/riot-examples/05adc/bin/stm32f0discovery/stm32_common.a(stmclk_common.o)
                0x0000000008000ddc                stmclk_enable_hsi
 .text.stmclk_disable_hsi
                0x0000000008000df4       0x18 /home/kubitre/dubkov/riot-examples/05adc/bin/stm32f0discovery/stm32_common.a(stmclk_common.o)
                0x0000000008000df4                stmclk_disable_hsi
 .text.timer_set_absolute
                0x0000000008000e0c       0x3c /home/kubitre/dubkov/riot-examples/05adc/bin/stm32f0discovery/stm32_common_periph.a(timer.o)
                0x0000000008000e0c                timer_set_absolute
 .text.timer_read
                0x0000000008000e48       0x10 /home/kubitre/dubkov/riot-examples/05adc/bin/stm32f0discovery/stm32_common_periph.a(timer.o)
                0x0000000008000e48                timer_read
 .text.timer_start
                0x0000000008000e58       0x14 /home/kubitre/dubkov/riot-examples/05adc/bin/stm32f0discovery/stm32_common_periph.a(timer.o)
                0x0000000008000e58                timer_start
 .text.timer_init
                0x0000000008000e6c       0x58 /home/kubitre/dubkov/riot-examples/05adc/bin/stm32f0discovery/stm32_common_periph.a(timer.o)
                0x0000000008000e6c                timer_init
 .text.isr_tim2
                0x0000000008000ec4       0x44 /home/kubitre/dubkov/riot-examples/05adc/bin/stm32f0discovery/stm32_common_periph.a(timer.o)
                0x0000000008000ec4                isr_tim2
 .text._pop     0x0000000008000f08       0x12 /home/kubitre/dubkov/riot-examples/05adc/bin/stm32f0discovery/tsrb.a(tsrb.o)
 .text.tsrb_get
                0x0000000008000f1a       0x28 /home/kubitre/dubkov/riot-examples/05adc/bin/stm32f0discovery/tsrb.a(tsrb.o)
                0x0000000008000f1a                tsrb_get
 .text.tsrb_add_one
                0x0000000008000f42       0x26 /home/kubitre/dubkov/riot-examples/05adc/bin/stm32f0discovery/tsrb.a(tsrb.o)
                0x0000000008000f42                tsrb_add_one
 .text.periph_init
                0x0000000008000f68        0x2 /home/kubitre/dubkov/riot-examples/05adc/bin/stm32f0discovery/periph_common.a(init.o)
                0x0000000008000f68                periph_init
 *fill*         0x0000000008000f6a        0x2 
 .text.startup.main
                0x0000000008000f6c       0x78 /home/kubitre/dubkov/riot-examples/05adc/bin/stm32f0discovery/application_adc.a(main.o)
                0x0000000008000f6c                main
 .text.auto_init
                0x0000000008000fe4        0x8 /home/kubitre/dubkov/riot-examples/05adc/bin/stm32f0discovery/auto_init.a(auto_init.o)
                0x0000000008000fe4                auto_init
 .text._mutex_lock
                0x0000000008000fec       0x60 /home/kubitre/dubkov/riot-examples/05adc/bin/stm32f0discovery/core.a(mutex.o)
                0x0000000008000fec                _mutex_lock
 .text.mutex_unlock
                0x000000000800104c       0x4a /home/kubitre/dubkov/riot-examples/05adc/bin/stm32f0discovery/core.a(mutex.o)
                0x000000000800104c                mutex_unlock
 *fill*         0x0000000008001096        0x2 
 .text.cortexm_init
                0x0000000008001098       0x70 /home/kubitre/dubkov/riot-examples/05adc/bin/stm32f0discovery/cortexm_common.a(cortexm_init.o)
                0x0000000008001098                cortexm_init
 .text.prep     0x0000000008001108       0x1c /home/kubitre/dubkov/riot-examples/05adc/bin/stm32f0discovery/periph.a(adc.o)
 .text.adc_init
                0x0000000008001124       0x48 /home/kubitre/dubkov/riot-examples/05adc/bin/stm32f0discovery/periph.a(adc.o)
                0x0000000008001124                adc_init
 .text.adc_sample
                0x000000000800116c       0x58 /home/kubitre/dubkov/riot-examples/05adc/bin/stm32f0discovery/periph.a(adc.o)
                0x000000000800116c                adc_sample
 .text._callback_unlock_mutex
                0x00000000080011c4        0x8 /home/kubitre/dubkov/riot-examples/05adc/bin/stm32f0discovery/xtimer.a(xtimer.o)
 .text._xtimer_spin
                0x00000000080011cc       0x1a /home/kubitre/dubkov/riot-examples/05adc/bin/stm32f0discovery/xtimer.a(xtimer.o)
 *fill*         0x00000000080011e6        0x2 
 .text._xtimer_tsleep
                0x00000000080011e8       0x48 /home/kubitre/dubkov/riot-examples/05adc/bin/stm32f0discovery/xtimer.a(xtimer.o)
                0x00000000080011e8                _xtimer_tsleep
 .text.pow      0x0000000008001230      0x374 /usr/bin/../lib/gcc/arm-none-eabi/7.3.1/../../../../arm-none-eabi/lib/thumb/v6-m/libm.a(lib_a-w_pow.o)
                0x0000000008001230                pow
 .text.__ieee754_pow
                0x00000000080015a4      0xacc /usr/bin/../lib/gcc/arm-none-eabi/7.3.1/../../../../arm-none-eabi/lib/thumb/v6-m/libm.a(lib_a-e_pow.o)
                0x00000000080015a4                __ieee754_pow
 .text.__ieee754_sqrt
                0x0000000008002070      0x1b0 /usr/bin/../lib/gcc/arm-none-eabi/7.3.1/../../../../arm-none-eabi/lib/thumb/v6-m/libm.a(lib_a-e_sqrt.o)
                0x0000000008002070                __ieee754_sqrt
 .text.fabs     0x0000000008002220        0x8 /usr/bin/../lib/gcc/arm-none-eabi/7.3.1/../../../../arm-none-eabi/lib/thumb/v6-m/libm.a(lib_a-s_fabs.o)
                0x0000000008002220                fabs
 .text.finite   0x0000000008002228       0x14 /usr/bin/../lib/gcc/arm-none-eabi/7.3.1/../../../../arm-none-eabi/lib/thumb/v6-m/libm.a(lib_a-s_finite.o)
                0x0000000008002228                finite
 .text.matherr  0x000000000800223c        0x4 /usr/bin/../lib/gcc/arm-none-eabi/7.3.1/../../../../arm-none-eabi/lib/thumb/v6-m/libm.a(lib_a-s_matherr.o)
                0x000000000800223c                matherr
 .text.nan      0x0000000008002240        0xc /usr/bin/../lib/gcc/arm-none-eabi/7.3.1/../../../../arm-none-eabi/lib/thumb/v6-m/libm.a(lib_a-s_nan.o)
                0x0000000008002240                nan
 .text.rint     0x000000000800224c      0x120 /usr/bin/../lib/gcc/arm-none-eabi/7.3.1/../../../../arm-none-eabi/lib/thumb/v6-m/libm.a(lib_a-s_rint.o)
                0x000000000800224c                rint
 .text.scalbn   0x000000000800236c       0xd0 /usr/bin/../lib/gcc/arm-none-eabi/7.3.1/../../../../arm-none-eabi/lib/thumb/v6-m/libm.a(lib_a-s_scalbn.o)
                0x000000000800236c                scalbn
 .text.copysign
                0x000000000800243c       0x10 /usr/bin/../lib/gcc/arm-none-eabi/7.3.1/../../../../arm-none-eabi/lib/thumb/v6-m/libm.a(lib_a-s_copysign.o)
                0x000000000800243c                copysign
 .text          0x000000000800244c      0x114 /usr/bin/../lib/gcc/arm-none-eabi/7.3.1/thumb/v6-m/libgcc.a(_udivsi3.o)
                0x000000000800244c                __udivsi3
                0x000000000800244c                __aeabi_uidiv
                0x0000000008002558                __aeabi_uidivmod
 .text          0x0000000008002560        0x4 /usr/bin/../lib/gcc/arm-none-eabi/7.3.1/thumb/v6-m/libgcc.a(_dvmd_tls.o)
                0x0000000008002560                __aeabi_ldiv0
                0x0000000008002560                __aeabi_idiv0
 .text          0x0000000008002564       0x7c /usr/bin/../lib/gcc/arm-none-eabi/7.3.1/thumb/v6-m/libgcc.a(_arm_cmpdf2.o)
                0x0000000008002564                __aeabi_cdrcmple
                0x0000000008002574                __aeabi_cdcmple
                0x0000000008002574                __aeabi_cdcmpeq
                0x0000000008002584                __aeabi_dcmpeq
                0x0000000008002590                __aeabi_dcmplt
                0x00000000080025a4                __aeabi_dcmple
                0x00000000080025b8                __aeabi_dcmpgt
                0x00000000080025cc                __aeabi_dcmpge
 .text          0x00000000080025e0      0x638 /usr/bin/../lib/gcc/arm-none-eabi/7.3.1/thumb/v6-m/libgcc.a(adddf3.o)
                0x00000000080025e0                __aeabi_dadd
 .text          0x0000000008002c18      0x604 /usr/bin/../lib/gcc/arm-none-eabi/7.3.1/thumb/v6-m/libgcc.a(divdf3.o)
                0x0000000008002c18                __aeabi_ddiv
 .text          0x000000000800321c       0x78 /usr/bin/../lib/gcc/arm-none-eabi/7.3.1/thumb/v6-m/libgcc.a(eqdf2.o)
                0x000000000800321c                __eqdf2
                0x000000000800321c                __nedf2
 .text          0x0000000008003294       0xc8 /usr/bin/../lib/gcc/arm-none-eabi/7.3.1/thumb/v6-m/libgcc.a(gedf2.o)
                0x0000000008003294                __gtdf2
                0x0000000008003294                __gedf2
 .text          0x000000000800335c       0xd0 /usr/bin/../lib/gcc/arm-none-eabi/7.3.1/thumb/v6-m/libgcc.a(ledf2.o)
                0x000000000800335c                __ltdf2
                0x000000000800335c                __ledf2
 .text          0x000000000800342c      0x4e4 /usr/bin/../lib/gcc/arm-none-eabi/7.3.1/thumb/v6-m/libgcc.a(muldf3.o)
                0x000000000800342c                __aeabi_dmul
 .text          0x0000000008003910      0x690 /usr/bin/../lib/gcc/arm-none-eabi/7.3.1/thumb/v6-m/libgcc.a(subdf3.o)
                0x0000000008003910                __aeabi_dsub
 .text          0x0000000008003fa0       0x38 /usr/bin/../lib/gcc/arm-none-eabi/7.3.1/thumb/v6-m/libgcc.a(unorddf2.o)
                0x0000000008003fa0                __aeabi_dcmpun
 .text          0x0000000008003fd8       0x74 /usr/bin/../lib/gcc/arm-none-eabi/7.3.1/thumb/v6-m/libgcc.a(floatsidf.o)
                0x0000000008003fd8                __aeabi_i2d
 .text          0x000000000800404c       0x3c /usr/bin/../lib/gcc/arm-none-eabi/7.3.1/thumb/v6-m/libgcc.a(_clzsi2.o)
                0x000000000800404c                __clzsi2
 .text.__errno  0x0000000008004088        0xc /usr/bin/../lib/gcc/arm-none-eabi/7.3.1/../../../../arm-none-eabi/lib/thumb/v6-m/libc_nano.a(lib_a-errno.o)
                0x0000000008004088                __errno
 .text.__libc_init_array
                0x0000000008004094       0x48 /usr/bin/../lib/gcc/arm-none-eabi/7.3.1/../../../../arm-none-eabi/lib/thumb/v6-m/libc_nano.a(lib_a-init.o)
                0x0000000008004094                __libc_init_array
 .text.memset   0x00000000080040dc       0x10 /usr/bin/../lib/gcc/arm-none-eabi/7.3.1/../../../../arm-none-eabi/lib/thumb/v6-m/libc_nano.a(lib_a-memset.o)
                0x00000000080040dc                memset
 .text.__cvt    0x00000000080040ec       0xc8 /usr/bin/../lib/gcc/arm-none-eabi/7.3.1/../../../../arm-none-eabi/lib/thumb/v6-m/libc_nano.a(lib_a-nano-vfprintf_float.o)
                0x00000000080040ec                __cvt
 .text.__exponent
                0x00000000080041b4       0x70 /usr/bin/../lib/gcc/arm-none-eabi/7.3.1/../../../../arm-none-eabi/lib/thumb/v6-m/libc_nano.a(lib_a-nano-vfprintf_float.o)
                0x00000000080041b4                __exponent
 .text._printf_float
                0x0000000008004224      0x498 /usr/bin/../lib/gcc/arm-none-eabi/7.3.1/../../../../arm-none-eabi/lib/thumb/v6-m/libc_nano.a(lib_a-nano-vfprintf_float.o)
                0x0000000008004224                _printf_float
 .text._printf_common
                0x00000000080046bc       0xda /usr/bin/../lib/gcc/arm-none-eabi/7.3.1/../../../../arm-none-eabi/lib/thumb/v6-m/libc_nano.a(lib_a-nano-vfprintf_i.o)
                0x00000000080046bc                _printf_common
 *fill*         0x0000000008004796        0x2 
 .text._printf_i
                0x0000000008004798      0x210 /usr/bin/../lib/gcc/arm-none-eabi/7.3.1/../../../../arm-none-eabi/lib/thumb/v6-m/libc_nano.a(lib_a-nano-vfprintf_i.o)
                0x0000000008004798                _printf_i
 .text.printf   0x00000000080049a8       0x34 /usr/bin/../lib/gcc/arm-none-eabi/7.3.1/../../../../arm-none-eabi/lib/thumb/v6-m/libc_nano.a(lib_a-printf.o)
                0x00000000080049a8                printf
                0x00000000080049a8                iprintf
 .text          0x00000000080049dc        0xe /usr/bin/../lib/gcc/arm-none-eabi/7.3.1/../../../../arm-none-eabi/lib/thumb/v6-m/libc_nano.a(lib_a-strlen.o)
                0x00000000080049dc                strlen
 .text.quorem   0x00000000080049ea      0x10c /usr/bin/../lib/gcc/arm-none-eabi/7.3.1/../../../../arm-none-eabi/lib/thumb/v6-m/libc_nano.a(lib_a-dtoa.o)
 *fill*         0x0000000008004af6        0x2 
 .text._dtoa_r  0x0000000008004af8      0xbc0 /usr/bin/../lib/gcc/arm-none-eabi/7.3.1/../../../../arm-none-eabi/lib/thumb/v6-m/libc_nano.a(lib_a-dtoa.o)
                0x0000000008004af8                _dtoa_r
 .text.std      0x00000000080056b8       0x48 /usr/bin/../lib/gcc/arm-none-eabi/7.3.1/../../../../arm-none-eabi/lib/thumb/v6-m/libc_nano.a(lib_a-findfp.o)
 .text._cleanup_r
                0x0000000008005700       0x10 /usr/bin/../lib/gcc/arm-none-eabi/7.3.1/../../../../arm-none-eabi/lib/thumb/v6-m/libc_nano.a(lib_a-findfp.o)
                0x0000000008005700                _cleanup_r
 .text.__sfmoreglue
                0x0000000008005710       0x2c /usr/bin/../lib/gcc/arm-none-eabi/7.3.1/../../../../arm-none-eabi/lib/thumb/v6-m/libc_nano.a(lib_a-findfp.o)
                0x0000000008005710                __sfmoreglue
 .text.__sinit  0x000000000800573c       0x68 /usr/bin/../lib/gcc/arm-none-eabi/7.3.1/../../../../arm-none-eabi/lib/thumb/v6-m/libc_nano.a(lib_a-findfp.o)
                0x000000000800573c                __sinit
 .text.__sfp    0x00000000080057a4       0x7c /usr/bin/../lib/gcc/arm-none-eabi/7.3.1/../../../../arm-none-eabi/lib/thumb/v6-m/libc_nano.a(lib_a-findfp.o)
                0x00000000080057a4                __sfp
 .text._fwalk_reent
                0x0000000008005820       0x42 /usr/bin/../lib/gcc/arm-none-eabi/7.3.1/../../../../arm-none-eabi/lib/thumb/v6-m/libc_nano.a(lib_a-fwalk.o)
                0x0000000008005820                _fwalk_reent
 *fill*         0x0000000008005862        0x2 
 .text._localeconv_r
                0x0000000008005864       0x18 /usr/bin/../lib/gcc/arm-none-eabi/7.3.1/../../../../arm-none-eabi/lib/thumb/v6-m/libc_nano.a(lib_a-localeconv.o)
                0x0000000008005864                _localeconv_r
 .text.malloc   0x000000000800587c       0x14 /usr/bin/../lib/gcc/arm-none-eabi/7.3.1/../../../../arm-none-eabi/lib/thumb/v6-m/libc_nano.a(lib_a-malloc.o)
                0x000000000800587c                malloc
 .text.memchr   0x0000000008005890       0x16 /usr/bin/../lib/gcc/arm-none-eabi/7.3.1/../../../../arm-none-eabi/lib/thumb/v6-m/libc_nano.a(lib_a-memchr-stub.o)
                0x0000000008005890                memchr
 .text.memcpy   0x00000000080058a6       0x12 /usr/bin/../lib/gcc/arm-none-eabi/7.3.1/../../../../arm-none-eabi/lib/thumb/v6-m/libc_nano.a(lib_a-memcpy-stub.o)
                0x00000000080058a6                memcpy
 .text._Balloc  0x00000000080058b8       0x70 /usr/bin/../lib/gcc/arm-none-eabi/7.3.1/../../../../arm-none-eabi/lib/thumb/v6-m/libc_nano.a(lib_a-mprec.o)
                0x00000000080058b8                _Balloc
 .text._Bfree   0x0000000008005928       0x32 /usr/bin/../lib/gcc/arm-none-eabi/7.3.1/../../../../arm-none-eabi/lib/thumb/v6-m/libc_nano.a(lib_a-mprec.o)
                0x0000000008005928                _Bfree
 .text.__multadd
                0x000000000800595a       0x7c /usr/bin/../lib/gcc/arm-none-eabi/7.3.1/../../../../arm-none-eabi/lib/thumb/v6-m/libc_nano.a(lib_a-mprec.o)
                0x000000000800595a                __multadd
 .text.__hi0bits
                0x00000000080059d6       0x34 /usr/bin/../lib/gcc/arm-none-eabi/7.3.1/../../../../arm-none-eabi/lib/thumb/v6-m/libc_nano.a(lib_a-mprec.o)
                0x00000000080059d6                __hi0bits
 .text.__lo0bits
                0x0000000008005a0a       0x5e /usr/bin/../lib/gcc/arm-none-eabi/7.3.1/../../../../arm-none-eabi/lib/thumb/v6-m/libc_nano.a(lib_a-mprec.o)
                0x0000000008005a0a                __lo0bits
 .text.__i2b    0x0000000008005a68       0x12 /usr/bin/../lib/gcc/arm-none-eabi/7.3.1/../../../../arm-none-eabi/lib/thumb/v6-m/libc_nano.a(lib_a-mprec.o)
                0x0000000008005a68                __i2b
 .text.__multiply
                0x0000000008005a7a      0x11e /usr/bin/../lib/gcc/arm-none-eabi/7.3.1/../../../../arm-none-eabi/lib/thumb/v6-m/libc_nano.a(lib_a-mprec.o)
                0x0000000008005a7a                __multiply
 .text.__pow5mult
                0x0000000008005b98       0xa4 /usr/bin/../lib/gcc/arm-none-eabi/7.3.1/../../../../arm-none-eabi/lib/thumb/v6-m/libc_nano.a(lib_a-mprec.o)
                0x0000000008005b98                __pow5mult
 .text.__lshift
                0x0000000008005c3c       0xa4 /usr/bin/../lib/gcc/arm-none-eabi/7.3.1/../../../../arm-none-eabi/lib/thumb/v6-m/libc_nano.a(lib_a-mprec.o)
                0x0000000008005c3c                __lshift
 .text.__mcmp   0x0000000008005ce0       0x34 /usr/bin/../lib/gcc/arm-none-eabi/7.3.1/../../../../arm-none-eabi/lib/thumb/v6-m/libc_nano.a(lib_a-mprec.o)
                0x0000000008005ce0                __mcmp
 .text.__mdiff  0x0000000008005d14       0xc8 /usr/bin/../lib/gcc/arm-none-eabi/7.3.1/../../../../arm-none-eabi/lib/thumb/v6-m/libc_nano.a(lib_a-mprec.o)
                0x0000000008005d14                __mdiff
 .text.__d2b    0x0000000008005ddc       0xa8 /usr/bin/../lib/gcc/arm-none-eabi/7.3.1/../../../../arm-none-eabi/lib/thumb/v6-m/libc_nano.a(lib_a-mprec.o)
                0x0000000008005ddc                __d2b
 .text._calloc_r
                0x0000000008005e84       0x1c /usr/bin/../lib/gcc/arm-none-eabi/7.3.1/../../../../arm-none-eabi/lib/thumb/v6-m/libc_nano.a(lib_a-nano-callocr.o)
                0x0000000008005e84                _calloc_r
 .text._free_r  0x0000000008005ea0       0x94 /usr/bin/../lib/gcc/arm-none-eabi/7.3.1/../../../../arm-none-eabi/lib/thumb/v6-m/libc_nano.a(lib_a-nano-freer.o)
                0x0000000008005ea0                _free_r
 .text._malloc_r
                0x0000000008005f34       0xbc /usr/bin/../lib/gcc/arm-none-eabi/7.3.1/../../../../arm-none-eabi/lib/thumb/v6-m/libc_nano.a(lib_a-nano-mallocr.o)
                0x0000000008005f34                _malloc_r
 .text.__sfputc_r
                0x0000000008005ff0       0x2a /usr/bin/../lib/gcc/arm-none-eabi/7.3.1/../../../../arm-none-eabi/lib/thumb/v6-m/libc_nano.a(lib_a-nano-vfprintf.o)
 .text.__sfputs_r
                0x000000000800601a       0x24 /usr/bin/../lib/gcc/arm-none-eabi/7.3.1/../../../../arm-none-eabi/lib/thumb/v6-m/libc_nano.a(lib_a-nano-vfprintf.o)
                0x000000000800601a                __sfputs_r
 *fill*         0x000000000800603e        0x2 
 .text._vfprintf_r
                0x0000000008006040      0x22c /usr/bin/../lib/gcc/arm-none-eabi/7.3.1/../../../../arm-none-eabi/lib/thumb/v6-m/libc_nano.a(lib_a-nano-vfprintf.o)
                0x0000000008006040                _vfiprintf_r
                0x0000000008006040                _vfprintf_r
 .text.__sread  0x000000000800626c       0x28 /usr/bin/../lib/gcc/arm-none-eabi/7.3.1/../../../../arm-none-eabi/lib/thumb/v6-m/libc_nano.a(lib_a-stdio.o)
                0x000000000800626c                __sread
 .text.__swrite
                0x0000000008006294       0x38 /usr/bin/../lib/gcc/arm-none-eabi/7.3.1/../../../../arm-none-eabi/lib/thumb/v6-m/libc_nano.a(lib_a-stdio.o)
                0x0000000008006294                __swrite
 .text.__sseek  0x00000000080062cc       0x2c /usr/bin/../lib/gcc/arm-none-eabi/7.3.1/../../../../arm-none-eabi/lib/thumb/v6-m/libc_nano.a(lib_a-stdio.o)
                0x00000000080062cc                __sseek
 .text.__sclose
                0x00000000080062f8        0xc /usr/bin/../lib/gcc/arm-none-eabi/7.3.1/../../../../arm-none-eabi/lib/thumb/v6-m/libc_nano.a(lib_a-stdio.o)
                0x00000000080062f8                __sclose
 .text.__swbuf_r
                0x0000000008006304       0xac /usr/bin/../lib/gcc/arm-none-eabi/7.3.1/../../../../arm-none-eabi/lib/thumb/v6-m/libc_nano.a(lib_a-wbuf.o)
                0x0000000008006304                __swbuf_r
 .text.__swsetup_r
                0x00000000080063b0       0xec /usr/bin/../lib/gcc/arm-none-eabi/7.3.1/../../../../arm-none-eabi/lib/thumb/v6-m/libc_nano.a(lib_a-wsetup.o)
                0x00000000080063b0                __swsetup_r
 .text.__sflush_r
                0x000000000800649c      0x114 /usr/bin/../lib/gcc/arm-none-eabi/7.3.1/../../../../arm-none-eabi/lib/thumb/v6-m/libc_nano.a(lib_a-fflush.o)
                0x000000000800649c                __sflush_r
 .text._fflush_r
                0x00000000080065b0       0x58 /usr/bin/../lib/gcc/arm-none-eabi/7.3.1/../../../../arm-none-eabi/lib/thumb/v6-m/libc_nano.a(lib_a-fflush.o)
                0x00000000080065b0                _fflush_r
 .text.__swhatbuf_r
                0x0000000008006608       0x50 /usr/bin/../lib/gcc/arm-none-eabi/7.3.1/../../../../arm-none-eabi/lib/thumb/v6-m/libc_nano.a(lib_a-makebuf.o)
                0x0000000008006608                __swhatbuf_r
 .text.__smakebuf_r
                0x0000000008006658       0x88 /usr/bin/../lib/gcc/arm-none-eabi/7.3.1/../../../../arm-none-eabi/lib/thumb/v6-m/libc_nano.a(lib_a-makebuf.o)
                0x0000000008006658                __smakebuf_r
 .text.__ascii_mbtowc
                0x00000000080066e0       0x24 /usr/bin/../lib/gcc/arm-none-eabi/7.3.1/../../../../arm-none-eabi/lib/thumb/v6-m/libc_nano.a(lib_a-mbtowc_r.o)
                0x00000000080066e0                __ascii_mbtowc
 .text.__malloc_lock
                0x0000000008006704        0x2 /usr/bin/../lib/gcc/arm-none-eabi/7.3.1/../../../../arm-none-eabi/lib/thumb/v6-m/libc_nano.a(lib_a-mlock.o)
                0x0000000008006704                __malloc_lock
 .text.__malloc_unlock
                0x0000000008006706        0x2 /usr/bin/../lib/gcc/arm-none-eabi/7.3.1/../../../../arm-none-eabi/lib/thumb/v6-m/libc_nano.a(lib_a-mlock.o)
                0x0000000008006706                __malloc_unlock
 .text.__ascii_wctomb
                0x0000000008006708       0x18 /usr/bin/../lib/gcc/arm-none-eabi/7.3.1/../../../../arm-none-eabi/lib/thumb/v6-m/libc_nano.a(lib_a-wctomb_r.o)
                0x0000000008006708                __ascii_wctomb
 .text          0x0000000008006720       0x14 /usr/bin/../lib/gcc/arm-none-eabi/7.3.1/thumb/v6-m/libgcc.a(_thumb1_case_uqi.o)
                0x0000000008006720                __gnu_thumb1_case_uqi
 .text          0x0000000008006734      0x1d4 /usr/bin/../lib/gcc/arm-none-eabi/7.3.1/thumb/v6-m/libgcc.a(_divsi3.o)
                0x0000000008006734                __aeabi_idiv
                0x0000000008006734                __divsi3
                0x0000000008006900                __aeabi_idivmod
 .text          0x0000000008006908       0x6c /usr/bin/../lib/gcc/arm-none-eabi/7.3.1/thumb/v6-m/libgcc.a(fixdfsi.o)
                0x0000000008006908                __aeabi_d2iz
 .text          0x0000000008006974       0x64 /usr/bin/../lib/gcc/arm-none-eabi/7.3.1/thumb/v6-m/libgcc.a(floatunsidf.o)
                0x0000000008006974                __aeabi_ui2d
 *(.glue_7t)
 .glue_7t       0x00000000080069d8        0x0 linker stubs
 *(.glue_7)
 .glue_7        0x00000000080069d8        0x0 linker stubs
 *(.rodata .rodata* .gnu.linkonce.r.*)
 .rodata.MultiplyDeBruijnBitPosition
                0x00000000080069d8       0x20 /home/kubitre/dubkov/riot-examples/05adc/bin/stm32f0discovery/core.a(bitarithm.o)
                0x00000000080069d8                MultiplyDeBruijnBitPosition
 .rodata.dummy_handler_default.str1.1
                0x00000000080069f8        0xe /home/kubitre/dubkov/riot-examples/05adc/bin/stm32f0discovery/cortexm_common.a(vectors_cortexm.o)
 .rodata.hard_fault_default.str1.1
                0x0000000008006a06       0x13 /home/kubitre/dubkov/riot-examples/05adc/bin/stm32f0discovery/cortexm_common.a(vectors_cortexm.o)
 .rodata.nmi_default.str1.1
                0x0000000008006a19        0xc /home/kubitre/dubkov/riot-examples/05adc/bin/stm32f0discovery/cortexm_common.a(vectors_cortexm.o)
 *fill*         0x0000000008006a25        0x3 
 .rodata.uart_config
                0x0000000008006a28       0x28 /home/kubitre/dubkov/riot-examples/05adc/bin/stm32f0discovery/stm32_common_periph.a(uart.o)
 .rodata.core_panic.str1.1
                0x0000000008006a50       0x2f /home/kubitre/dubkov/riot-examples/05adc/bin/stm32f0discovery/core.a(panic.o)
 .rodata.main_trampoline.str1.1
                0x0000000008006a7f       0x42 /home/kubitre/dubkov/riot-examples/05adc/bin/stm32f0discovery/core.a(kernel_init.o)
 .rodata.str1.1
                0x0000000008006ac1        0xa /home/kubitre/dubkov/riot-examples/05adc/bin/stm32f0discovery/core.a(kernel_init.o)
 .rodata.apbmul
                0x0000000008006acb        0x2 /home/kubitre/dubkov/riot-examples/05adc/bin/stm32f0discovery/stm32_common.a(cpu_common.o)
 *fill*         0x0000000008006acd        0x3 
 .rodata.timer_config
                0x0000000008006ad0       0x10 /home/kubitre/dubkov/riot-examples/05adc/bin/stm32f0discovery/stm32_common_periph.a(timer.o)
 .rodata.main.str1.1
                0x0000000008006ae0       0x16 /home/kubitre/dubkov/riot-examples/05adc/bin/stm32f0discovery/application_adc.a(main.o)
 *fill*         0x0000000008006af6        0x2 
 .rodata.adc_config
                0x0000000008006af8       0x30 /home/kubitre/dubkov/riot-examples/05adc/bin/stm32f0discovery/periph.a(adc.o)
 .rodata.pow.str1.4
                0x0000000008006b28        0x4 /usr/bin/../lib/gcc/arm-none-eabi/7.3.1/../../../../arm-none-eabi/lib/thumb/v6-m/libm.a(lib_a-w_pow.o)
 .rodata.__ieee754_pow.str1.4
                0x0000000008006b2c        0x4 /usr/bin/../lib/gcc/arm-none-eabi/7.3.1/../../../../arm-none-eabi/lib/thumb/v6-m/libm.a(lib_a-e_pow.o)
                                          0x1 (size before relaxing)
 .rodata.TWO52  0x0000000008006b30       0x10 /usr/bin/../lib/gcc/arm-none-eabi/7.3.1/../../../../arm-none-eabi/lib/thumb/v6-m/libm.a(lib_a-s_rint.o)
 .rodata        0x0000000008006b40       0x40 /usr/bin/../lib/gcc/arm-none-eabi/7.3.1/thumb/v6-m/libgcc.a(divdf3.o)
 .rodata        0x0000000008006b80       0x40 /usr/bin/../lib/gcc/arm-none-eabi/7.3.1/thumb/v6-m/libgcc.a(muldf3.o)
 .rodata._global_impure_ptr
                0x0000000008006bc0        0x4 /usr/bin/../lib/gcc/arm-none-eabi/7.3.1/../../../../arm-none-eabi/lib/thumb/v6-m/libc_nano.a(lib_a-impure.o)
                0x0000000008006bc0                _global_impure_ptr
 .rodata._printf_float.str1.1
                0x0000000008006bc4       0x12 /usr/bin/../lib/gcc/arm-none-eabi/7.3.1/../../../../arm-none-eabi/lib/thumb/v6-m/libc_nano.a(lib_a-nano-vfprintf_float.o)
 .rodata._printf_i.str1.1
                0x0000000008006bd6       0x22 /usr/bin/../lib/gcc/arm-none-eabi/7.3.1/../../../../arm-none-eabi/lib/thumb/v6-m/libc_nano.a(lib_a-nano-vfprintf_i.o)
 .rodata._dtoa_r.str1.1
                0x0000000008006bf8        0xd /usr/bin/../lib/gcc/arm-none-eabi/7.3.1/../../../../arm-none-eabi/lib/thumb/v6-m/libc_nano.a(lib_a-dtoa.o)
                                          0xf (size before relaxing)
 *fill*         0x0000000008006c05        0x3 
 .rodata.__sf_fake_stderr
                0x0000000008006c08       0x20 /usr/bin/../lib/gcc/arm-none-eabi/7.3.1/../../../../arm-none-eabi/lib/thumb/v6-m/libc_nano.a(lib_a-findfp.o)
                0x0000000008006c08                __sf_fake_stderr
 .rodata.__sf_fake_stdin
                0x0000000008006c28       0x20 /usr/bin/../lib/gcc/arm-none-eabi/7.3.1/../../../../arm-none-eabi/lib/thumb/v6-m/libc_nano.a(lib_a-findfp.o)
                0x0000000008006c28                __sf_fake_stdin
 .rodata.__sf_fake_stdout
                0x0000000008006c48       0x20 /usr/bin/../lib/gcc/arm-none-eabi/7.3.1/../../../../arm-none-eabi/lib/thumb/v6-m/libc_nano.a(lib_a-findfp.o)
                0x0000000008006c48                __sf_fake_stdout
 .rodata.__mprec_bigtens
                0x0000000008006c68       0x28 /usr/bin/../lib/gcc/arm-none-eabi/7.3.1/../../../../arm-none-eabi/lib/thumb/v6-m/libc_nano.a(lib_a-mprec.o)
                0x0000000008006c68                __mprec_bigtens
 .rodata.__mprec_tens
                0x0000000008006c90       0xc8 /usr/bin/../lib/gcc/arm-none-eabi/7.3.1/../../../../arm-none-eabi/lib/thumb/v6-m/libc_nano.a(lib_a-mprec.o)
                0x0000000008006c90                __mprec_tens
 .rodata.p05.6084
                0x0000000008006d58        0xc /usr/bin/../lib/gcc/arm-none-eabi/7.3.1/../../../../arm-none-eabi/lib/thumb/v6-m/libc_nano.a(lib_a-mprec.o)
 .rodata._vfprintf_r.str1.1
                0x0000000008006d64       0x11 /usr/bin/../lib/gcc/arm-none-eabi/7.3.1/../../../../arm-none-eabi/lib/thumb/v6-m/libc_nano.a(lib_a-nano-vfprintf.o)
 .rodata._setlocale_r.str1.1
                0x0000000008006d75        0x8 /usr/bin/../lib/gcc/arm-none-eabi/7.3.1/../../../../arm-none-eabi/lib/thumb/v6-m/libc_nano.a(lib_a-locale.o)
                                          0x9 (size before relaxing)
 .rodata.str1.1
                0x0000000008006d7d        0x2 /usr/bin/../lib/gcc/arm-none-eabi/7.3.1/../../../../arm-none-eabi/lib/thumb/v6-m/libc_nano.a(lib_a-locale.o)
 .rodata._ctype_
                0x0000000008006d7f      0x101 /usr/bin/../lib/gcc/arm-none-eabi/7.3.1/../../../../arm-none-eabi/lib/thumb/v6-m/libc_nano.a(lib_a-ctype_.o)
                0x0000000008006d7f                _ctype_
 *(.ARM.extab* .gnu.linkonce.armextab.*)
                0x0000000008006e80                . = ALIGN (0x4)
 *(.init)
                0x0000000008006e80                . = ALIGN (0x4)
                0x0000000008006e80                __preinit_array_start = .
 *(.preinit_array)
                0x0000000008006e80                __preinit_array_end = .
                0x0000000008006e80                . = ALIGN (0x4)
                0x0000000008006e80                __init_array_start = .
 *(SORT_BY_NAME(.init_array.*))
 *(.init_array)
                0x0000000008006e80                __init_array_end = .
                0x0000000008006e80                . = ALIGN (0x4)
 *crtbegin.o(.ctors)
 *(EXCLUDE_FILE(*crtend.o) .ctors)
 *(SORT_BY_NAME(.ctors.*))
 *crtend.o(.ctors)
                0x0000000008006e80                . = ALIGN (0x4)
 *(.fini)
                0x0000000008006e80                . = ALIGN (0x4)
                0x0000000008006e80                __fini_array_start = .
 *(.fini_array)
 *(SORT_BY_NAME(.fini_array.*))
                0x0000000008006e80                __fini_array_end = .
 *crtbegin.o(.dtors)
 *(EXCLUDE_FILE(*crtend.o) .dtors)
 *(SORT_BY_NAME(.dtors.*))
 *crtend.o(.dtors)
                0x0000000008006e80                . = ALIGN (0x4)
                0x0000000008006e80                _efixed = .
                [!provide]                        PROVIDE (__exidx_start = .)

.vfp11_veneer   0x0000000008006e80        0x0
 .vfp11_veneer  0x0000000008006e80        0x0 linker stubs

.v4_bx          0x0000000008006e80        0x0
 .v4_bx         0x0000000008006e80        0x0 linker stubs

.iplt           0x0000000008006e80        0x0
 .iplt          0x0000000008006e80        0x0 /home/kubitre/dubkov/riot-examples/05adc/bin/stm32f0discovery/cpu/vectors.o

.igot.plt       0x0000000008006e80        0x0
 .igot.plt      0x0000000008006e80        0x0 /home/kubitre/dubkov/riot-examples/05adc/bin/stm32f0discovery/cpu/vectors.o

.rel.dyn        0x0000000008006e80        0x0
 .rel.iplt      0x0000000008006e80        0x0 /home/kubitre/dubkov/riot-examples/05adc/bin/stm32f0discovery/cpu/vectors.o

.ARM.exidx
 *(.ARM.exidx* .gnu.linkonce.armexidx.*)
                [!provide]                        PROVIDE (__exidx_end = .)
                0x0000000008006e80                . = ALIGN (0x4)

.eh_frame
 *(.eh_frame)
                0x0000000008006e80                . = ALIGN (0x4)
                0x0000000008006e80                _etext = .

.stack          0x0000000020000000      0x200
 *(.puf)
                0x0000000020000000                . = ALIGN (0x8)
                0x0000000020000000                _sstack = .
 *(.isr_stack)
 .isr_stack     0x0000000020000000      0x200 /home/kubitre/dubkov/riot-examples/05adc/bin/stm32f0discovery/cortexm_common.a(vectors_cortexm.o)
                0x0000000020000000                isr_stack
                0x0000000020000200                . = ALIGN (0x8)
                0x0000000020000200                _estack = .

.relocate       0x0000000020000200      0x1f8 load address 0x0000000008006e80
                0x0000000020000200                . = ALIGN (0x4)
                0x0000000020000200                _srelocate = .
 *(.ramfunc .ramfunc.*)
 *(.data .data.*)
 .data.heap_top
                0x0000000020000200        0x4 /home/kubitre/dubkov/riot-examples/05adc/bin/stm32f0discovery/newlib_syscalls_default/syscalls.o
                0x0000000020000200                heap_top
 .data.stdio_uart_isrpipe
                0x0000000020000204       0x14 /home/kubitre/dubkov/riot-examples/05adc/bin/stm32f0discovery/stdio_uart.a(stdio_uart.o)
                0x0000000020000204                stdio_uart_isrpipe
 .data.idle_name
                0x0000000020000218        0x4 /home/kubitre/dubkov/riot-examples/05adc/bin/stm32f0discovery/core.a(kernel_init.o)
                0x0000000020000218                idle_name
 .data.main_name
                0x000000002000021c        0x4 /home/kubitre/dubkov/riot-examples/05adc/bin/stm32f0discovery/core.a(kernel_init.o)
                0x000000002000021c                main_name
 .data.__fdlib_version
                0x0000000020000220        0x1 /usr/bin/../lib/gcc/arm-none-eabi/7.3.1/../../../../arm-none-eabi/lib/thumb/v6-m/libm.a(lib_a-s_lib_ver.o)
                0x0000000020000220                __fdlib_version
 *fill*         0x0000000020000221        0x3 
 .data._impure_ptr
                0x0000000020000224        0x4 /usr/bin/../lib/gcc/arm-none-eabi/7.3.1/../../../../arm-none-eabi/lib/thumb/v6-m/libc_nano.a(lib_a-impure.o)
                0x0000000020000224                _impure_ptr
 .data.impure_data
                0x0000000020000228       0x60 /usr/bin/../lib/gcc/arm-none-eabi/7.3.1/../../../../arm-none-eabi/lib/thumb/v6-m/libc_nano.a(lib_a-impure.o)
 .data.__global_locale
                0x0000000020000288      0x16c /usr/bin/../lib/gcc/arm-none-eabi/7.3.1/../../../../arm-none-eabi/lib/thumb/v6-m/libc_nano.a(lib_a-locale.o)
                0x0000000020000288                __global_locale
 *(.openocd .openocd.*)
 .openocd       0x00000000200003f4        0x1 /home/kubitre/dubkov/riot-examples/05adc/bin/stm32f0discovery/core.a(sched.o)
                0x00000000200003f4                max_threads
                0x00000000200003f8                . = ALIGN (0x4)
 *fill*         0x00000000200003f5        0x3 
                0x00000000200003f8                _erelocate = .

.bss            0x00000000200003f8      0x854 load address 0x0000000008007078
                0x00000000200003f8                . = ALIGN (0x4)
                0x00000000200003f8                _sbss = .
                0x00000000200003f8                _szero = .
 *(.bss .bss.*)
 .bss.runqueue_bitcache
                0x00000000200003f8        0x4 /home/kubitre/dubkov/riot-examples/05adc/bin/stm32f0discovery/core.a(sched.o)
 .bss.sched_active_pid
                0x00000000200003fc        0x2 /home/kubitre/dubkov/riot-examples/05adc/bin/stm32f0discovery/core.a(sched.o)
                0x00000000200003fc                sched_active_pid
 *fill*         0x00000000200003fe        0x2 
 .bss.sched_active_thread
                0x0000000020000400        0x4 /home/kubitre/dubkov/riot-examples/05adc/bin/stm32f0discovery/core.a(sched.o)
                0x0000000020000400                sched_active_thread
 .bss.sched_context_switch_request
                0x0000000020000404        0x4 /home/kubitre/dubkov/riot-examples/05adc/bin/stm32f0discovery/core.a(sched.o)
                0x0000000020000404                sched_context_switch_request
 .bss.sched_num_threads
                0x0000000020000408        0x4 /home/kubitre/dubkov/riot-examples/05adc/bin/stm32f0discovery/core.a(sched.o)
                0x0000000020000408                sched_num_threads
 .bss.sched_runqueues
                0x000000002000040c       0x40 /home/kubitre/dubkov/riot-examples/05adc/bin/stm32f0discovery/core.a(sched.o)
                0x000000002000040c                sched_runqueues
 .bss.sched_threads
                0x000000002000044c       0x84 /home/kubitre/dubkov/riot-examples/05adc/bin/stm32f0discovery/core.a(sched.o)
                0x000000002000044c                sched_threads
 .bss._rx_buf_mem
                0x00000000200004d0       0x40 /home/kubitre/dubkov/riot-examples/05adc/bin/stm32f0discovery/stdio_uart.a(stdio_uart.o)
 .bss.isr_ctx   0x0000000020000510       0x10 /home/kubitre/dubkov/riot-examples/05adc/bin/stm32f0discovery/stm32_common_periph.a(uart.o)
 .bss._in_handler
                0x0000000020000520        0x4 /home/kubitre/dubkov/riot-examples/05adc/bin/stm32f0discovery/xtimer.a(xtimer_core.o)
 .bss._long_cnt
                0x0000000020000524        0x4 /home/kubitre/dubkov/riot-examples/05adc/bin/stm32f0discovery/xtimer.a(xtimer_core.o)
 .bss.long_list_head
                0x0000000020000528        0x4 /home/kubitre/dubkov/riot-examples/05adc/bin/stm32f0discovery/xtimer.a(xtimer_core.o)
 .bss.overflow_list_head
                0x000000002000052c        0x4 /home/kubitre/dubkov/riot-examples/05adc/bin/stm32f0discovery/xtimer.a(xtimer_core.o)
 .bss.timer_list_head
                0x0000000020000530        0x4 /home/kubitre/dubkov/riot-examples/05adc/bin/stm32f0discovery/xtimer.a(xtimer_core.o)
 .bss.crashed   0x0000000020000534        0x4 /home/kubitre/dubkov/riot-examples/05adc/bin/stm32f0discovery/core.a(panic.o)
 .bss.idle_stack
                0x0000000020000538      0x100 /home/kubitre/dubkov/riot-examples/05adc/bin/stm32f0discovery/core.a(kernel_init.o)
 .bss.main_stack
                0x0000000020000638      0x600 /home/kubitre/dubkov/riot-examples/05adc/bin/stm32f0discovery/core.a(kernel_init.o)
 .bss.isr_ctx   0x0000000020000c38        0x8 /home/kubitre/dubkov/riot-examples/05adc/bin/stm32f0discovery/stm32_common_periph.a(timer.o)
 .bss.lock      0x0000000020000c40        0x4 /home/kubitre/dubkov/riot-examples/05adc/bin/stm32f0discovery/periph.a(adc.o)
 .bss.__malloc_free_list
                0x0000000020000c44        0x4 /usr/bin/../lib/gcc/arm-none-eabi/7.3.1/../../../../arm-none-eabi/lib/thumb/v6-m/libc_nano.a(lib_a-nano-mallocr.o)
                0x0000000020000c44                __malloc_free_list
 .bss.__malloc_sbrk_start
                0x0000000020000c48        0x4 /usr/bin/../lib/gcc/arm-none-eabi/7.3.1/../../../../arm-none-eabi/lib/thumb/v6-m/libc_nano.a(lib_a-nano-mallocr.o)
                0x0000000020000c48                __malloc_sbrk_start
 *(COMMON)
                0x0000000020000c4c                . = ALIGN (0x4)
                0x0000000020000c4c                _ebss = .
                0x0000000020000c4c                _ezero = .
                0x0000000020000c4c                . = ALIGN (0x4)
                0x0000000020000c4c                _sheap = .
                0x0000000020002000                _eheap = (ORIGIN (ram) + LENGTH (ram))
                0x0000000020000000                _sram = ORIGIN (ram)
                0x0000000020002000                _eram = (ORIGIN (ram) + LENGTH (ram))
OUTPUT(/home/kubitre/dubkov/riot-examples/05adc/bin/stm32f0discovery/adc.elf elf32-littlearm)

.debug_info     0x0000000000000000    0x1dc08
 .debug_info    0x0000000000000000       0xd7 /home/kubitre/dubkov/riot-examples/05adc/bin/stm32f0discovery/cpu/vectors.o
 .debug_info    0x00000000000000d7     0x1a45 /home/kubitre/dubkov/riot-examples/05adc/bin/stm32f0discovery/newlib_syscalls_default/syscalls.o
 .debug_info    0x0000000000001b1c      0xda8 /home/kubitre/dubkov/riot-examples/05adc/bin/stm32f0discovery/core.a(sched.o)
 .debug_info    0x00000000000028c4      0x936 /home/kubitre/dubkov/riot-examples/05adc/bin/stm32f0discovery/core.a(bitarithm.o)
 .debug_info    0x00000000000031fa      0xe59 /home/kubitre/dubkov/riot-examples/05adc/bin/stm32f0discovery/cortexm_common.a(thread_arch.o)
 .debug_info    0x0000000000004053      0xd46 /home/kubitre/dubkov/riot-examples/05adc/bin/stm32f0discovery/cortexm_common.a(vectors_cortexm.o)
 .debug_info    0x0000000000004d99      0xc3d /home/kubitre/dubkov/riot-examples/05adc/bin/stm32f0discovery/cortexm_common.a(irq_arch.o)
 .debug_info    0x00000000000059d6     0x1261 /home/kubitre/dubkov/riot-examples/05adc/bin/stm32f0discovery/stdio_uart.a(stdio_uart.o)
 .debug_info    0x0000000000006c37     0x170e /home/kubitre/dubkov/riot-examples/05adc/bin/stm32f0discovery/stm32_common_periph.a(uart.o)
 .debug_info    0x0000000000008345     0x15cf /home/kubitre/dubkov/riot-examples/05adc/bin/stm32f0discovery/stm32_common_periph.a(gpio.o)
 .debug_info    0x0000000000009914     0x1cce /home/kubitre/dubkov/riot-examples/05adc/bin/stm32f0discovery/xtimer.a(xtimer_core.o)
 .debug_info    0x000000000000b5e2     0x10d7 /home/kubitre/dubkov/riot-examples/05adc/bin/stm32f0discovery/board.a(board.o)
 .debug_info    0x000000000000c6b9      0xc1e /home/kubitre/dubkov/riot-examples/05adc/bin/stm32f0discovery/core.a(panic.o)
 .debug_info    0x000000000000d2d7      0xcf7 /home/kubitre/dubkov/riot-examples/05adc/bin/stm32f0discovery/core.a(kernel_init.o)
 .debug_info    0x000000000000dfce     0x1047 /home/kubitre/dubkov/riot-examples/05adc/bin/stm32f0discovery/core.a(thread.o)
 .debug_info    0x000000000000f015      0xc94 /home/kubitre/dubkov/riot-examples/05adc/bin/stm32f0discovery/cortexm_common_periph.a(pm.o)
 .debug_info    0x000000000000fca9     0x162b /home/kubitre/dubkov/riot-examples/05adc/bin/stm32f0discovery/isrpipe.a(isrpipe.o)
 .debug_info    0x00000000000112d4      0xb61 /home/kubitre/dubkov/riot-examples/05adc/bin/stm32f0discovery/stm32_common.a(cpu_init.o)
 .debug_info    0x0000000000011e35     0x11fa /home/kubitre/dubkov/riot-examples/05adc/bin/stm32f0discovery/stm32_common.a(cpu_common.o)
 .debug_info    0x000000000001302f     0x11d4 /home/kubitre/dubkov/riot-examples/05adc/bin/stm32f0discovery/stm32_common.a(stmclk.o)
 .debug_info    0x0000000000014203     0x1166 /home/kubitre/dubkov/riot-examples/05adc/bin/stm32f0discovery/stm32_common.a(stmclk_common.o)
 .debug_info    0x0000000000015369     0x159e /home/kubitre/dubkov/riot-examples/05adc/bin/stm32f0discovery/stm32_common_periph.a(timer.o)
 .debug_info    0x0000000000016907      0x39e /home/kubitre/dubkov/riot-examples/05adc/bin/stm32f0discovery/tsrb.a(tsrb.o)
 .debug_info    0x0000000000016ca5       0x3b /home/kubitre/dubkov/riot-examples/05adc/bin/stm32f0discovery/periph_common.a(init.o)
 .debug_info    0x0000000000016ce0     0x118e /home/kubitre/dubkov/riot-examples/05adc/bin/stm32f0discovery/application_adc.a(main.o)
 .debug_info    0x0000000000017e6e     0x1030 /home/kubitre/dubkov/riot-examples/05adc/bin/stm32f0discovery/auto_init.a(auto_init.o)
 .debug_info    0x0000000000018e9e      0xe1d /home/kubitre/dubkov/riot-examples/05adc/bin/stm32f0discovery/core.a(mutex.o)
 .debug_info    0x0000000000019cbb      0xe9c /home/kubitre/dubkov/riot-examples/05adc/bin/stm32f0discovery/cortexm_common.a(cortexm_init.o)
 .debug_info    0x000000000001ab57     0x13c1 /home/kubitre/dubkov/riot-examples/05adc/bin/stm32f0discovery/periph.a(adc.o)
 .debug_info    0x000000000001bf18     0x1cf0 /home/kubitre/dubkov/riot-examples/05adc/bin/stm32f0discovery/xtimer.a(xtimer.o)

.debug_abbrev   0x0000000000000000     0x4c81
 .debug_abbrev  0x0000000000000000       0xaa /home/kubitre/dubkov/riot-examples/05adc/bin/stm32f0discovery/cpu/vectors.o
 .debug_abbrev  0x00000000000000aa      0x431 /home/kubitre/dubkov/riot-examples/05adc/bin/stm32f0discovery/newlib_syscalls_default/syscalls.o
 .debug_abbrev  0x00000000000004db      0x315 /home/kubitre/dubkov/riot-examples/05adc/bin/stm32f0discovery/core.a(sched.o)
 .debug_abbrev  0x00000000000007f0      0x1bf /home/kubitre/dubkov/riot-examples/05adc/bin/stm32f0discovery/core.a(bitarithm.o)
 .debug_abbrev  0x00000000000009af      0x33b /home/kubitre/dubkov/riot-examples/05adc/bin/stm32f0discovery/cortexm_common.a(thread_arch.o)
 .debug_abbrev  0x0000000000000cea      0x27e /home/kubitre/dubkov/riot-examples/05adc/bin/stm32f0discovery/cortexm_common.a(vectors_cortexm.o)
 .debug_abbrev  0x0000000000000f68      0x24f /home/kubitre/dubkov/riot-examples/05adc/bin/stm32f0discovery/cortexm_common.a(irq_arch.o)
 .debug_abbrev  0x00000000000011b7      0x24c /home/kubitre/dubkov/riot-examples/05adc/bin/stm32f0discovery/stdio_uart.a(stdio_uart.o)
 .debug_abbrev  0x0000000000001403      0x3a3 /home/kubitre/dubkov/riot-examples/05adc/bin/stm32f0discovery/stm32_common_periph.a(uart.o)
 .debug_abbrev  0x00000000000017a6      0x2c5 /home/kubitre/dubkov/riot-examples/05adc/bin/stm32f0discovery/stm32_common_periph.a(gpio.o)
 .debug_abbrev  0x0000000000001a6b      0x4fa /home/kubitre/dubkov/riot-examples/05adc/bin/stm32f0discovery/xtimer.a(xtimer_core.o)
 .debug_abbrev  0x0000000000001f65      0x1fa /home/kubitre/dubkov/riot-examples/05adc/bin/stm32f0discovery/board.a(board.o)
 .debug_abbrev  0x000000000000215f      0x224 /home/kubitre/dubkov/riot-examples/05adc/bin/stm32f0discovery/core.a(panic.o)
 .debug_abbrev  0x0000000000002383      0x241 /home/kubitre/dubkov/riot-examples/05adc/bin/stm32f0discovery/core.a(kernel_init.o)
 .debug_abbrev  0x00000000000025c4      0x32a /home/kubitre/dubkov/riot-examples/05adc/bin/stm32f0discovery/core.a(thread.o)
 .debug_abbrev  0x00000000000028ee      0x247 /home/kubitre/dubkov/riot-examples/05adc/bin/stm32f0discovery/cortexm_common_periph.a(pm.o)
 .debug_abbrev  0x0000000000002b35      0x356 /home/kubitre/dubkov/riot-examples/05adc/bin/stm32f0discovery/isrpipe.a(isrpipe.o)
 .debug_abbrev  0x0000000000002e8b      0x1f8 /home/kubitre/dubkov/riot-examples/05adc/bin/stm32f0discovery/stm32_common.a(cpu_init.o)
 .debug_abbrev  0x0000000000003083      0x28e /home/kubitre/dubkov/riot-examples/05adc/bin/stm32f0discovery/stm32_common.a(cpu_common.o)
 .debug_abbrev  0x0000000000003311      0x207 /home/kubitre/dubkov/riot-examples/05adc/bin/stm32f0discovery/stm32_common.a(stmclk.o)
 .debug_abbrev  0x0000000000003518      0x1c3 /home/kubitre/dubkov/riot-examples/05adc/bin/stm32f0discovery/stm32_common.a(stmclk_common.o)
 .debug_abbrev  0x00000000000036db      0x382 /home/kubitre/dubkov/riot-examples/05adc/bin/stm32f0discovery/stm32_common_periph.a(timer.o)
 .debug_abbrev  0x0000000000003a5d      0x193 /home/kubitre/dubkov/riot-examples/05adc/bin/stm32f0discovery/tsrb.a(tsrb.o)
 .debug_abbrev  0x0000000000003bf0       0x2f /home/kubitre/dubkov/riot-examples/05adc/bin/stm32f0discovery/periph_common.a(init.o)
 .debug_abbrev  0x0000000000003c1f      0x281 /home/kubitre/dubkov/riot-examples/05adc/bin/stm32f0discovery/application_adc.a(main.o)
 .debug_abbrev  0x0000000000003ea0      0x1e1 /home/kubitre/dubkov/riot-examples/05adc/bin/stm32f0discovery/auto_init.a(auto_init.o)
 .debug_abbrev  0x0000000000004081      0x2a3 /home/kubitre/dubkov/riot-examples/05adc/bin/stm32f0discovery/core.a(mutex.o)
 .debug_abbrev  0x0000000000004324      0x2a4 /home/kubitre/dubkov/riot-examples/05adc/bin/stm32f0discovery/cortexm_common.a(cortexm_init.o)
 .debug_abbrev  0x00000000000045c8      0x2cd /home/kubitre/dubkov/riot-examples/05adc/bin/stm32f0discovery/periph.a(adc.o)
 .debug_abbrev  0x0000000000004895      0x3ec /home/kubitre/dubkov/riot-examples/05adc/bin/stm32f0discovery/xtimer.a(xtimer.o)

.debug_aranges  0x0000000000000000      0x778
 .debug_aranges
                0x0000000000000000       0x20 /home/kubitre/dubkov/riot-examples/05adc/bin/stm32f0discovery/cpu/vectors.o
 .debug_aranges
                0x0000000000000020       0xb8 /home/kubitre/dubkov/riot-examples/05adc/bin/stm32f0discovery/newlib_syscalls_default/syscalls.o
 .debug_aranges
                0x00000000000000d8       0x38 /home/kubitre/dubkov/riot-examples/05adc/bin/stm32f0discovery/core.a(sched.o)
 .debug_aranges
                0x0000000000000110       0x28 /home/kubitre/dubkov/riot-examples/05adc/bin/stm32f0discovery/core.a(bitarithm.o)
 .debug_aranges
                0x0000000000000138       0x60 /home/kubitre/dubkov/riot-examples/05adc/bin/stm32f0discovery/cortexm_common.a(thread_arch.o)
 .debug_aranges
                0x0000000000000198       0x40 /home/kubitre/dubkov/riot-examples/05adc/bin/stm32f0discovery/cortexm_common.a(vectors_cortexm.o)
 .debug_aranges
                0x00000000000001d8       0x38 /home/kubitre/dubkov/riot-examples/05adc/bin/stm32f0discovery/cortexm_common.a(irq_arch.o)
 .debug_aranges
                0x0000000000000210       0x30 /home/kubitre/dubkov/riot-examples/05adc/bin/stm32f0discovery/stdio_uart.a(stdio_uart.o)
 .debug_aranges
                0x0000000000000240       0x50 /home/kubitre/dubkov/riot-examples/05adc/bin/stm32f0discovery/stm32_common_periph.a(uart.o)
 .debug_aranges
                0x0000000000000290       0x68 /home/kubitre/dubkov/riot-examples/05adc/bin/stm32f0discovery/stm32_common_periph.a(gpio.o)
 .debug_aranges
                0x00000000000002f8       0x78 /home/kubitre/dubkov/riot-examples/05adc/bin/stm32f0discovery/xtimer.a(xtimer_core.o)
 .debug_aranges
                0x0000000000000370       0x20 /home/kubitre/dubkov/riot-examples/05adc/bin/stm32f0discovery/board.a(board.o)
 .debug_aranges
                0x0000000000000390       0x28 /home/kubitre/dubkov/riot-examples/05adc/bin/stm32f0discovery/core.a(panic.o)
 .debug_aranges
                0x00000000000003b8       0x30 /home/kubitre/dubkov/riot-examples/05adc/bin/stm32f0discovery/core.a(kernel_init.o)
 .debug_aranges
                0x00000000000003e8       0x58 /home/kubitre/dubkov/riot-examples/05adc/bin/stm32f0discovery/core.a(thread.o)
 .debug_aranges
                0x0000000000000440       0x28 /home/kubitre/dubkov/riot-examples/05adc/bin/stm32f0discovery/cortexm_common_periph.a(pm.o)
 .debug_aranges
                0x0000000000000468       0x48 /home/kubitre/dubkov/riot-examples/05adc/bin/stm32f0discovery/isrpipe.a(isrpipe.o)
 .debug_aranges
                0x00000000000004b0       0x20 /home/kubitre/dubkov/riot-examples/05adc/bin/stm32f0discovery/stm32_common.a(cpu_init.o)
 .debug_aranges
                0x00000000000004d0       0x38 /home/kubitre/dubkov/riot-examples/05adc/bin/stm32f0discovery/stm32_common.a(cpu_common.o)
 .debug_aranges
                0x0000000000000508       0x20 /home/kubitre/dubkov/riot-examples/05adc/bin/stm32f0discovery/stm32_common.a(stmclk.o)
 .debug_aranges
                0x0000000000000528       0x48 /home/kubitre/dubkov/riot-examples/05adc/bin/stm32f0discovery/stm32_common.a(stmclk_common.o)
 .debug_aranges
                0x0000000000000570       0x50 /home/kubitre/dubkov/riot-examples/05adc/bin/stm32f0discovery/stm32_common_periph.a(timer.o)
 .debug_aranges
                0x00000000000005c0       0x48 /home/kubitre/dubkov/riot-examples/05adc/bin/stm32f0discovery/tsrb.a(tsrb.o)
 .debug_aranges
                0x0000000000000608       0x20 /home/kubitre/dubkov/riot-examples/05adc/bin/stm32f0discovery/periph_common.a(init.o)
 .debug_aranges
                0x0000000000000628       0x20 /home/kubitre/dubkov/riot-examples/05adc/bin/stm32f0discovery/application_adc.a(main.o)
 .debug_aranges
                0x0000000000000648       0x20 /home/kubitre/dubkov/riot-examples/05adc/bin/stm32f0discovery/auto_init.a(auto_init.o)
 .debug_aranges
                0x0000000000000668       0x30 /home/kubitre/dubkov/riot-examples/05adc/bin/stm32f0discovery/core.a(mutex.o)
 .debug_aranges
                0x0000000000000698       0x20 /home/kubitre/dubkov/riot-examples/05adc/bin/stm32f0discovery/cortexm_common.a(cortexm_init.o)
 .debug_aranges
                0x00000000000006b8       0x30 /home/kubitre/dubkov/riot-examples/05adc/bin/stm32f0discovery/periph.a(adc.o)
 .debug_aranges
                0x00000000000006e8       0x90 /home/kubitre/dubkov/riot-examples/05adc/bin/stm32f0discovery/xtimer.a(xtimer.o)

.debug_ranges   0x0000000000000000      0xc88
 .debug_ranges  0x0000000000000000       0x10 /home/kubitre/dubkov/riot-examples/05adc/bin/stm32f0discovery/cpu/vectors.o
 .debug_ranges  0x0000000000000010       0xe8 /home/kubitre/dubkov/riot-examples/05adc/bin/stm32f0discovery/newlib_syscalls_default/syscalls.o
 .debug_ranges  0x00000000000000f8       0x90 /home/kubitre/dubkov/riot-examples/05adc/bin/stm32f0discovery/core.a(sched.o)
 .debug_ranges  0x0000000000000188       0x18 /home/kubitre/dubkov/riot-examples/05adc/bin/stm32f0discovery/core.a(bitarithm.o)
 .debug_ranges  0x00000000000001a0       0x68 /home/kubitre/dubkov/riot-examples/05adc/bin/stm32f0discovery/cortexm_common.a(thread_arch.o)
 .debug_ranges  0x0000000000000208       0x30 /home/kubitre/dubkov/riot-examples/05adc/bin/stm32f0discovery/cortexm_common.a(vectors_cortexm.o)
 .debug_ranges  0x0000000000000238       0x28 /home/kubitre/dubkov/riot-examples/05adc/bin/stm32f0discovery/cortexm_common.a(irq_arch.o)
 .debug_ranges  0x0000000000000260       0x20 /home/kubitre/dubkov/riot-examples/05adc/bin/stm32f0discovery/stdio_uart.a(stdio_uart.o)
 .debug_ranges  0x0000000000000280       0xa0 /home/kubitre/dubkov/riot-examples/05adc/bin/stm32f0discovery/stm32_common_periph.a(uart.o)
 .debug_ranges  0x0000000000000320      0x128 /home/kubitre/dubkov/riot-examples/05adc/bin/stm32f0discovery/stm32_common_periph.a(gpio.o)
 .debug_ranges  0x0000000000000448      0x1f8 /home/kubitre/dubkov/riot-examples/05adc/bin/stm32f0discovery/xtimer.a(xtimer_core.o)
 .debug_ranges  0x0000000000000640       0x10 /home/kubitre/dubkov/riot-examples/05adc/bin/stm32f0discovery/board.a(board.o)
 .debug_ranges  0x0000000000000650       0x18 /home/kubitre/dubkov/riot-examples/05adc/bin/stm32f0discovery/core.a(panic.o)
 .debug_ranges  0x0000000000000668       0x20 /home/kubitre/dubkov/riot-examples/05adc/bin/stm32f0discovery/core.a(kernel_init.o)
 .debug_ranges  0x0000000000000688       0x80 /home/kubitre/dubkov/riot-examples/05adc/bin/stm32f0discovery/core.a(thread.o)
 .debug_ranges  0x0000000000000708       0x30 /home/kubitre/dubkov/riot-examples/05adc/bin/stm32f0discovery/cortexm_common_periph.a(pm.o)
 .debug_ranges  0x0000000000000738       0x80 /home/kubitre/dubkov/riot-examples/05adc/bin/stm32f0discovery/isrpipe.a(isrpipe.o)
 .debug_ranges  0x00000000000007b8       0x10 /home/kubitre/dubkov/riot-examples/05adc/bin/stm32f0discovery/stm32_common.a(cpu_init.o)
 .debug_ranges  0x00000000000007c8       0x28 /home/kubitre/dubkov/riot-examples/05adc/bin/stm32f0discovery/stm32_common.a(cpu_common.o)
 .debug_ranges  0x00000000000007f0       0x10 /home/kubitre/dubkov/riot-examples/05adc/bin/stm32f0discovery/stm32_common.a(stmclk.o)
 .debug_ranges  0x0000000000000800       0x38 /home/kubitre/dubkov/riot-examples/05adc/bin/stm32f0discovery/stm32_common.a(stmclk_common.o)
 .debug_ranges  0x0000000000000838       0x78 /home/kubitre/dubkov/riot-examples/05adc/bin/stm32f0discovery/stm32_common_periph.a(timer.o)
 .debug_ranges  0x00000000000008b0       0x88 /home/kubitre/dubkov/riot-examples/05adc/bin/stm32f0discovery/tsrb.a(tsrb.o)
 .debug_ranges  0x0000000000000938       0x10 /home/kubitre/dubkov/riot-examples/05adc/bin/stm32f0discovery/periph_common.a(init.o)
 .debug_ranges  0x0000000000000948       0x10 /home/kubitre/dubkov/riot-examples/05adc/bin/stm32f0discovery/application_adc.a(main.o)
 .debug_ranges  0x0000000000000958       0x10 /home/kubitre/dubkov/riot-examples/05adc/bin/stm32f0discovery/auto_init.a(auto_init.o)
 .debug_ranges  0x0000000000000968       0x80 /home/kubitre/dubkov/riot-examples/05adc/bin/stm32f0discovery/core.a(mutex.o)
 .debug_ranges  0x00000000000009e8       0x98 /home/kubitre/dubkov/riot-examples/05adc/bin/stm32f0discovery/cortexm_common.a(cortexm_init.o)
 .debug_ranges  0x0000000000000a80       0x58 /home/kubitre/dubkov/riot-examples/05adc/bin/stm32f0discovery/periph.a(adc.o)
 .debug_ranges  0x0000000000000ad8      0x1b0 /home/kubitre/dubkov/riot-examples/05adc/bin/stm32f0discovery/xtimer.a(xtimer.o)

.debug_macro    0x0000000000000000    0x1fdbc
 .debug_macro   0x0000000000000000       0xe3 /home/kubitre/dubkov/riot-examples/05adc/bin/stm32f0discovery/cpu/vectors.o
 .debug_macro   0x00000000000000e3      0xa3c /home/kubitre/dubkov/riot-examples/05adc/bin/stm32f0discovery/cpu/vectors.o
 .debug_macro   0x0000000000000b1f       0xf4 /home/kubitre/dubkov/riot-examples/05adc/bin/stm32f0discovery/cpu/vectors.o
 .debug_macro   0x0000000000000c13       0x28 /home/kubitre/dubkov/riot-examples/05adc/bin/stm32f0discovery/cpu/vectors.o
 .debug_macro   0x0000000000000c3b       0x2e /home/kubitre/dubkov/riot-examples/05adc/bin/stm32f0discovery/cpu/vectors.o
 .debug_macro   0x0000000000000c69       0x22 /home/kubitre/dubkov/riot-examples/05adc/bin/stm32f0discovery/cpu/vectors.o
 .debug_macro   0x0000000000000c8b       0x22 /home/kubitre/dubkov/riot-examples/05adc/bin/stm32f0discovery/cpu/vectors.o
 .debug_macro   0x0000000000000cad       0x56 /home/kubitre/dubkov/riot-examples/05adc/bin/stm32f0discovery/cpu/vectors.o
 .debug_macro   0x0000000000000d03       0x51 /home/kubitre/dubkov/riot-examples/05adc/bin/stm32f0discovery/cpu/vectors.o
 .debug_macro   0x0000000000000d54       0xef /home/kubitre/dubkov/riot-examples/05adc/bin/stm32f0discovery/cpu/vectors.o
 .debug_macro   0x0000000000000e43       0x6a /home/kubitre/dubkov/riot-examples/05adc/bin/stm32f0discovery/cpu/vectors.o
 .debug_macro   0x0000000000000ead      0x1df /home/kubitre/dubkov/riot-examples/05adc/bin/stm32f0discovery/cpu/vectors.o
 .debug_macro   0x000000000000108c       0x34 /home/kubitre/dubkov/riot-examples/05adc/bin/stm32f0discovery/cpu/vectors.o
 .debug_macro   0x00000000000010c0       0x26 /home/kubitre/dubkov/riot-examples/05adc/bin/stm32f0discovery/cpu/vectors.o
 .debug_macro   0x00000000000010e6      0x30d /home/kubitre/dubkov/riot-examples/05adc/bin/stm32f0discovery/cpu/vectors.o
 .debug_macro   0x00000000000013f3     0x3dc2 /home/kubitre/dubkov/riot-examples/05adc/bin/stm32f0discovery/cpu/vectors.o
 .debug_macro   0x00000000000051b5       0x35 /home/kubitre/dubkov/riot-examples/05adc/bin/stm32f0discovery/cpu/vectors.o
 .debug_macro   0x00000000000051ea       0x28 /home/kubitre/dubkov/riot-examples/05adc/bin/stm32f0discovery/cpu/vectors.o
 .debug_macro   0x0000000000005212       0x16 /home/kubitre/dubkov/riot-examples/05adc/bin/stm32f0discovery/cpu/vectors.o
 .debug_macro   0x0000000000005228      0x48f /home/kubitre/dubkov/riot-examples/05adc/bin/stm32f0discovery/newlib_syscalls_default/syscalls.o
 .debug_macro   0x00000000000056b7      0xa3c /home/kubitre/dubkov/riot-examples/05adc/bin/stm32f0discovery/newlib_syscalls_default/syscalls.o
 .debug_macro   0x00000000000060f3       0x40 /home/kubitre/dubkov/riot-examples/05adc/bin/stm32f0discovery/newlib_syscalls_default/syscalls.o
 .debug_macro   0x0000000000006133       0x18 /home/kubitre/dubkov/riot-examples/05adc/bin/stm32f0discovery/newlib_syscalls_default/syscalls.o
 .debug_macro   0x000000000000614b       0x5c /home/kubitre/dubkov/riot-examples/05adc/bin/stm32f0discovery/newlib_syscalls_default/syscalls.o
 .debug_macro   0x00000000000061a7       0x3c /home/kubitre/dubkov/riot-examples/05adc/bin/stm32f0discovery/newlib_syscalls_default/syscalls.o
 .debug_macro   0x00000000000061e3       0x34 /home/kubitre/dubkov/riot-examples/05adc/bin/stm32f0discovery/newlib_syscalls_default/syscalls.o
 .debug_macro   0x0000000000006217       0x10 /home/kubitre/dubkov/riot-examples/05adc/bin/stm32f0discovery/newlib_syscalls_default/syscalls.o
 .debug_macro   0x0000000000006227       0x57 /home/kubitre/dubkov/riot-examples/05adc/bin/stm32f0discovery/newlib_syscalls_default/syscalls.o
 .debug_macro   0x000000000000627e       0xcf /home/kubitre/dubkov/riot-examples/05adc/bin/stm32f0discovery/newlib_syscalls_default/syscalls.o
 .debug_macro   0x000000000000634d      0x353 /home/kubitre/dubkov/riot-examples/05adc/bin/stm32f0discovery/newlib_syscalls_default/syscalls.o
 .debug_macro   0x00000000000066a0       0x10 /home/kubitre/dubkov/riot-examples/05adc/bin/stm32f0discovery/newlib_syscalls_default/syscalls.o
 .debug_macro   0x00000000000066b0       0xb7 /home/kubitre/dubkov/riot-examples/05adc/bin/stm32f0discovery/newlib_syscalls_default/syscalls.o
 .debug_macro   0x0000000000006767       0x52 /home/kubitre/dubkov/riot-examples/05adc/bin/stm32f0discovery/newlib_syscalls_default/syscalls.o
 .debug_macro   0x00000000000067b9       0x1f /home/kubitre/dubkov/riot-examples/05adc/bin/stm32f0discovery/newlib_syscalls_default/syscalls.o
 .debug_macro   0x00000000000067d8       0x43 /home/kubitre/dubkov/riot-examples/05adc/bin/stm32f0discovery/newlib_syscalls_default/syscalls.o
 .debug_macro   0x000000000000681b       0x20 /home/kubitre/dubkov/riot-examples/05adc/bin/stm32f0discovery/newlib_syscalls_default/syscalls.o
 .debug_macro   0x000000000000683b       0xb6 /home/kubitre/dubkov/riot-examples/05adc/bin/stm32f0discovery/newlib_syscalls_default/syscalls.o
 .debug_macro   0x00000000000068f1      0x4fe /home/kubitre/dubkov/riot-examples/05adc/bin/stm32f0discovery/newlib_syscalls_default/syscalls.o
 .debug_macro   0x0000000000006def      0x1a3 /home/kubitre/dubkov/riot-examples/05adc/bin/stm32f0discovery/newlib_syscalls_default/syscalls.o
 .debug_macro   0x0000000000006f92       0x10 /home/kubitre/dubkov/riot-examples/05adc/bin/stm32f0discovery/newlib_syscalls_default/syscalls.o
 .debug_macro   0x0000000000006fa2       0x35 /home/kubitre/dubkov/riot-examples/05adc/bin/stm32f0discovery/newlib_syscalls_default/syscalls.o
 .debug_macro   0x0000000000006fd7       0x10 /home/kubitre/dubkov/riot-examples/05adc/bin/stm32f0discovery/newlib_syscalls_default/syscalls.o
 .debug_macro   0x0000000000006fe7      0x241 /home/kubitre/dubkov/riot-examples/05adc/bin/stm32f0discovery/newlib_syscalls_default/syscalls.o
 .debug_macro   0x0000000000007228       0x16 /home/kubitre/dubkov/riot-examples/05adc/bin/stm32f0discovery/newlib_syscalls_default/syscalls.o
 .debug_macro   0x000000000000723e       0x10 /home/kubitre/dubkov/riot-examples/05adc/bin/stm32f0discovery/newlib_syscalls_default/syscalls.o
 .debug_macro   0x000000000000724e       0x16 /home/kubitre/dubkov/riot-examples/05adc/bin/stm32f0discovery/newlib_syscalls_default/syscalls.o
 .debug_macro   0x0000000000007264       0xff /home/kubitre/dubkov/riot-examples/05adc/bin/stm32f0discovery/newlib_syscalls_default/syscalls.o
 .debug_macro   0x0000000000007363       0x16 /home/kubitre/dubkov/riot-examples/05adc/bin/stm32f0discovery/newlib_syscalls_default/syscalls.o
 .debug_macro   0x0000000000007379       0x22 /home/kubitre/dubkov/riot-examples/05adc/bin/stm32f0discovery/newlib_syscalls_default/syscalls.o
 .debug_macro   0x000000000000739b       0x16 /home/kubitre/dubkov/riot-examples/05adc/bin/stm32f0discovery/newlib_syscalls_default/syscalls.o
 .debug_macro   0x00000000000073b1       0x16 /home/kubitre/dubkov/riot-examples/05adc/bin/stm32f0discovery/newlib_syscalls_default/syscalls.o
 .debug_macro   0x00000000000073c7       0x10 /home/kubitre/dubkov/riot-examples/05adc/bin/stm32f0discovery/newlib_syscalls_default/syscalls.o
 .debug_macro   0x00000000000073d7       0x10 /home/kubitre/dubkov/riot-examples/05adc/bin/stm32f0discovery/newlib_syscalls_default/syscalls.o
 .debug_macro   0x00000000000073e7       0x2e /home/kubitre/dubkov/riot-examples/05adc/bin/stm32f0discovery/newlib_syscalls_default/syscalls.o
 .debug_macro   0x0000000000007415       0xf5 /home/kubitre/dubkov/riot-examples/05adc/bin/stm32f0discovery/newlib_syscalls_default/syscalls.o
 .debug_macro   0x000000000000750a       0x22 /home/kubitre/dubkov/riot-examples/05adc/bin/stm32f0discovery/newlib_syscalls_default/syscalls.o
 .debug_macro   0x000000000000752c       0x2f /home/kubitre/dubkov/riot-examples/05adc/bin/stm32f0discovery/newlib_syscalls_default/syscalls.o
 .debug_macro   0x000000000000755b       0x3a /home/kubitre/dubkov/riot-examples/05adc/bin/stm32f0discovery/newlib_syscalls_default/syscalls.o
 .debug_macro   0x0000000000007595       0xd6 /home/kubitre/dubkov/riot-examples/05adc/bin/stm32f0discovery/newlib_syscalls_default/syscalls.o
 .debug_macro   0x000000000000766b       0x10 /home/kubitre/dubkov/riot-examples/05adc/bin/stm32f0discovery/newlib_syscalls_default/syscalls.o
 .debug_macro   0x000000000000767b      0x460 /home/kubitre/dubkov/riot-examples/05adc/bin/stm32f0discovery/newlib_syscalls_default/syscalls.o
 .debug_macro   0x0000000000007adb       0x2b /home/kubitre/dubkov/riot-examples/05adc/bin/stm32f0discovery/newlib_syscalls_default/syscalls.o
 .debug_macro   0x0000000000007b06       0xee /home/kubitre/dubkov/riot-examples/05adc/bin/stm32f0discovery/newlib_syscalls_default/syscalls.o
 .debug_macro   0x0000000000007bf4       0x28 /home/kubitre/dubkov/riot-examples/05adc/bin/stm32f0discovery/newlib_syscalls_default/syscalls.o
 .debug_macro   0x0000000000007c1c       0x10 /home/kubitre/dubkov/riot-examples/05adc/bin/stm32f0discovery/newlib_syscalls_default/syscalls.o
 .debug_macro   0x0000000000007c2c       0x12 /home/kubitre/dubkov/riot-examples/05adc/bin/stm32f0discovery/newlib_syscalls_default/syscalls.o
 .debug_macro   0x0000000000007c3e       0xba /home/kubitre/dubkov/riot-examples/05adc/bin/stm32f0discovery/newlib_syscalls_default/syscalls.o
 .debug_macro   0x0000000000007cf8       0x16 /home/kubitre/dubkov/riot-examples/05adc/bin/stm32f0discovery/newlib_syscalls_default/syscalls.o
 .debug_macro   0x0000000000007d0e       0x58 /home/kubitre/dubkov/riot-examples/05adc/bin/stm32f0discovery/newlib_syscalls_default/syscalls.o
 .debug_macro   0x0000000000007d66       0x34 /home/kubitre/dubkov/riot-examples/05adc/bin/stm32f0discovery/newlib_syscalls_default/syscalls.o
 .debug_macro   0x0000000000007d9a       0x86 /home/kubitre/dubkov/riot-examples/05adc/bin/stm32f0discovery/newlib_syscalls_default/syscalls.o
 .debug_macro   0x0000000000007e20       0x10 /home/kubitre/dubkov/riot-examples/05adc/bin/stm32f0discovery/newlib_syscalls_default/syscalls.o
 .debug_macro   0x0000000000007e30       0x10 /home/kubitre/dubkov/riot-examples/05adc/bin/stm32f0discovery/newlib_syscalls_default/syscalls.o
 .debug_macro   0x0000000000007e40       0x43 /home/kubitre/dubkov/riot-examples/05adc/bin/stm32f0discovery/newlib_syscalls_default/syscalls.o
 .debug_macro   0x0000000000007e83       0x1c /home/kubitre/dubkov/riot-examples/05adc/bin/stm32f0discovery/newlib_syscalls_default/syscalls.o
 .debug_macro   0x0000000000007e9f       0x34 /home/kubitre/dubkov/riot-examples/05adc/bin/stm32f0discovery/newlib_syscalls_default/syscalls.o
 .debug_macro   0x0000000000007ed3       0x16 /home/kubitre/dubkov/riot-examples/05adc/bin/stm32f0discovery/newlib_syscalls_default/syscalls.o
 .debug_macro   0x0000000000007ee9       0x77 /home/kubitre/dubkov/riot-examples/05adc/bin/stm32f0discovery/newlib_syscalls_default/syscalls.o
 .debug_macro   0x0000000000007f60       0x58 /home/kubitre/dubkov/riot-examples/05adc/bin/stm32f0discovery/newlib_syscalls_default/syscalls.o
 .debug_macro   0x0000000000007fb8       0x10 /home/kubitre/dubkov/riot-examples/05adc/bin/stm32f0discovery/newlib_syscalls_default/syscalls.o
 .debug_macro   0x0000000000007fc8       0x10 /home/kubitre/dubkov/riot-examples/05adc/bin/stm32f0discovery/newlib_syscalls_default/syscalls.o
 .debug_macro   0x0000000000007fd8      0x300 /home/kubitre/dubkov/riot-examples/05adc/bin/stm32f0discovery/core.a(sched.o)
 .debug_macro   0x00000000000082d8      0xa3c /home/kubitre/dubkov/riot-examples/05adc/bin/stm32f0discovery/core.a(sched.o)
 .debug_macro   0x0000000000008d14      0x16d /home/kubitre/dubkov/riot-examples/05adc/bin/stm32f0discovery/core.a(sched.o)
 .debug_macro   0x0000000000008e81       0x46 /home/kubitre/dubkov/riot-examples/05adc/bin/stm32f0discovery/core.a(sched.o)
 .debug_macro   0x0000000000008ec7       0x3a /home/kubitre/dubkov/riot-examples/05adc/bin/stm32f0discovery/core.a(sched.o)
 .debug_macro   0x0000000000008f01       0x25 /home/kubitre/dubkov/riot-examples/05adc/bin/stm32f0discovery/core.a(sched.o)
 .debug_macro   0x0000000000008f26       0x2e /home/kubitre/dubkov/riot-examples/05adc/bin/stm32f0discovery/core.a(sched.o)
 .debug_macro   0x0000000000008f54       0x1c /home/kubitre/dubkov/riot-examples/05adc/bin/stm32f0discovery/core.a(sched.o)
 .debug_macro   0x0000000000008f70      0x114 /home/kubitre/dubkov/riot-examples/05adc/bin/stm32f0discovery/core.a(sched.o)
 .debug_macro   0x0000000000009084       0x1c /home/kubitre/dubkov/riot-examples/05adc/bin/stm32f0discovery/core.a(sched.o)
 .debug_macro   0x00000000000090a0      0x1cb /home/kubitre/dubkov/riot-examples/05adc/bin/stm32f0discovery/core.a(bitarithm.o)
 .debug_macro   0x000000000000926b      0xa3c /home/kubitre/dubkov/riot-examples/05adc/bin/stm32f0discovery/core.a(bitarithm.o)
 .debug_macro   0x0000000000009ca7       0x97 /home/kubitre/dubkov/riot-examples/05adc/bin/stm32f0discovery/core.a(bitarithm.o)
 .debug_macro   0x0000000000009d3e       0xf6 /home/kubitre/dubkov/riot-examples/05adc/bin/stm32f0discovery/core.a(bitarithm.o)
 .debug_macro   0x0000000000009e34      0x2e8 /home/kubitre/dubkov/riot-examples/05adc/bin/stm32f0discovery/cortexm_common.a(thread_arch.o)
 .debug_macro   0x000000000000a11c      0xa3c /home/kubitre/dubkov/riot-examples/05adc/bin/stm32f0discovery/cortexm_common.a(thread_arch.o)
 .debug_macro   0x000000000000ab58       0x1c /home/kubitre/dubkov/riot-examples/05adc/bin/stm32f0discovery/cortexm_common.a(thread_arch.o)
 .debug_macro   0x000000000000ab74      0x301 /home/kubitre/dubkov/riot-examples/05adc/bin/stm32f0discovery/cortexm_common.a(vectors_cortexm.o)
 .debug_macro   0x000000000000ae75      0xa3c /home/kubitre/dubkov/riot-examples/05adc/bin/stm32f0discovery/cortexm_common.a(vectors_cortexm.o)
 .debug_macro   0x000000000000b8b1       0x16 /home/kubitre/dubkov/riot-examples/05adc/bin/stm32f0discovery/cortexm_common.a(vectors_cortexm.o)
 .debug_macro   0x000000000000b8c7       0x1c /home/kubitre/dubkov/riot-examples/05adc/bin/stm32f0discovery/cortexm_common.a(vectors_cortexm.o)
 .debug_macro   0x000000000000b8e3      0x2d8 /home/kubitre/dubkov/riot-examples/05adc/bin/stm32f0discovery/cortexm_common.a(irq_arch.o)
 .debug_macro   0x000000000000bbbb      0xa3c /home/kubitre/dubkov/riot-examples/05adc/bin/stm32f0discovery/cortexm_common.a(irq_arch.o)
 .debug_macro   0x000000000000c5f7      0x3b1 /home/kubitre/dubkov/riot-examples/05adc/bin/stm32f0discovery/stdio_uart.a(stdio_uart.o)
 .debug_macro   0x000000000000c9a8      0xa3c /home/kubitre/dubkov/riot-examples/05adc/bin/stm32f0discovery/stdio_uart.a(stdio_uart.o)
 .debug_macro   0x000000000000d3e4       0x52 /home/kubitre/dubkov/riot-examples/05adc/bin/stm32f0discovery/stdio_uart.a(stdio_uart.o)
 .debug_macro   0x000000000000d436       0x16 /home/kubitre/dubkov/riot-examples/05adc/bin/stm32f0discovery/stdio_uart.a(stdio_uart.o)
 .debug_macro   0x000000000000d44c       0x16 /home/kubitre/dubkov/riot-examples/05adc/bin/stm32f0discovery/stdio_uart.a(stdio_uart.o)
 .debug_macro   0x000000000000d462       0x10 /home/kubitre/dubkov/riot-examples/05adc/bin/stm32f0discovery/stdio_uart.a(stdio_uart.o)
 .debug_macro   0x000000000000d472      0x335 /home/kubitre/dubkov/riot-examples/05adc/bin/stm32f0discovery/stm32_common_periph.a(uart.o)
 .debug_macro   0x000000000000d7a7      0xa3c /home/kubitre/dubkov/riot-examples/05adc/bin/stm32f0discovery/stm32_common_periph.a(uart.o)
 .debug_macro   0x000000000000e1e3       0x10 /home/kubitre/dubkov/riot-examples/05adc/bin/stm32f0discovery/stm32_common_periph.a(uart.o)
 .debug_macro   0x000000000000e1f3      0x301 /home/kubitre/dubkov/riot-examples/05adc/bin/stm32f0discovery/stm32_common_periph.a(gpio.o)
 .debug_macro   0x000000000000e4f4      0xa3c /home/kubitre/dubkov/riot-examples/05adc/bin/stm32f0discovery/stm32_common_periph.a(gpio.o)
 .debug_macro   0x000000000000ef30      0x3ac /home/kubitre/dubkov/riot-examples/05adc/bin/stm32f0discovery/xtimer.a(xtimer_core.o)
 .debug_macro   0x000000000000f2dc      0xa3c /home/kubitre/dubkov/riot-examples/05adc/bin/stm32f0discovery/xtimer.a(xtimer_core.o)
 .debug_macro   0x000000000000fd18       0x10 /home/kubitre/dubkov/riot-examples/05adc/bin/stm32f0discovery/xtimer.a(xtimer_core.o)
 .debug_macro   0x000000000000fd28       0x16 /home/kubitre/dubkov/riot-examples/05adc/bin/stm32f0discovery/xtimer.a(xtimer_core.o)
 .debug_macro   0x000000000000fd3e      0x310 /home/kubitre/dubkov/riot-examples/05adc/bin/stm32f0discovery/board.a(board.o)
 .debug_macro   0x000000000001004e      0xa3c /home/kubitre/dubkov/riot-examples/05adc/bin/stm32f0discovery/board.a(board.o)
 .debug_macro   0x0000000000010a8a      0x320 /home/kubitre/dubkov/riot-examples/05adc/bin/stm32f0discovery/core.a(panic.o)
 .debug_macro   0x0000000000010daa      0xa3c /home/kubitre/dubkov/riot-examples/05adc/bin/stm32f0discovery/core.a(panic.o)
 .debug_macro   0x00000000000117e6      0x363 /home/kubitre/dubkov/riot-examples/05adc/bin/stm32f0discovery/core.a(kernel_init.o)
 .debug_macro   0x0000000000011b49      0xa3c /home/kubitre/dubkov/riot-examples/05adc/bin/stm32f0discovery/core.a(kernel_init.o)