Archive member included to satisfy reference by file (symbol)

/home/kubitre/dubkov/riot-examples/01blink/bin/stm32f0discovery/core.a(sched.o)
                              /home/kubitre/dubkov/riot-examples/01blink/bin/stm32f0discovery/newlib_syscalls_default/syscalls.o (sched_active_pid)
/home/kubitre/dubkov/riot-examples/01blink/bin/stm32f0discovery/core.a(bitarithm.o)
                              /home/kubitre/dubkov/riot-examples/01blink/bin/stm32f0discovery/core.a(sched.o) (MultiplyDeBruijnBitPosition)
/home/kubitre/dubkov/riot-examples/01blink/bin/stm32f0discovery/cortexm_common.a(thread_arch.o)
                              /home/kubitre/dubkov/riot-examples/01blink/bin/stm32f0discovery/core.a(sched.o) (cpu_switch_context_exit)
/home/kubitre/dubkov/riot-examples/01blink/bin/stm32f0discovery/cortexm_common.a(vectors_cortexm.o)
                              /home/kubitre/dubkov/riot-examples/01blink/bin/stm32f0discovery/cpu/vectors.o (dummy_handler_default)
/home/kubitre/dubkov/riot-examples/01blink/bin/stm32f0discovery/cortexm_common.a(irq_arch.o)
                              /home/kubitre/dubkov/riot-examples/01blink/bin/stm32f0discovery/newlib_syscalls_default/syscalls.o (irq_disable)
/home/kubitre/dubkov/riot-examples/01blink/bin/stm32f0discovery/div.a(div.o)
                              /home/kubitre/dubkov/riot-examples/01blink/bin/stm32f0discovery/newlib_syscalls_default/syscalls.o (_div_mulhi64)
/home/kubitre/dubkov/riot-examples/01blink/bin/stm32f0discovery/stdio_uart.a(stdio_uart.o)
                              /home/kubitre/dubkov/riot-examples/01blink/bin/stm32f0discovery/newlib_syscalls_default/syscalls.o (stdio_init)
/home/kubitre/dubkov/riot-examples/01blink/bin/stm32f0discovery/stm32_common_periph.a(uart.o)
                              /home/kubitre/dubkov/riot-examples/01blink/bin/stm32f0discovery/stdio_uart.a(stdio_uart.o) (uart_write)
/home/kubitre/dubkov/riot-examples/01blink/bin/stm32f0discovery/stm32_common_periph.a(gpio.o)
                              /home/kubitre/dubkov/riot-examples/01blink/bin/stm32f0discovery/stm32_common_periph.a(uart.o) (gpio_init)
/home/kubitre/dubkov/riot-examples/01blink/bin/stm32f0discovery/xtimer.a(xtimer_core.o)
                              /home/kubitre/dubkov/riot-examples/01blink/bin/stm32f0discovery/newlib_syscalls_default/syscalls.o (_xtimer_now64)
/home/kubitre/dubkov/riot-examples/01blink/bin/stm32f0discovery/periph_common.a(pm.o)
                              /home/kubitre/dubkov/riot-examples/01blink/bin/stm32f0discovery/newlib_syscalls_default/syscalls.o (pm_off)
/home/kubitre/dubkov/riot-examples/01blink/bin/stm32f0discovery/board.a(board.o)
                              /home/kubitre/dubkov/riot-examples/01blink/bin/stm32f0discovery/cortexm_common.a(vectors_cortexm.o) (board_init)
/home/kubitre/dubkov/riot-examples/01blink/bin/stm32f0discovery/core.a(panic.o)
                              /home/kubitre/dubkov/riot-examples/01blink/bin/stm32f0discovery/cortexm_common.a(vectors_cortexm.o) (core_panic)
/home/kubitre/dubkov/riot-examples/01blink/bin/stm32f0discovery/core.a(kernel_init.o)
                              /home/kubitre/dubkov/riot-examples/01blink/bin/stm32f0discovery/cortexm_common.a(vectors_cortexm.o) (kernel_init)
/home/kubitre/dubkov/riot-examples/01blink/bin/stm32f0discovery/core.a(thread.o)
                              /home/kubitre/dubkov/riot-examples/01blink/bin/stm32f0discovery/core.a(kernel_init.o) (thread_create)
/home/kubitre/dubkov/riot-examples/01blink/bin/stm32f0discovery/cortexm_common_periph.a(pm.o)
                              /home/kubitre/dubkov/riot-examples/01blink/bin/stm32f0discovery/core.a(kernel_init.o) (pm_set_lowest)
/home/kubitre/dubkov/riot-examples/01blink/bin/stm32f0discovery/isrpipe.a(isrpipe.o)
                              /home/kubitre/dubkov/riot-examples/01blink/bin/stm32f0discovery/stdio_uart.a(stdio_uart.o) (isrpipe_write_one)
/home/kubitre/dubkov/riot-examples/01blink/bin/stm32f0discovery/stm32_common.a(cpu_init.o)
                              /home/kubitre/dubkov/riot-examples/01blink/bin/stm32f0discovery/board.a(board.o) (cpu_init)
/home/kubitre/dubkov/riot-examples/01blink/bin/stm32f0discovery/stm32_common.a(cpu_common.o)
                              /home/kubitre/dubkov/riot-examples/01blink/bin/stm32f0discovery/stm32_common_periph.a(uart.o) (periph_apb_clk)
/home/kubitre/dubkov/riot-examples/01blink/bin/stm32f0discovery/stm32_common.a(stmclk.o)
                              /home/kubitre/dubkov/riot-examples/01blink/bin/stm32f0discovery/stm32_common.a(cpu_init.o) (stmclk_init_sysclk)
/home/kubitre/dubkov/riot-examples/01blink/bin/stm32f0discovery/stm32_common.a(stmclk_common.o)
                              /home/kubitre/dubkov/riot-examples/01blink/bin/stm32f0discovery/stm32_common.a(stmclk.o) (stmclk_enable_hsi)
/home/kubitre/dubkov/riot-examples/01blink/bin/stm32f0discovery/stm32_common_periph.a(timer.o)
[...]
Memory Configuration

Name             Origin             Length             Attributes
ccmram           0x0000000010000000 0x0000000000000000
rom              0x0000000008000000 0x0000000000010000 xr
ram              0x0000000020000000 0x0000000000002000 w !xr
*default*        0x0000000000000000 0xffffffffffffffff

Linker script and memory map

LOAD /home/kubitre/dubkov/riot-examples/01blink/bin/stm32f0discovery/cpu/vectors.o
LOAD /home/kubitre/dubkov/riot-examples/01blink/bin/stm32f0discovery/newlib_syscalls_default/syscalls.o
START GROUP
LOAD /home/kubitre/dubkov/riot-examples/01blink/bin/stm32f0discovery/application_blink.a
LOAD /home/kubitre/dubkov/riot-examples/01blink/bin/stm32f0discovery/auto_init.a
LOAD /home/kubitre/dubkov/riot-examples/01blink/bin/stm32f0discovery/board.a
LOAD /home/kubitre/dubkov/riot-examples/01blink/bin/stm32f0discovery/core.a
LOAD /home/kubitre/dubkov/riot-examples/01blink/bin/stm32f0discovery/cortexm_common.a
LOAD /home/kubitre/dubkov/riot-examples/01blink/bin/stm32f0discovery/cortexm_common_periph.a
LOAD /home/kubitre/dubkov/riot-examples/01blink/bin/stm32f0discovery/cpu.a
LOAD /home/kubitre/dubkov/riot-examples/01blink/bin/stm32f0discovery/div.a
LOAD /home/kubitre/dubkov/riot-examples/01blink/bin/stm32f0discovery/isrpipe.a
LOAD /home/kubitre/dubkov/riot-examples/01blink/bin/stm32f0discovery/newlib_syscalls_default.a
LOAD /home/kubitre/dubkov/riot-examples/01blink/bin/stm32f0discovery/periph.a
LOAD /home/kubitre/dubkov/riot-examples/01blink/bin/stm32f0discovery/stdio_uart.a
LOAD /home/kubitre/dubkov/riot-examples/01blink/bin/stm32f0discovery/stm32_common.a
LOAD /home/kubitre/dubkov/riot-examples/01blink/bin/stm32f0discovery/stm32_common_periph.a
LOAD /home/kubitre/dubkov/riot-examples/01blink/bin/stm32f0discovery/sys.a
LOAD /home/kubitre/dubkov/riot-examples/01blink/bin/stm32f0discovery/tsrb.a
LOAD /home/kubitre/dubkov/riot-examples/01blink/bin/stm32f0discovery/xtimer.a
LOAD /home/kubitre/dubkov/riot-examples/01blink/bin/stm32f0discovery/periph_common.a
LOAD /usr/bin/../lib/gcc/arm-none-eabi/7.3.1/../../../../arm-none-eabi/lib/thumb/v6-m/libm.a
END GROUP
LOAD /usr/bin/../lib/gcc/arm-none-eabi/7.3.1/thumb/v6-m/libgcc.a
                0x0000000008000000                _rom_start_addr = 0x8000000
                0x0000000020000000                _ram_start_addr = 0x20000000
                0x0000000000010000                _rom_length = 0x10000
                0x0000000000002000                _ram_length = 0x2000
LOAD /usr/bin/../lib/gcc/arm-none-eabi/7.3.1/../../../../arm-none-eabi/lib/thumb/v6-m/libc_nano.a
START GROUP
LOAD /usr/bin/../lib/gcc/arm-none-eabi/7.3.1/thumb/v6-m/libgcc.a
LOAD /usr/bin/../lib/gcc/arm-none-eabi/7.3.1/../../../../arm-none-eabi/lib/thumb/v6-m/libg_nano.a
LOAD /usr/bin/../lib/gcc/arm-none-eabi/7.3.1/../../../../arm-none-eabi/lib/thumb/v6-m/libc_nano.a
END GROUP
START GROUP
LOAD /usr/bin/../lib/gcc/arm-none-eabi/7.3.1/thumb/v6-m/libgcc.a
LOAD /usr/bin/../lib/gcc/arm-none-eabi/7.3.1/../../../../arm-none-eabi/lib/thumb/v6-m/libc_nano.a
END GROUP
                0x0000000000000000                ccmram_length = DEFINED (ccmram_len)?ccmram_len:0x0
                0x0000000000000000                _rom_offset = DEFINED (_rom_offset)?_rom_offset:0x0
                0x0000000000010000                _fw_rom_length = DEFINED (_fw_rom_length)?_fw_rom_length:(_rom_length - _rom_offset)
                0x0000000000000001                ASSERT ((_fw_rom_length <= (_rom_length - _rom_offset)), Specified firmware size does not fit in ROM)

.text           0x0000000008000000     0x20bc
                0x0000000008000000                . = ALIGN (0x4)
                0x0000000008000000                _sfixed = .
                0x0000000008000000                _isr_vectors = DEFINED (_isr_vectors)?_isr_vectors:.
 *(SORT_BY_NAME(.vectors*))
 .vectors.0     0x0000000008000000       0x40 /home/kubitre/dubkov/riot-examples/01blink/bin/stm32f0discovery/cortexm_common.a(vectors_cortexm.o)
                0x0000000008000000                cortex_vector_base
 .vectors.1     0x0000000008000040       0x7c /home/kubitre/dubkov/riot-examples/01blink/bin/stm32f0discovery/cpu/vectors.o
                0x0000000008000040                vector_cpu
 *(.text .text.* .gnu.linkonce.t.*)
 .text.dummy_handler
                0x00000000080000bc        0x8 /home/kubitre/dubkov/riot-examples/01blink/bin/stm32f0discovery/cpu/vectors.o
                0x00000000080000bc                isr_pvd
                0x00000000080000bc                isr_i2c1
                0x00000000080000bc                isr_tim16
                0x00000000080000bc                isr_exti
                0x00000000080000bc                isr_tsc
                0x00000000080000bc                isr_cec_can
                0x00000000080000bc                isr_tim7
                0x00000000080000bc                isr_dma1_channel4_5
                0x00000000080000bc                isr_tim1_brk_up_trg_com
                0x00000000080000bc                isr_dma1_channel4_5_6_7
                0x00000000080000bc                isr_i2c2
                0x00000000080000bc                isr_dma1_channel2_3
                0x00000000080000bc                isr_spi2
                0x00000000080000bc                isr_dma1_channel1
                0x00000000080000bc                dummy_handler
                0x00000000080000bc                isr_dma1_ch1
                0x00000000080000bc                isr_spi1
                0x00000000080000bc                isr_tim6
                0x00000000080000bc                isr_rcc
                0x00000000080000bc                isr_flash
                0x00000000080000bc                isr_rtc
                0x00000000080000bc                isr_tim1_cc
                0x00000000080000bc                isr_tim14
                0x00000000080000bc                isr_usb
                0x00000000080000bc                isr_adc1_comp
                0x00000000080000bc                isr_usart3_4
                0x00000000080000bc                isr_tim17
                0x00000000080000bc                isr_adc1
                0x00000000080000bc                isr_tim6_dac
                0x00000000080000bc                isr_dma1_ch4_7_dma2_ch3_5
                0x00000000080000bc                isr_pvd_vddio2
                0x00000000080000bc                isr_tim3
                0x00000000080000bc                isr_tim15
                0x00000000080000bc                isr_rcc_crs
                0x00000000080000bc                isr_usart3_8
                0x00000000080000bc                isr_dma1_ch2_3_dma2_ch1_2
                0x00000000080000bc                isr_wwdg
 .text._init    0x00000000080000c4        0x8 /home/kubitre/dubkov/riot-examples/01blink/bin/stm32f0discovery/newlib_syscalls_default/syscalls.o
                0x00000000080000c4                _init
 .text._fini    0x00000000080000cc        0x2 /home/kubitre/dubkov/riot-examples/01blink/bin/stm32f0discovery/newlib_syscalls_default/syscalls.o
                0x00000000080000cc                _fini
 *fill*         0x00000000080000ce        0x2 
 .text._sbrk_r  0x00000000080000d0       0x3c /home/kubitre/dubkov/riot-examples/01blink/bin/stm32f0discovery/newlib_syscalls_default/syscalls.o
                0x00000000080000d0                _sbrk_r
 .text._read_r  0x000000000800010c        0xc /home/kubitre/dubkov/riot-examples/01blink/bin/stm32f0discovery/newlib_syscalls_default/syscalls.o
                0x000000000800010c                _read_r
 .text._write_r
                0x0000000008000118        0xc /home/kubitre/dubkov/riot-examples/01blink/bin/stm32f0discovery/newlib_syscalls_default/syscalls.o
                0x0000000008000118                _write_r
 .text._close_r
                0x0000000008000124        0xa /home/kubitre/dubkov/riot-examples/01blink/bin/stm32f0discovery/newlib_syscalls_default/syscalls.o
                0x0000000008000124                _close_r
 .text._lseek_r
                0x000000000800012e        0xa /home/kubitre/dubkov/riot-examples/01blink/bin/stm32f0discovery/newlib_syscalls_default/syscalls.o
                0x000000000800012e                _lseek_r
 .text._fstat_r
                0x0000000008000138        0xa /home/kubitre/dubkov/riot-examples/01blink/bin/stm32f0discovery/newlib_syscalls_default/syscalls.o
                0x0000000008000138                _fstat_r
 .text._isatty_r
                0x0000000008000142        0xe /home/kubitre/dubkov/riot-examples/01blink/bin/stm32f0discovery/newlib_syscalls_default/syscalls.o
                0x0000000008000142                _isatty_r
 .text.sched_run
                0x0000000008000150       0x68 /home/kubitre/dubkov/riot-examples/01blink/bin/stm32f0discovery/core.a(sched.o)
                0x0000000008000150                sched_run
 .text.sched_set_status
                0x00000000080001b8       0x7c /home/kubitre/dubkov/riot-examples/01blink/bin/stm32f0discovery/core.a(sched.o)
                0x00000000080001b8                sched_set_status
 .text.sched_switch
                0x0000000008000234       0x30 /home/kubitre/dubkov/riot-examples/01blink/bin/stm32f0discovery/core.a(sched.o)
                0x0000000008000234                sched_switch
 .text.sched_task_exit
                0x0000000008000264       0x3c /home/kubitre/dubkov/riot-examples/01blink/bin/stm32f0discovery/core.a(sched.o)
                0x0000000008000264                sched_task_exit
 .text.thread_stack_init
                0x00000000080002a0       0x90 /home/kubitre/dubkov/riot-examples/01blink/bin/stm32f0discovery/cortexm_common.a(thread_arch.o)
                0x00000000080002a0                thread_stack_init
 .text.cpu_switch_context_exit
                0x0000000008000330        0x8 /home/kubitre/dubkov/riot-examples/01blink/bin/stm32f0discovery/cortexm_common.a(thread_arch.o)
                0x0000000008000330                cpu_switch_context_exit
 .text.thread_yield_higher
                0x0000000008000338       0x14 /home/kubitre/dubkov/riot-examples/01blink/bin/stm32f0discovery/cortexm_common.a(thread_arch.o)
                0x0000000008000338                thread_yield_higher
 .text.isr_pendsv
                0x000000000800034c       0x28 /home/kubitre/dubkov/riot-examples/01blink/bin/stm32f0discovery/cortexm_common.a(thread_arch.o)
                0x000000000800034c                isr_pendsv
 .text.isr_svc  0x0000000008000374       0x2c /home/kubitre/dubkov/riot-examples/01blink/bin/stm32f0discovery/cortexm_common.a(thread_arch.o)
                0x0000000008000374                isr_svc
 .text.nmi_default
                0x00000000080003a0       0x10 /home/kubitre/dubkov/riot-examples/01blink/bin/stm32f0discovery/cortexm_common.a(vectors_cortexm.o)
                0x00000000080003a0                nmi_default
 .text.hard_fault_default
                0x00000000080003b0       0x10 /home/kubitre/dubkov/riot-examples/01blink/bin/stm32f0discovery/cortexm_common.a(vectors_cortexm.o)
                0x00000000080003b0                hard_fault_default
 .text.dummy_handler_default
                0x00000000080003c0       0x10 /home/kubitre/dubkov/riot-examples/01blink/bin/stm32f0discovery/cortexm_common.a(vectors_cortexm.o)
                0x00000000080003c0                dummy_handler_default
                0x00000000080003c0                isr_systick
 .text.pre_startup
                0x00000000080003d0        0x2 /home/kubitre/dubkov/riot-examples/01blink/bin/stm32f0discovery/cortexm_common.a(vectors_cortexm.o)
                0x00000000080003d0                pre_startup
 .text.post_startup
                0x00000000080003d2        0x2 /home/kubitre/dubkov/riot-examples/01blink/bin/stm32f0discovery/cortexm_common.a(vectors_cortexm.o)
                0x00000000080003d2                post_startup
 .text.reset_handler_default
                0x00000000080003d4       0x50 /home/kubitre/dubkov/riot-examples/01blink/bin/stm32f0discovery/cortexm_common.a(vectors_cortexm.o)
                0x00000000080003d4                reset_handler_default
 .text.irq_disable
                0x0000000008000424        0x8 /home/kubitre/dubkov/riot-examples/01blink/bin/stm32f0discovery/cortexm_common.a(irq_arch.o)
                0x0000000008000424                irq_disable
 .text.irq_enable
                0x000000000800042c        0x8 /home/kubitre/dubkov/riot-examples/01blink/bin/stm32f0discovery/cortexm_common.a(irq_arch.o)
                0x000000000800042c                irq_enable
 .text.irq_restore
                0x0000000008000434        0x6 /home/kubitre/dubkov/riot-examples/01blink/bin/stm32f0discovery/cortexm_common.a(irq_arch.o)
                0x0000000008000434                irq_restore
 .text.irq_is_in
                0x000000000800043a        0x8 /home/kubitre/dubkov/riot-examples/01blink/bin/stm32f0discovery/cortexm_common.a(irq_arch.o)
                0x000000000800043a                irq_is_in
 *fill*         0x0000000008000442        0x2 
 .text.stdio_init
                0x0000000008000444       0x1c /home/kubitre/dubkov/riot-examples/01blink/bin/stm32f0discovery/stdio_uart.a(stdio_uart.o)
                0x0000000008000444                stdio_init
 .text.stdio_read
                0x0000000008000460       0x14 /home/kubitre/dubkov/riot-examples/01blink/bin/stm32f0discovery/stdio_uart.a(stdio_uart.o)
                0x0000000008000460                stdio_read
 .text.stdio_write
                0x0000000008000474       0x12 /home/kubitre/dubkov/riot-examples/01blink/bin/stm32f0discovery/stdio_uart.a(stdio_uart.o)
                0x0000000008000474                stdio_write
 *fill*         0x0000000008000486        0x2 
 .text.irq_handler
                0x0000000008000488       0x48 /home/kubitre/dubkov/riot-examples/01blink/bin/stm32f0discovery/stm32_common_periph.a(uart.o)
 .text.uart_write
                0x00000000080004d0       0x30 /home/kubitre/dubkov/riot-examples/01blink/bin/stm32f0discovery/stm32_common_periph.a(uart.o)
                0x00000000080004d0                uart_write
 .text.uart_poweron
                0x0000000008000500       0x18 /home/kubitre/dubkov/riot-examples/01blink/bin/stm32f0discovery/stm32_common_periph.a(uart.o)
                0x0000000008000500                uart_poweron
 .text.uart_init
                0x0000000008000518       0xa8 /home/kubitre/dubkov/riot-examples/01blink/bin/stm32f0discovery/stm32_common_periph.a(uart.o)
                0x0000000008000518                uart_init
 .text.isr_usart1
                0x00000000080005c0        0xa /home/kubitre/dubkov/riot-examples/01blink/bin/stm32f0discovery/stm32_common_periph.a(uart.o)
                0x00000000080005c0                isr_usart1
 .text.isr_usart2
                0x00000000080005ca        0xa /home/kubitre/dubkov/riot-examples/01blink/bin/stm32f0discovery/stm32_common_periph.a(uart.o)
                0x00000000080005ca                isr_usart2
 .text.gpio_init
                0x00000000080005d4       0x74 /home/kubitre/dubkov/riot-examples/01blink/bin/stm32f0discovery/stm32_common_periph.a(gpio.o)
                0x00000000080005d4                gpio_init
 .text.gpio_init_af
                0x0000000008000648       0x42 /home/kubitre/dubkov/riot-examples/01blink/bin/stm32f0discovery/stm32_common_periph.a(gpio.o)
                0x0000000008000648                gpio_init_af
 .text.gpio_read
                0x000000000800068a       0x14 /home/kubitre/dubkov/riot-examples/01blink/bin/stm32f0discovery/stm32_common_periph.a(gpio.o)
                0x000000000800068a                gpio_read
 .text.gpio_set
                0x000000000800069e       0x10 /home/kubitre/dubkov/riot-examples/01blink/bin/stm32f0discovery/stm32_common_periph.a(gpio.o)
                0x000000000800069e                gpio_set
 .text.gpio_clear
                0x00000000080006ae       0x12 /home/kubitre/dubkov/riot-examples/01blink/bin/stm32f0discovery/stm32_common_periph.a(gpio.o)
                0x00000000080006ae                gpio_clear
 .text.gpio_toggle
                0x00000000080006c0       0x1c /home/kubitre/dubkov/riot-examples/01blink/bin/stm32f0discovery/stm32_common_periph.a(gpio.o)
                0x00000000080006c0                gpio_toggle
 .text._xtimer_lltimer_now
                0x00000000080006dc        0xa /home/kubitre/dubkov/riot-examples/01blink/bin/stm32f0discovery/xtimer.a(xtimer_core.o)
 *fill*         0x00000000080006e6        0x2 
 .text._lltimer_set
                0x00000000080006e8       0x18 /home/kubitre/dubkov/riot-examples/01blink/bin/stm32f0discovery/xtimer.a(xtimer_core.o)
 .text._add_timer_to_long_list.constprop.4
                0x0000000008000700       0x2c /home/kubitre/dubkov/riot-examples/01blink/bin/stm32f0discovery/xtimer.a(xtimer_core.o)
 .text._next_period
                0x000000000800072c       0x9c /home/kubitre/dubkov/riot-examples/01blink/bin/stm32f0discovery/xtimer.a(xtimer_core.o)
 .text._periph_timer_callback
                0x00000000080007c8       0xbc /home/kubitre/dubkov/riot-examples/01blink/bin/stm32f0discovery/xtimer.a(xtimer_core.o)
 .text._remove  0x0000000008000884       0x70 /home/kubitre/dubkov/riot-examples/01blink/bin/stm32f0discovery/xtimer.a(xtimer_core.o)
 .text.xtimer_init
                0x00000000080008f4       0x20 /home/kubitre/dubkov/riot-examples/01blink/bin/stm32f0discovery/xtimer.a(xtimer_core.o)
                0x00000000080008f4                xtimer_init
 .text._xtimer_set_absolute
                0x0000000008000914       0xcc /home/kubitre/dubkov/riot-examples/01blink/bin/stm32f0discovery/xtimer.a(xtimer_core.o)
                0x0000000008000914                _xtimer_set_absolute
 .text.board_init
                0x00000000080009e0       0x20 /home/kubitre/dubkov/riot-examples/01blink/bin/stm32f0discovery/board.a(board.o)
                0x00000000080009e0                board_init
 .text.panic_arch
                0x0000000008000a00        0x2 /home/kubitre/dubkov/riot-examples/01blink/bin/stm32f0discovery/core.a(panic.o)
                0x0000000008000a00                panic_arch
 *fill*         0x0000000008000a02        0x2 
 .text.core_panic
                0x0000000008000a04       0x34 /home/kubitre/dubkov/riot-examples/01blink/bin/stm32f0discovery/core.a(panic.o)
                0x0000000008000a04                core_panic
 .text.main_trampoline
                0x0000000008000a38       0x18 /home/kubitre/dubkov/riot-examples/01blink/bin/stm32f0discovery/core.a(kernel_init.o)
 .text.idle_thread
                0x0000000008000a50        0x8 /home/kubitre/dubkov/riot-examples/01blink/bin/stm32f0discovery/core.a(kernel_init.o)
 .text.kernel_init
                0x0000000008000a58       0x58 /home/kubitre/dubkov/riot-examples/01blink/bin/stm32f0discovery/core.a(kernel_init.o)
                0x0000000008000a58                kernel_init
 .text.thread_add_to_list
                0x0000000008000ab0       0x22 /home/kubitre/dubkov/riot-examples/01blink/bin/stm32f0discovery/core.a(thread.o)
                0x0000000008000ab0                thread_add_to_list
 *fill*         0x0000000008000ad2        0x2 
 .text.thread_create
                0x0000000008000ad4       0xc4 /home/kubitre/dubkov/riot-examples/01blink/bin/stm32f0discovery/core.a(thread.o)
                0x0000000008000ad4                thread_create
 .text.pm_set_lowest
                0x0000000008000b98       0x20 /home/kubitre/dubkov/riot-examples/01blink/bin/stm32f0discovery/cortexm_common_periph.a(pm.o)
                0x0000000008000b98                pm_set_lowest
 .text.pm_reboot
                0x0000000008000bb8       0x1c /home/kubitre/dubkov/riot-examples/01blink/bin/stm32f0discovery/cortexm_common_periph.a(pm.o)
                0x0000000008000bb8                pm_reboot
 .text.isrpipe_write_one
                0x0000000008000bd4       0x16 /home/kubitre/dubkov/riot-examples/01blink/bin/stm32f0discovery/isrpipe.a(isrpipe.o)
                0x0000000008000bd4                isrpipe_write_one
 .text.isrpipe_read
                0x0000000008000bea       0x24 /home/kubitre/dubkov/riot-examples/01blink/bin/stm32f0discovery/isrpipe.a(isrpipe.o)
                0x0000000008000bea                isrpipe_read
 .text.cpu_init
                0x0000000008000c0e       0x1a /home/kubitre/dubkov/riot-examples/01blink/bin/stm32f0discovery/stm32_common.a(cpu_init.o)
                0x0000000008000c0e                cpu_init
 .text.periph_apb_clk
                0x0000000008000c28        0x8 /home/kubitre/dubkov/riot-examples/01blink/bin/stm32f0discovery/stm32_common.a(cpu_common.o)
                0x0000000008000c28                periph_apb_clk
 .text.periph_timer_clk
                0x0000000008000c30       0x14 /home/kubitre/dubkov/riot-examples/01blink/bin/stm32f0discovery/stm32_common.a(cpu_common.o)
                0x0000000008000c30                periph_timer_clk
 .text.periph_clk_en
                0x0000000008000c44       0x34 /home/kubitre/dubkov/riot-examples/01blink/bin/stm32f0discovery/stm32_common.a(cpu_common.o)
                0x0000000008000c44                periph_clk_en
 .text.stmclk_init_sysclk
                0x0000000008000c78       0x8c /home/kubitre/dubkov/riot-examples/01blink/bin/stm32f0discovery/stm32_common.a(stmclk.o)
                0x0000000008000c78                stmclk_init_sysclk
 .text.stmclk_enable_hsi
                0x0000000008000d04       0x18 /home/kubitre/dubkov/riot-examples/01blink/bin/stm32f0discovery/stm32_common.a(stmclk_common.o)
                0x0000000008000d04                stmclk_enable_hsi
 .text.stmclk_disable_hsi
                0x0000000008000d1c       0x18 /home/kubitre/dubkov/riot-examples/01blink/bin/stm32f0discovery/stm32_common.a(stmclk_common.o)
                0x0000000008000d1c                stmclk_disable_hsi
 .text.timer_set_absolute
                0x0000000008000d34       0x3c /home/kubitre/dubkov/riot-examples/01blink/bin/stm32f0discovery/stm32_common_periph.a(timer.o)
                0x0000000008000d34                timer_set_absolute
 .text.timer_read
                0x0000000008000d70       0x10 /home/kubitre/dubkov/riot-examples/01blink/bin/stm32f0discovery/stm32_common_periph.a(timer.o)
                0x0000000008000d70                timer_read
 .text.timer_start
                0x0000000008000d80       0x14 /home/kubitre/dubkov/riot-examples/01blink/bin/stm32f0discovery/stm32_common_periph.a(timer.o)
                0x0000000008000d80                timer_start
 .text.timer_init
                0x0000000008000d94       0x58 /home/kubitre/dubkov/riot-examples/01blink/bin/stm32f0discovery/stm32_common_periph.a(timer.o)
                0x0000000008000d94                timer_init
 .text.isr_tim2
                0x0000000008000dec       0x44 /home/kubitre/dubkov/riot-examples/01blink/bin/stm32f0discovery/stm32_common_periph.a(timer.o)
                0x0000000008000dec                isr_tim2
 .text._pop     0x0000000008000e30       0x12 /home/kubitre/dubkov/riot-examples/01blink/bin/stm32f0discovery/tsrb.a(tsrb.o)
 .text.tsrb_get
                0x0000000008000e42       0x28 /home/kubitre/dubkov/riot-examples/01blink/bin/stm32f0discovery/tsrb.a(tsrb.o)
                0x0000000008000e42                tsrb_get
 .text.tsrb_add_one
                0x0000000008000e6a       0x26 /home/kubitre/dubkov/riot-examples/01blink/bin/stm32f0discovery/tsrb.a(tsrb.o)
                0x0000000008000e6a                tsrb_add_one
 .text.periph_init
                0x0000000008000e90        0x2 /home/kubitre/dubkov/riot-examples/01blink/bin/stm32f0discovery/periph_common.a(init.o)
                0x0000000008000e90                periph_init
 *fill*         0x0000000008000e92        0x2 
 .text.startup.main
                0x0000000008000e94       0x34 /home/kubitre/dubkov/riot-examples/01blink/bin/stm32f0discovery/application_blink.a(main.o)
                0x0000000008000e94                main
 .text.auto_init
                0x0000000008000ec8        0x8 /home/kubitre/dubkov/riot-examples/01blink/bin/stm32f0discovery/auto_init.a(auto_init.o)
                0x0000000008000ec8                auto_init
 .text._mutex_lock
                0x0000000008000ed0       0x60 /home/kubitre/dubkov/riot-examples/01blink/bin/stm32f0discovery/core.a(mutex.o)
                0x0000000008000ed0                _mutex_lock
 .text.mutex_unlock
                0x0000000008000f30       0x4a /home/kubitre/dubkov/riot-examples/01blink/bin/stm32f0discovery/core.a(mutex.o)
                0x0000000008000f30                mutex_unlock
 *fill*         0x0000000008000f7a        0x2 
 .text.cortexm_init
                0x0000000008000f7c       0x70 /home/kubitre/dubkov/riot-examples/01blink/bin/stm32f0discovery/cortexm_common.a(cortexm_init.o)
                0x0000000008000f7c                cortexm_init
 .text._callback_unlock_mutex
                0x0000000008000fec        0x8 /home/kubitre/dubkov/riot-examples/01blink/bin/stm32f0discovery/xtimer.a(xtimer.o)
 .text._xtimer_spin
                0x0000000008000ff4       0x1a /home/kubitre/dubkov/riot-examples/01blink/bin/stm32f0discovery/xtimer.a(xtimer.o)
 *fill*         0x000000000800100e        0x2 
 .text._xtimer_periodic_wakeup
                0x0000000008001010       0x74 /home/kubitre/dubkov/riot-examples/01blink/bin/stm32f0discovery/xtimer.a(xtimer.o)
                0x0000000008001010                _xtimer_periodic_wakeup
 .text          0x0000000008001084      0x114 /usr/bin/../lib/gcc/arm-none-eabi/7.3.1/thumb/v6-m/libgcc.a(_udivsi3.o)
                0x0000000008001084                __udivsi3
                0x0000000008001084                __aeabi_uidiv
                0x0000000008001190                __aeabi_uidivmod
 .text          0x0000000008001198        0x4 /usr/bin/../lib/gcc/arm-none-eabi/7.3.1/thumb/v6-m/libgcc.a(_dvmd_tls.o)
                0x0000000008001198                __aeabi_ldiv0
                0x0000000008001198                __aeabi_idiv0
 .text.__libc_init_array
                0x000000000800119c       0x48 /usr/bin/../lib/gcc/arm-none-eabi/7.3.1/../../../../arm-none-eabi/lib/thumb/v6-m/libc_nano.a(lib_a-init.o)
                0x000000000800119c                __libc_init_array
 .text.memset   0x00000000080011e4       0x10 /usr/bin/../lib/gcc/arm-none-eabi/7.3.1/../../../../arm-none-eabi/lib/thumb/v6-m/libc_nano.a(lib_a-memset.o)
                0x00000000080011e4                memset
 .text.printf   0x00000000080011f4       0x34 /usr/bin/../lib/gcc/arm-none-eabi/7.3.1/../../../../arm-none-eabi/lib/thumb/v6-m/libc_nano.a(lib_a-printf.o)
                0x00000000080011f4                printf
                0x00000000080011f4                iprintf
 .text.std      0x0000000008001228       0x48 /usr/bin/../lib/gcc/arm-none-eabi/7.3.1/../../../../arm-none-eabi/lib/thumb/v6-m/libc_nano.a(lib_a-findfp.o)
 .text._cleanup_r
                0x0000000008001270       0x10 /usr/bin/../lib/gcc/arm-none-eabi/7.3.1/../../../../arm-none-eabi/lib/thumb/v6-m/libc_nano.a(lib_a-findfp.o)
                0x0000000008001270                _cleanup_r
 .text.__sfmoreglue
                0x0000000008001280       0x2c /usr/bin/../lib/gcc/arm-none-eabi/7.3.1/../../../../arm-none-eabi/lib/thumb/v6-m/libc_nano.a(lib_a-findfp.o)
                0x0000000008001280                __sfmoreglue
 .text.__sinit  0x00000000080012ac       0x68 /usr/bin/../lib/gcc/arm-none-eabi/7.3.1/../../../../arm-none-eabi/lib/thumb/v6-m/libc_nano.a(lib_a-findfp.o)
                0x00000000080012ac                __sinit
 .text.__sfp    0x0000000008001314       0x7c /usr/bin/../lib/gcc/arm-none-eabi/7.3.1/../../../../arm-none-eabi/lib/thumb/v6-m/libc_nano.a(lib_a-findfp.o)
                0x0000000008001314                __sfp
 .text._fwalk_reent
                0x0000000008001390       0x42 /usr/bin/../lib/gcc/arm-none-eabi/7.3.1/../../../../arm-none-eabi/lib/thumb/v6-m/libc_nano.a(lib_a-fwalk.o)
                0x0000000008001390                _fwalk_reent
 *fill*         0x00000000080013d2        0x2 
 .text._malloc_r
                0x00000000080013d4       0xbc /usr/bin/../lib/gcc/arm-none-eabi/7.3.1/../../../../arm-none-eabi/lib/thumb/v6-m/libc_nano.a(lib_a-nano-mallocr.o)
                0x00000000080013d4                _malloc_r
 .text.__sfputc_r
                0x0000000008001490       0x2a /usr/bin/../lib/gcc/arm-none-eabi/7.3.1/../../../../arm-none-eabi/lib/thumb/v6-m/libc_nano.a(lib_a-nano-vfprintf.o)
 .text.__sfputs_r
                0x00000000080014ba       0x24 /usr/bin/../lib/gcc/arm-none-eabi/7.3.1/../../../../arm-none-eabi/lib/thumb/v6-m/libc_nano.a(lib_a-nano-vfprintf.o)
                0x00000000080014ba                __sfputs_r
 *fill*         0x00000000080014de        0x2 
 .text._vfprintf_r
                0x00000000080014e0      0x22c /usr/bin/../lib/gcc/arm-none-eabi/7.3.1/../../../../arm-none-eabi/lib/thumb/v6-m/libc_nano.a(lib_a-nano-vfprintf.o)
                0x00000000080014e0                _vfiprintf_r
                0x00000000080014e0                _vfprintf_r
 .text._printf_common
                0x000000000800170c       0xda /usr/bin/../lib/gcc/arm-none-eabi/7.3.1/../../../../arm-none-eabi/lib/thumb/v6-m/libc_nano.a(lib_a-nano-vfprintf_i.o)
                0x000000000800170c                _printf_common
 *fill*         0x00000000080017e6        0x2 
 .text._printf_i
                0x00000000080017e8      0x210 /usr/bin/../lib/gcc/arm-none-eabi/7.3.1/../../../../arm-none-eabi/lib/thumb/v6-m/libc_nano.a(lib_a-nano-vfprintf_i.o)
                0x00000000080017e8                _printf_i
 .text.__sread  0x00000000080019f8       0x28 /usr/bin/../lib/gcc/arm-none-eabi/7.3.1/../../../../arm-none-eabi/lib/thumb/v6-m/libc_nano.a(lib_a-stdio.o)
                0x00000000080019f8                __sread
 .text.__swrite
                0x0000000008001a20       0x38 /usr/bin/../lib/gcc/arm-none-eabi/7.3.1/../../../../arm-none-eabi/lib/thumb/v6-m/libc_nano.a(lib_a-stdio.o)
                0x0000000008001a20                __swrite
 .text.__sseek  0x0000000008001a58       0x2c /usr/bin/../lib/gcc/arm-none-eabi/7.3.1/../../../../arm-none-eabi/lib/thumb/v6-m/libc_nano.a(lib_a-stdio.o)
                0x0000000008001a58                __sseek
 .text.__sclose
                0x0000000008001a84        0xc /usr/bin/../lib/gcc/arm-none-eabi/7.3.1/../../../../arm-none-eabi/lib/thumb/v6-m/libc_nano.a(lib_a-stdio.o)
                0x0000000008001a84                __sclose
 .text.__swbuf_r
                0x0000000008001a90       0xac /usr/bin/../lib/gcc/arm-none-eabi/7.3.1/../../../../arm-none-eabi/lib/thumb/v6-m/libc_nano.a(lib_a-wbuf.o)
                0x0000000008001a90                __swbuf_r
 .text.__swsetup_r
                0x0000000008001b3c       0xec /usr/bin/../lib/gcc/arm-none-eabi/7.3.1/../../../../arm-none-eabi/lib/thumb/v6-m/libc_nano.a(lib_a-wsetup.o)
                0x0000000008001b3c                __swsetup_r
 .text.__sflush_r
                0x0000000008001c28      0x114 /usr/bin/../lib/gcc/arm-none-eabi/7.3.1/../../../../arm-none-eabi/lib/thumb/v6-m/libc_nano.a(lib_a-fflush.o)
                0x0000000008001c28                __sflush_r
 .text._fflush_r
                0x0000000008001d3c       0x58 /usr/bin/../lib/gcc/arm-none-eabi/7.3.1/../../../../arm-none-eabi/lib/thumb/v6-m/libc_nano.a(lib_a-fflush.o)
                0x0000000008001d3c                _fflush_r
 .text.__swhatbuf_r
                0x0000000008001d94       0x50 /usr/bin/../lib/gcc/arm-none-eabi/7.3.1/../../../../arm-none-eabi/lib/thumb/v6-m/libc_nano.a(lib_a-makebuf.o)
                0x0000000008001d94                __swhatbuf_r
 .text.__smakebuf_r
                0x0000000008001de4       0x88 /usr/bin/../lib/gcc/arm-none-eabi/7.3.1/../../../../arm-none-eabi/lib/thumb/v6-m/libc_nano.a(lib_a-makebuf.o)
                0x0000000008001de4                __smakebuf_r
 .text.memchr   0x0000000008001e6c       0x16 /usr/bin/../lib/gcc/arm-none-eabi/7.3.1/../../../../arm-none-eabi/lib/thumb/v6-m/libc_nano.a(lib_a-memchr-stub.o)
                0x0000000008001e6c                memchr
 .text.__malloc_lock
                0x0000000008001e82        0x2 /usr/bin/../lib/gcc/arm-none-eabi/7.3.1/../../../../arm-none-eabi/lib/thumb/v6-m/libc_nano.a(lib_a-mlock.o)
                0x0000000008001e82                __malloc_lock
 .text.__malloc_unlock
                0x0000000008001e84        0x2 /usr/bin/../lib/gcc/arm-none-eabi/7.3.1/../../../../arm-none-eabi/lib/thumb/v6-m/libc_nano.a(lib_a-mlock.o)
                0x0000000008001e84                __malloc_unlock
 *fill*         0x0000000008001e86        0x2 
 .text._free_r  0x0000000008001e88       0x94 /usr/bin/../lib/gcc/arm-none-eabi/7.3.1/../../../../arm-none-eabi/lib/thumb/v6-m/libc_nano.a(lib_a-nano-freer.o)
                0x0000000008001e88                _free_r
 *(.glue_7t)
 .glue_7t       0x0000000008001f1c        0x0 linker stubs
 *(.glue_7)
 .glue_7        0x0000000008001f1c        0x0 linker stubs
 *(.rodata .rodata* .gnu.linkonce.r.*)
 .rodata.MultiplyDeBruijnBitPosition
                0x0000000008001f1c       0x20 /home/kubitre/dubkov/riot-examples/01blink/bin/stm32f0discovery/core.a(bitarithm.o)
                0x0000000008001f1c                MultiplyDeBruijnBitPosition
 .rodata.dummy_handler_default.str1.1
                0x0000000008001f3c        0xe /home/kubitre/dubkov/riot-examples/01blink/bin/stm32f0discovery/cortexm_common.a(vectors_cortexm.o)
 .rodata.hard_fault_default.str1.1
                0x0000000008001f4a       0x13 /home/kubitre/dubkov/riot-examples/01blink/bin/stm32f0discovery/cortexm_common.a(vectors_cortexm.o)
 .rodata.nmi_default.str1.1
                0x0000000008001f5d        0xc /home/kubitre/dubkov/riot-examples/01blink/bin/stm32f0discovery/cortexm_common.a(vectors_cortexm.o)
 *fill*         0x0000000008001f69        0x3 
 .rodata.uart_config
                0x0000000008001f6c       0x28 /home/kubitre/dubkov/riot-examples/01blink/bin/stm32f0discovery/stm32_common_periph.a(uart.o)
 .rodata.core_panic.str1.1
                0x0000000008001f94       0x2f /home/kubitre/dubkov/riot-examples/01blink/bin/stm32f0discovery/core.a(panic.o)
 .rodata.main_trampoline.str1.1
                0x0000000008001fc3       0x42 /home/kubitre/dubkov/riot-examples/01blink/bin/stm32f0discovery/core.a(kernel_init.o)
 .rodata.str1.1
                0x0000000008002005        0xa /home/kubitre/dubkov/riot-examples/01blink/bin/stm32f0discovery/core.a(kernel_init.o)
 .rodata.apbmul
                0x000000000800200f        0x2 /home/kubitre/dubkov/riot-examples/01blink/bin/stm32f0discovery/stm32_common.a(cpu_common.o)
 *fill*         0x0000000008002011        0x3 
 .rodata.timer_config
                0x0000000008002014       0x10 /home/kubitre/dubkov/riot-examples/01blink/bin/stm32f0discovery/stm32_common_periph.a(timer.o)
 .rodata._global_impure_ptr
                0x0000000008002024        0x4 /usr/bin/../lib/gcc/arm-none-eabi/7.3.1/../../../../arm-none-eabi/lib/thumb/v6-m/libc_nano.a(lib_a-impure.o)
                0x0000000008002024                _global_impure_ptr
 .rodata.__sf_fake_stderr
                0x0000000008002028       0x20 /usr/bin/../lib/gcc/arm-none-eabi/7.3.1/../../../../arm-none-eabi/lib/thumb/v6-m/libc_nano.a(lib_a-findfp.o)
                0x0000000008002028                __sf_fake_stderr
 .rodata.__sf_fake_stdin
                0x0000000008002048       0x20 /usr/bin/../lib/gcc/arm-none-eabi/7.3.1/../../../../arm-none-eabi/lib/thumb/v6-m/libc_nano.a(lib_a-findfp.o)
                0x0000000008002048                __sf_fake_stdin
 .rodata.__sf_fake_stdout
                0x0000000008002068       0x20 /usr/bin/../lib/gcc/arm-none-eabi/7.3.1/../../../../arm-none-eabi/lib/thumb/v6-m/libc_nano.a(lib_a-findfp.o)
                0x0000000008002068                __sf_fake_stdout
 .rodata._vfprintf_r.str1.1
                0x0000000008002088       0x11 /usr/bin/../lib/gcc/arm-none-eabi/7.3.1/../../../../arm-none-eabi/lib/thumb/v6-m/libc_nano.a(lib_a-nano-vfprintf.o)
 .rodata._printf_i.str1.1
                0x0000000008002099       0x22 /usr/bin/../lib/gcc/arm-none-eabi/7.3.1/../../../../arm-none-eabi/lib/thumb/v6-m/libc_nano.a(lib_a-nano-vfprintf_i.o)
 *(.ARM.extab* .gnu.linkonce.armextab.*)
                0x00000000080020bc                . = ALIGN (0x4)
 *fill*         0x00000000080020bb        0x1 
 *(.init)
                0x00000000080020bc                . = ALIGN (0x4)
                0x00000000080020bc                __preinit_array_start = .
 *(.preinit_array)
                0x00000000080020bc                __preinit_array_end = .
                0x00000000080020bc                . = ALIGN (0x4)
                0x00000000080020bc                __init_array_start = .
 *(SORT_BY_NAME(.init_array.*))
 *(.init_array)
                0x00000000080020bc                __init_array_end = .
                0x00000000080020bc                . = ALIGN (0x4)
 *crtbegin.o(.ctors)
 *(EXCLUDE_FILE(*crtend.o) .ctors)
 *(SORT_BY_NAME(.ctors.*))
 *crtend.o(.ctors)
                0x00000000080020bc                . = ALIGN (0x4)
 *(.fini)
                0x00000000080020bc                . = ALIGN (0x4)
                0x00000000080020bc                __fini_array_start = .
 *(.fini_array)
 *(SORT_BY_NAME(.fini_array.*))
                0x00000000080020bc                __fini_array_end = .
 *crtbegin.o(.dtors)
 *(EXCLUDE_FILE(*crtend.o) .dtors)
 *(SORT_BY_NAME(.dtors.*))
 *crtend.o(.dtors)
                0x00000000080020bc                . = ALIGN (0x4)
                0x00000000080020bc                _efixed = .
                [!provide]                        PROVIDE (__exidx_start = .)

.vfp11_veneer   0x00000000080020bc        0x0
 .vfp11_veneer  0x00000000080020bc        0x0 linker stubs

.v4_bx          0x00000000080020bc        0x0
 .v4_bx         0x00000000080020bc        0x0 linker stubs

.iplt           0x00000000080020bc        0x0
 .iplt          0x00000000080020bc        0x0 /home/kubitre/dubkov/riot-examples/01blink/bin/stm32f0discovery/cpu/vectors.o

.igot.plt       0x00000000080020bc        0x0
 .igot.plt      0x00000000080020bc        0x0 /home/kubitre/dubkov/riot-examples/01blink/bin/stm32f0discovery/cpu/vectors.o

.rel.dyn        0x00000000080020bc        0x0
 .rel.iplt      0x00000000080020bc        0x0 /home/kubitre/dubkov/riot-examples/01blink/bin/stm32f0discovery/cpu/vectors.o

.ARM.exidx
 *(.ARM.exidx* .gnu.linkonce.armexidx.*)
                [!provide]                        PROVIDE (__exidx_end = .)
                0x00000000080020bc                . = ALIGN (0x4)

.eh_frame
 *(.eh_frame)
                0x00000000080020bc                . = ALIGN (0x4)
                0x00000000080020bc                _etext = .

.stack          0x0000000020000000      0x200
 *(.puf)
                0x0000000020000000                . = ALIGN (0x8)
                0x0000000020000000                _sstack = .
 *(.isr_stack)
 .isr_stack     0x0000000020000000      0x200 /home/kubitre/dubkov/riot-examples/01blink/bin/stm32f0discovery/cortexm_common.a(vectors_cortexm.o)
                0x0000000020000000                isr_stack
                0x0000000020000200                . = ALIGN (0x8)
                0x0000000020000200                _estack = .

.relocate       0x0000000020000200       0x88 load address 0x00000000080020bc
                0x0000000020000200                . = ALIGN (0x4)
                0x0000000020000200                _srelocate = .
 *(.ramfunc .ramfunc.*)
 *(.data .data.*)
 .data.heap_top
                0x0000000020000200        0x4 /home/kubitre/dubkov/riot-examples/01blink/bin/stm32f0discovery/newlib_syscalls_default/syscalls.o
                0x0000000020000200                heap_top
 .data.stdio_uart_isrpipe
                0x0000000020000204       0x14 /home/kubitre/dubkov/riot-examples/01blink/bin/stm32f0discovery/stdio_uart.a(stdio_uart.o)
                0x0000000020000204                stdio_uart_isrpipe
 .data.idle_name
                0x0000000020000218        0x4 /home/kubitre/dubkov/riot-examples/01blink/bin/stm32f0discovery/core.a(kernel_init.o)
                0x0000000020000218                idle_name
 .data.main_name
                0x000000002000021c        0x4 /home/kubitre/dubkov/riot-examples/01blink/bin/stm32f0discovery/core.a(kernel_init.o)
                0x000000002000021c                main_name
 .data._impure_ptr
                0x0000000020000220        0x4 /usr/bin/../lib/gcc/arm-none-eabi/7.3.1/../../../../arm-none-eabi/lib/thumb/v6-m/libc_nano.a(lib_a-impure.o)
                0x0000000020000220                _impure_ptr
 .data.impure_data
                0x0000000020000224       0x60 /usr/bin/../lib/gcc/arm-none-eabi/7.3.1/../../../../arm-none-eabi/lib/thumb/v6-m/libc_nano.a(lib_a-impure.o)
 *(.openocd .openocd.*)
 .openocd       0x0000000020000284        0x1 /home/kubitre/dubkov/riot-examples/01blink/bin/stm32f0discovery/core.a(sched.o)
                0x0000000020000284                max_threads
                0x0000000020000288                . = ALIGN (0x4)
 *fill*         0x0000000020000285        0x3 
                0x0000000020000288                _erelocate = .

.bss            0x0000000020000288      0x850 load address 0x0000000008002144
                0x0000000020000288                . = ALIGN (0x4)
                0x0000000020000288                _sbss = .
                0x0000000020000288                _szero = .
 *(.bss .bss.*)
 .bss.runqueue_bitcache
                0x0000000020000288        0x4 /home/kubitre/dubkov/riot-examples/01blink/bin/stm32f0discovery/core.a(sched.o)
 .bss.sched_active_pid
                0x000000002000028c        0x2 /home/kubitre/dubkov/riot-examples/01blink/bin/stm32f0discovery/core.a(sched.o)
                0x000000002000028c                sched_active_pid
 *fill*         0x000000002000028e        0x2 
 .bss.sched_active_thread
                0x0000000020000290        0x4 /home/kubitre/dubkov/riot-examples/01blink/bin/stm32f0discovery/core.a(sched.o)
                0x0000000020000290                sched_active_thread
 .bss.sched_context_switch_request
                0x0000000020000294        0x4 /home/kubitre/dubkov/riot-examples/01blink/bin/stm32f0discovery/core.a(sched.o)
                0x0000000020000294                sched_context_switch_request
 .bss.sched_num_threads
                0x0000000020000298        0x4 /home/kubitre/dubkov/riot-examples/01blink/bin/stm32f0discovery/core.a(sched.o)
                0x0000000020000298                sched_num_threads
 .bss.sched_runqueues
                0x000000002000029c       0x40 /home/kubitre/dubkov/riot-examples/01blink/bin/stm32f0discovery/core.a(sched.o)
                0x000000002000029c                sched_runqueues
 .bss.sched_threads
                0x00000000200002dc       0x84 /home/kubitre/dubkov/riot-examples/01blink/bin/stm32f0discovery/core.a(sched.o)
                0x00000000200002dc                sched_threads
 .bss._rx_buf_mem
                0x0000000020000360       0x40 /home/kubitre/dubkov/riot-examples/01blink/bin/stm32f0discovery/stdio_uart.a(stdio_uart.o)
 .bss.isr_ctx   0x00000000200003a0       0x10 /home/kubitre/dubkov/riot-examples/01blink/bin/stm32f0discovery/stm32_common_periph.a(uart.o)
 .bss._in_handler
                0x00000000200003b0        0x4 /home/kubitre/dubkov/riot-examples/01blink/bin/stm32f0discovery/xtimer.a(xtimer_core.o)
 .bss._long_cnt
                0x00000000200003b4        0x4 /home/kubitre/dubkov/riot-examples/01blink/bin/stm32f0discovery/xtimer.a(xtimer_core.o)
 .bss.long_list_head
                0x00000000200003b8        0x4 /home/kubitre/dubkov/riot-examples/01blink/bin/stm32f0discovery/xtimer.a(xtimer_core.o)
 .bss.overflow_list_head
                0x00000000200003bc        0x4 /home/kubitre/dubkov/riot-examples/01blink/bin/stm32f0discovery/xtimer.a(xtimer_core.o)
 .bss.timer_list_head
                0x00000000200003c0        0x4 /home/kubitre/dubkov/riot-examples/01blink/bin/stm32f0discovery/xtimer.a(xtimer_core.o)
 .bss.crashed   0x00000000200003c4        0x4 /home/kubitre/dubkov/riot-examples/01blink/bin/stm32f0discovery/core.a(panic.o)
 .bss.idle_stack
                0x00000000200003c8      0x100 /home/kubitre/dubkov/riot-examples/01blink/bin/stm32f0discovery/core.a(kernel_init.o)
 .bss.main_stack
                0x00000000200004c8      0x600 /home/kubitre/dubkov/riot-examples/01blink/bin/stm32f0discovery/core.a(kernel_init.o)
 .bss.isr_ctx   0x0000000020000ac8        0x8 /home/kubitre/dubkov/riot-examples/01blink/bin/stm32f0discovery/stm32_common_periph.a(timer.o)
 .bss.__malloc_free_list
                0x0000000020000ad0        0x4 /usr/bin/../lib/gcc/arm-none-eabi/7.3.1/../../../../arm-none-eabi/lib/thumb/v6-m/libc_nano.a(lib_a-nano-mallocr.o)
                0x0000000020000ad0                __malloc_free_list
 .bss.__malloc_sbrk_start
                0x0000000020000ad4        0x4 /usr/bin/../lib/gcc/arm-none-eabi/7.3.1/../../../../arm-none-eabi/lib/thumb/v6-m/libc_nano.a(lib_a-nano-mallocr.o)
                0x0000000020000ad4                __malloc_sbrk_start
 *(COMMON)
                0x0000000020000ad8                . = ALIGN (0x4)
                0x0000000020000ad8                _ebss = .
                0x0000000020000ad8                _ezero = .
                0x0000000020000ad8                . = ALIGN (0x4)
                0x0000000020000ad8                _sheap = .
                0x0000000020002000                _eheap = (ORIGIN (ram) + LENGTH (ram))
                0x0000000020000000                _sram = ORIGIN (ram)
                0x0000000020002000                _eram = (ORIGIN (ram) + LENGTH (ram))
OUTPUT(/home/kubitre/dubkov/riot-examples/01blink/bin/stm32f0discovery/blink.elf elf32-littlearm)

.debug_info     0x0000000000000000    0x1c8f3
 .debug_info    0x0000000000000000       0xd7 /home/kubitre/dubkov/riot-examples/01blink/bin/stm32f0discovery/cpu/vectors.o
 .debug_info    0x00000000000000d7     0x1a45 /home/kubitre/dubkov/riot-examples/01blink/bin/stm32f0discovery/newlib_syscalls_default/syscalls.o
 .debug_info    0x0000000000001b1c      0xda8 /home/kubitre/dubkov/riot-examples/01blink/bin/stm32f0discovery/core.a(sched.o)
 .debug_info    0x00000000000028c4      0x936 /home/kubitre/dubkov/riot-examples/01blink/bin/stm32f0discovery/core.a(bitarithm.o)
 .debug_info    0x00000000000031fa      0xe59 /home/kubitre/dubkov/riot-examples/01blink/bin/stm32f0discovery/cortexm_common.a(thread_arch.o)
 .debug_info    0x0000000000004053      0xd46 /home/kubitre/dubkov/riot-examples/01blink/bin/stm32f0discovery/cortexm_common.a(vectors_cortexm.o)
 .debug_info    0x0000000000004d99      0xc3d /home/kubitre/dubkov/riot-examples/01blink/bin/stm32f0discovery/cortexm_common.a(irq_arch.o)
 .debug_info    0x00000000000059d6     0x1261 /home/kubitre/dubkov/riot-examples/01blink/bin/stm32f0discovery/stdio_uart.a(stdio_uart.o)
 .debug_info    0x0000000000006c37     0x170e /home/kubitre/dubkov/riot-examples/01blink/bin/stm32f0discovery/stm32_common_periph.a(uart.o)
 .debug_info    0x0000000000008345     0x15cf /home/kubitre/dubkov/riot-examples/01blink/bin/stm32f0discovery/stm32_common_periph.a(gpio.o)
 .debug_info    0x0000000000009914     0x1cce /home/kubitre/dubkov/riot-examples/01blink/bin/stm32f0discovery/xtimer.a(xtimer_core.o)
 .debug_info    0x000000000000b5e2     0x10d7 /home/kubitre/dubkov/riot-examples/01blink/bin/stm32f0discovery/board.a(board.o)
 .debug_info    0x000000000000c6b9      0xc1e /home/kubitre/dubkov/riot-examples/01blink/bin/stm32f0discovery/core.a(panic.o)
 .debug_info    0x000000000000d2d7      0xcf7 /home/kubitre/dubkov/riot-examples/01blink/bin/stm32f0discovery/core.a(kernel_init.o)
 .debug_info    0x000000000000dfce     0x1047 /home/kubitre/dubkov/riot-examples/01blink/bin/stm32f0discovery/core.a(thread.o)
 .debug_info    0x000000000000f015      0xc94 /home/kubitre/dubkov/riot-examples/01blink/bin/stm32f0discovery/cortexm_common_periph.a(pm.o)
 .debug_info    0x000000000000fca9     0x162b /home/kubitre/dubkov/riot-examples/01blink/bin/stm32f0discovery/isrpipe.a(isrpipe.o)
 .debug_info    0x00000000000112d4      0xb61 /home/kubitre/dubkov/riot-examples/01blink/bin/stm32f0discovery/stm32_common.a(cpu_init.o)
 .debug_info    0x0000000000011e35     0x11fa /home/kubitre/dubkov/riot-examples/01blink/bin/stm32f0discovery/stm32_common.a(cpu_common.o)
 .debug_info    0x000000000001302f     0x11d4 /home/kubitre/dubkov/riot-examples/01blink/bin/stm32f0discovery/stm32_common.a(stmclk.o)
 .debug_info    0x0000000000014203     0x1166 /home/kubitre/dubkov/riot-examples/01blink/bin/stm32f0discovery/stm32_common.a(stmclk_common.o)
 .debug_info    0x0000000000015369     0x159e /home/kubitre/dubkov/riot-examples/01blink/bin/stm32f0discovery/stm32_common_periph.a(timer.o)
 .debug_info    0x0000000000016907      0x39e /home/kubitre/dubkov/riot-examples/01blink/bin/stm32f0discovery/tsrb.a(tsrb.o)
 .debug_info    0x0000000000016ca5       0x3b /home/kubitre/dubkov/riot-examples/01blink/bin/stm32f0discovery/periph_common.a(init.o)
 .debug_info    0x0000000000016ce0     0x123a /home/kubitre/dubkov/riot-examples/01blink/bin/stm32f0discovery/application_blink.a(main.o)
 .debug_info    0x0000000000017f1a     0x1030 /home/kubitre/dubkov/riot-examples/01blink/bin/stm32f0discovery/auto_init.a(auto_init.o)
 .debug_info    0x0000000000018f4a      0xe1d /home/kubitre/dubkov/riot-examples/01blink/bin/stm32f0discovery/core.a(mutex.o)
 .debug_info    0x0000000000019d67      0xe9c /home/kubitre/dubkov/riot-examples/01blink/bin/stm32f0discovery/cortexm_common.a(cortexm_init.o)
 .debug_info    0x000000000001ac03     0x1cf0 /home/kubitre/dubkov/riot-examples/01blink/bin/stm32f0discovery/xtimer.a(xtimer.o)

.debug_abbrev   0x0000000000000000     0x49d5
 .debug_abbrev  0x0000000000000000       0xaa /home/kubitre/dubkov/riot-examples/01blink/bin/stm32f0discovery/cpu/vectors.o
 .debug_abbrev  0x00000000000000aa      0x431 /home/kubitre/dubkov/riot-examples/01blink/bin/stm32f0discovery/newlib_syscalls_default/syscalls.o
 .debug_abbrev  0x00000000000004db      0x315 /home/kubitre/dubkov/riot-examples/01blink/bin/stm32f0discovery/core.a(sched.o)
 .debug_abbrev  0x00000000000007f0      0x1bf /home/kubitre/dubkov/riot-examples/01blink/bin/stm32f0discovery/core.a(bitarithm.o)
 .debug_abbrev  0x00000000000009af      0x33b /home/kubitre/dubkov/riot-examples/01blink/bin/stm32f0discovery/cortexm_common.a(thread_arch.o)
 .debug_abbrev  0x0000000000000cea      0x27e /home/kubitre/dubkov/riot-examples/01blink/bin/stm32f0discovery/cortexm_common.a(vectors_cortexm.o)
 .debug_abbrev  0x0000000000000f68      0x24f /home/kubitre/dubkov/riot-examples/01blink/bin/stm32f0discovery/cortexm_common.a(irq_arch.o)
 .debug_abbrev  0x00000000000011b7      0x24c /home/kubitre/dubkov/riot-examples/01blink/bin/stm32f0discovery/stdio_uart.a(stdio_uart.o)
 .debug_abbrev  0x0000000000001403      0x3a3 /home/kubitre/dubkov/riot-examples/01blink/bin/stm32f0discovery/stm32_common_periph.a(uart.o)
 .debug_abbrev  0x00000000000017a6      0x2c5 /home/kubitre/dubkov/riot-examples/01blink/bin/stm32f0discovery/stm32_common_periph.a(gpio.o)
 .debug_abbrev  0x0000000000001a6b      0x4fa /home/kubitre/dubkov/riot-examples/01blink/bin/stm32f0discovery/xtimer.a(xtimer_core.o)
 .debug_abbrev  0x0000000000001f65      0x1fa /home/kubitre/dubkov/riot-examples/01blink/bin/stm32f0discovery/board.a(board.o)
 .debug_abbrev  0x000000000000215f      0x224 /home/kubitre/dubkov/riot-examples/01blink/bin/stm32f0discovery/core.a(panic.o)
 .debug_abbrev  0x0000000000002383      0x241 /home/kubitre/dubkov/riot-examples/01blink/bin/stm32f0discovery/core.a(kernel_init.o)
 .debug_abbrev  0x00000000000025c4      0x32a /home/kubitre/dubkov/riot-examples/01blink/bin/stm32f0discovery/core.a(thread.o)
 .debug_abbrev  0x00000000000028ee      0x247 /home/kubitre/dubkov/riot-examples/01blink/bin/stm32f0discovery/cortexm_common_periph.a(pm.o)
 .debug_abbrev  0x0000000000002b35      0x356 /home/kubitre/dubkov/riot-examples/01blink/bin/stm32f0discovery/isrpipe.a(isrpipe.o)
 .debug_abbrev  0x0000000000002e8b      0x1f8 /home/kubitre/dubkov/riot-examples/01blink/bin/stm32f0discovery/stm32_common.a(cpu_init.o)
 .debug_abbrev  0x0000000000003083      0x28e /home/kubitre/dubkov/riot-examples/01blink/bin/stm32f0discovery/stm32_common.a(cpu_common.o)
 .debug_abbrev  0x0000000000003311      0x207 /home/kubitre/dubkov/riot-examples/01blink/bin/stm32f0discovery/stm32_common.a(stmclk.o)
 .debug_abbrev  0x0000000000003518      0x1c3 /home/kubitre/dubkov/riot-examples/01blink/bin/stm32f0discovery/stm32_common.a(stmclk_common.o)
 .debug_abbrev  0x00000000000036db      0x382 /home/kubitre/dubkov/riot-examples/01blink/bin/stm32f0discovery/stm32_common_periph.a(timer.o)
 .debug_abbrev  0x0000000000003a5d      0x193 /home/kubitre/dubkov/riot-examples/01blink/bin/stm32f0discovery/tsrb.a(tsrb.o)
 .debug_abbrev  0x0000000000003bf0       0x2f /home/kubitre/dubkov/riot-examples/01blink/bin/stm32f0discovery/periph_common.a(init.o)
 .debug_abbrev  0x0000000000003c1f      0x2a2 /home/kubitre/dubkov/riot-examples/01blink/bin/stm32f0discovery/application_blink.a(main.o)
 .debug_abbrev  0x0000000000003ec1      0x1e1 /home/kubitre/dubkov/riot-examples/01blink/bin/stm32f0discovery/auto_init.a(auto_init.o)
 .debug_abbrev  0x00000000000040a2      0x2a3 /home/kubitre/dubkov/riot-examples/01blink/bin/stm32f0discovery/core.a(mutex.o)
 .debug_abbrev  0x0000000000004345      0x2a4 /home/kubitre/dubkov/riot-examples/01blink/bin/stm32f0discovery/cortexm_common.a(cortexm_init.o)
 .debug_abbrev  0x00000000000045e9      0x3ec /home/kubitre/dubkov/riot-examples/01blink/bin/stm32f0discovery/xtimer.a(xtimer.o)

.debug_aranges  0x0000000000000000      0x748
 .debug_aranges
                0x0000000000000000       0x20 /home/kubitre/dubkov/riot-examples/01blink/bin/stm32f0discovery/cpu/vectors.o
 .debug_aranges
                0x0000000000000020       0xb8 /home/kubitre/dubkov/riot-examples/01blink/bin/stm32f0discovery/newlib_syscalls_default/syscalls.o
 .debug_aranges
                0x00000000000000d8       0x38 /home/kubitre/dubkov/riot-examples/01blink/bin/stm32f0discovery/core.a(sched.o)
 .debug_aranges
                0x0000000000000110       0x28 /home/kubitre/dubkov/riot-examples/01blink/bin/stm32f0discovery/core.a(bitarithm.o)
 .debug_aranges
                0x0000000000000138       0x60 /home/kubitre/dubkov/riot-examples/01blink/bin/stm32f0discovery/cortexm_common.a(thread_arch.o)
 .debug_aranges
                0x0000000000000198       0x40 /home/kubitre/dubkov/riot-examples/01blink/bin/stm32f0discovery/cortexm_common.a(vectors_cortexm.o)
 .debug_aranges
                0x00000000000001d8       0x38 /home/kubitre/dubkov/riot-examples/01blink/bin/stm32f0discovery/cortexm_common.a(irq_arch.o)
 .debug_aranges
                0x0000000000000210       0x30 /home/kubitre/dubkov/riot-examples/01blink/bin/stm32f0discovery/stdio_uart.a(stdio_uart.o)
 .debug_aranges
                0x0000000000000240       0x50 /home/kubitre/dubkov/riot-examples/01blink/bin/stm32f0discovery/stm32_common_periph.a(uart.o)
 .debug_aranges
                0x0000000000000290       0x68 /home/kubitre/dubkov/riot-examples/01blink/bin/stm32f0discovery/stm32_common_periph.a(gpio.o)
 .debug_aranges
                0x00000000000002f8       0x78 /home/kubitre/dubkov/riot-examples/01blink/bin/stm32f0discovery/xtimer.a(xtimer_core.o)
 .debug_aranges
                0x0000000000000370       0x20 /home/kubitre/dubkov/riot-examples/01blink/bin/stm32f0discovery/board.a(board.o)
 .debug_aranges
                0x0000000000000390       0x28 /home/kubitre/dubkov/riot-examples/01blink/bin/stm32f0discovery/core.a(panic.o)
 .debug_aranges
                0x00000000000003b8       0x30 /home/kubitre/dubkov/riot-examples/01blink/bin/stm32f0discovery/core.a(kernel_init.o)
 .debug_aranges
                0x00000000000003e8       0x58 /home/kubitre/dubkov/riot-examples/01blink/bin/stm32f0discovery/core.a(thread.o)
 .debug_aranges
                0x0000000000000440       0x28 /home/kubitre/dubkov/riot-examples/01blink/bin/stm32f0discovery/cortexm_common_periph.a(pm.o)
 .debug_aranges
                0x0000000000000468       0x48 /home/kubitre/dubkov/riot-examples/01blink/bin/stm32f0discovery/isrpipe.a(isrpipe.o)
 .debug_aranges
                0x00000000000004b0       0x20 /home/kubitre/dubkov/riot-examples/01blink/bin/stm32f0discovery/stm32_common.a(cpu_init.o)
 .debug_aranges
                0x00000000000004d0       0x38 /home/kubitre/dubkov/riot-examples/01blink/bin/stm32f0discovery/stm32_common.a(cpu_common.o)
 .debug_aranges
                0x0000000000000508       0x20 /home/kubitre/dubkov/riot-examples/01blink/bin/stm32f0discovery/stm32_common.a(stmclk.o)
 .debug_aranges
                0x0000000000000528       0x48 /home/kubitre/dubkov/riot-examples/01blink/bin/stm32f0discovery/stm32_common.a(stmclk_common.o)
 .debug_aranges
                0x0000000000000570       0x50 /home/kubitre/dubkov/riot-examples/01blink/bin/stm32f0discovery/stm32_common_periph.a(timer.o)
 .debug_aranges
                0x00000000000005c0       0x48 /home/kubitre/dubkov/riot-examples/01blink/bin/stm32f0discovery/tsrb.a(tsrb.o)
 .debug_aranges
                0x0000000000000608       0x20 /home/kubitre/dubkov/riot-examples/01blink/bin/stm32f0discovery/periph_common.a(init.o)
 .debug_aranges
                0x0000000000000628       0x20 /home/kubitre/dubkov/riot-examples/01blink/bin/stm32f0discovery/application_blink.a(main.o)
 .debug_aranges
                0x0000000000000648       0x20 /home/kubitre/dubkov/riot-examples/01blink/bin/stm32f0discovery/auto_init.a(auto_init.o)
 .debug_aranges
                0x0000000000000668       0x30 /home/kubitre/dubkov/riot-examples/01blink/bin/stm32f0discovery/core.a(mutex.o)
 .debug_aranges
                0x0000000000000698       0x20 /home/kubitre/dubkov/riot-examples/01blink/bin/stm32f0discovery/cortexm_common.a(cortexm_init.o)
 .debug_aranges
                0x00000000000006b8       0x90 /home/kubitre/dubkov/riot-examples/01blink/bin/stm32f0discovery/xtimer.a(xtimer.o)

.debug_ranges   0x0000000000000000      0xc30
 .debug_ranges  0x0000000000000000       0x10 /home/kubitre/dubkov/riot-examples/01blink/bin/stm32f0discovery/cpu/vectors.o
 .debug_ranges  0x0000000000000010       0xe8 /home/kubitre/dubkov/riot-examples/01blink/bin/stm32f0discovery/newlib_syscalls_default/syscalls.o
 .debug_ranges  0x00000000000000f8       0x90 /home/kubitre/dubkov/riot-examples/01blink/bin/stm32f0discovery/core.a(sched.o)
 .debug_ranges  0x0000000000000188       0x18 /home/kubitre/dubkov/riot-examples/01blink/bin/stm32f0discovery/core.a(bitarithm.o)
 .debug_ranges  0x00000000000001a0       0x68 /home/kubitre/dubkov/riot-examples/01blink/bin/stm32f0discovery/cortexm_common.a(thread_arch.o)
 .debug_ranges  0x0000000000000208       0x30 /home/kubitre/dubkov/riot-examples/01blink/bin/stm32f0discovery/cortexm_common.a(vectors_cortexm.o)
 .debug_ranges  0x0000000000000238       0x28 /home/kubitre/dubkov/riot-examples/01blink/bin/stm32f0discovery/cortexm_common.a(irq_arch.o)
 .debug_ranges  0x0000000000000260       0x20 /home/kubitre/dubkov/riot-examples/01blink/bin/stm32f0discovery/stdio_uart.a(stdio_uart.o)
 .debug_ranges  0x0000000000000280       0xa0 /home/kubitre/dubkov/riot-examples/01blink/bin/stm32f0discovery/stm32_common_periph.a(uart.o)
 .debug_ranges  0x0000000000000320      0x128 /home/kubitre/dubkov/riot-examples/01blink/bin/stm32f0discovery/stm32_common_periph.a(gpio.o)
 .debug_ranges  0x0000000000000448      0x1f8 /home/kubitre/dubkov/riot-examples/01blink/bin/stm32f0discovery/xtimer.a(xtimer_core.o)
 .debug_ranges  0x0000000000000640       0x10 /home/kubitre/dubkov/riot-examples/01blink/bin/stm32f0discovery/board.a(board.o)
 .debug_ranges  0x0000000000000650       0x18 /home/kubitre/dubkov/riot-examples/01blink/bin/stm32f0discovery/core.a(panic.o)
 .debug_ranges  0x0000000000000668       0x20 /home/kubitre/dubkov/riot-examples/01blink/bin/stm32f0discovery/core.a(kernel_init.o)
 .debug_ranges  0x0000000000000688       0x80 /home/kubitre/dubkov/riot-examples/01blink/bin/stm32f0discovery/core.a(thread.o)
 .debug_ranges  0x0000000000000708       0x30 /home/kubitre/dubkov/riot-examples/01blink/bin/stm32f0discovery/cortexm_common_periph.a(pm.o)
 .debug_ranges  0x0000000000000738       0x80 /home/kubitre/dubkov/riot-examples/01blink/bin/stm32f0discovery/isrpipe.a(isrpipe.o)
 .debug_ranges  0x00000000000007b8       0x10 /home/kubitre/dubkov/riot-examples/01blink/bin/stm32f0discovery/stm32_common.a(cpu_init.o)
 .debug_ranges  0x00000000000007c8       0x28 /home/kubitre/dubkov/riot-examples/01blink/bin/stm32f0discovery/stm32_common.a(cpu_common.o)
 .debug_ranges  0x00000000000007f0       0x10 /home/kubitre/dubkov/riot-examples/01blink/bin/stm32f0discovery/stm32_common.a(stmclk.o)
 .debug_ranges  0x0000000000000800       0x38 /home/kubitre/dubkov/riot-examples/01blink/bin/stm32f0discovery/stm32_common.a(stmclk_common.o)
 .debug_ranges  0x0000000000000838       0x78 /home/kubitre/dubkov/riot-examples/01blink/bin/stm32f0discovery/stm32_common_periph.a(timer.o)
 .debug_ranges  0x00000000000008b0       0x88 /home/kubitre/dubkov/riot-examples/01blink/bin/stm32f0discovery/tsrb.a(tsrb.o)
 .debug_ranges  0x0000000000000938       0x10 /home/kubitre/dubkov/riot-examples/01blink/bin/stm32f0discovery/periph_common.a(init.o)
 .debug_ranges  0x0000000000000948       0x10 /home/kubitre/dubkov/riot-examples/01blink/bin/stm32f0discovery/application_blink.a(main.o)
 .debug_ranges  0x0000000000000958       0x10 /home/kubitre/dubkov/riot-examples/01blink/bin/stm32f0discovery/auto_init.a(auto_init.o)
 .debug_ranges  0x0000000000000968       0x80 /home/kubitre/dubkov/riot-examples/01blink/bin/stm32f0discovery/core.a(mutex.o)
 .debug_ranges  0x00000000000009e8       0x98 /home/kubitre/dubkov/riot-examples/01blink/bin/stm32f0discovery/cortexm_common.a(cortexm_init.o)
 .debug_ranges  0x0000000000000a80      0x1b0 /home/kubitre/dubkov/riot-examples/01blink/bin/stm32f0discovery/xtimer.a(xtimer.o)

.debug_macro    0x0000000000000000    0x1f0db
 .debug_macro   0x0000000000000000       0xe3 /home/kubitre/dubkov/riot-examples/01blink/bin/stm32f0discovery/cpu/vectors.o
 .debug_macro   0x00000000000000e3      0xa3c /home/kubitre/dubkov/riot-examples/01blink/bin/stm32f0discovery/cpu/vectors.o
 .debug_macro   0x0000000000000b1f       0xe8 /home/kubitre/dubkov/riot-examples/01blink/bin/stm32f0discovery/cpu/vectors.o
 .debug_macro   0x0000000000000c07       0x28 /home/kubitre/dubkov/riot-examples/01blink/bin/stm32f0discovery/cpu/vectors.o
 .debug_macro   0x0000000000000c2f       0x2e /home/kubitre/dubkov/riot-examples/01blink/bin/stm32f0discovery/cpu/vectors.o
 .debug_macro   0x0000000000000c5d       0x22 /home/kubitre/dubkov/riot-examples/01blink/bin/stm32f0discovery/cpu/vectors.o
 .debug_macro   0x0000000000000c7f       0x22 /home/kubitre/dubkov/riot-examples/01blink/bin/stm32f0discovery/cpu/vectors.o
 .debug_macro   0x0000000000000ca1       0x56 /home/kubitre/dubkov/riot-examples/01blink/bin/stm32f0discovery/cpu/vectors.o
 .debug_macro   0x0000000000000cf7       0x51 /home/kubitre/dubkov/riot-examples/01blink/bin/stm32f0discovery/cpu/vectors.o
 .debug_macro   0x0000000000000d48       0xef /home/kubitre/dubkov/riot-examples/01blink/bin/stm32f0discovery/cpu/vectors.o
 .debug_macro   0x0000000000000e37       0x6a /home/kubitre/dubkov/riot-examples/01blink/bin/stm32f0discovery/cpu/vectors.o
 .debug_macro   0x0000000000000ea1      0x1df /home/kubitre/dubkov/riot-examples/01blink/bin/stm32f0discovery/cpu/vectors.o
 .debug_macro   0x0000000000001080       0x34 /home/kubitre/dubkov/riot-examples/01blink/bin/stm32f0discovery/cpu/vectors.o
 .debug_macro   0x00000000000010b4       0x26 /home/kubitre/dubkov/riot-examples/01blink/bin/stm32f0discovery/cpu/vectors.o
 .debug_macro   0x00000000000010da      0x30d /home/kubitre/dubkov/riot-examples/01blink/bin/stm32f0discovery/cpu/vectors.o
 .debug_macro   0x00000000000013e7     0x3dc2 /home/kubitre/dubkov/riot-examples/01blink/bin/stm32f0discovery/cpu/vectors.o
 .debug_macro   0x00000000000051a9       0x35 /home/kubitre/dubkov/riot-examples/01blink/bin/stm32f0discovery/cpu/vectors.o
 .debug_macro   0x00000000000051de       0x28 /home/kubitre/dubkov/riot-examples/01blink/bin/stm32f0discovery/cpu/vectors.o
 .debug_macro   0x0000000000005206       0x16 /home/kubitre/dubkov/riot-examples/01blink/bin/stm32f0discovery/cpu/vectors.o
 .debug_macro   0x000000000000521c      0x48f /home/kubitre/dubkov/riot-examples/01blink/bin/stm32f0discovery/newlib_syscalls_default/syscalls.o
 .debug_macro   0x00000000000056ab      0xa3c /home/kubitre/dubkov/riot-examples/01blink/bin/stm32f0discovery/newlib_syscalls_default/syscalls.o
 .debug_macro   0x00000000000060e7       0x40 /home/kubitre/dubkov/riot-examples/01blink/bin/stm32f0discovery/newlib_syscalls_default/syscalls.o
 .debug_macro   0x0000000000006127       0x18 /home/kubitre/dubkov/riot-examples/01blink/bin/stm32f0discovery/newlib_syscalls_default/syscalls.o
 .debug_macro   0x000000000000613f       0x5c /home/kubitre/dubkov/riot-examples/01blink/bin/stm32f0discovery/newlib_syscalls_default/syscalls.o
 .debug_macro   0x000000000000619b       0x3c /home/kubitre/dubkov/riot-examples/01blink/bin/stm32f0discovery/newlib_syscalls_default/syscalls.o
 .debug_macro   0x00000000000061d7       0x34 /home/kubitre/dubkov/riot-examples/01blink/bin/stm32f0discovery/newlib_syscalls_default/syscalls.o
 .debug_macro   0x000000000000620b       0x10 /home/kubitre/dubkov/riot-examples/01blink/bin/stm32f0discovery/newlib_syscalls_default/syscalls.o
 .debug_macro   0x000000000000621b       0x57 /home/kubitre/dubkov/riot-examples/01blink/bin/stm32f0discovery/newlib_syscalls_default/syscalls.o
 .debug_macro   0x0000000000006272       0xcf /home/kubitre/dubkov/riot-examples/01blink/bin/stm32f0discovery/newlib_syscalls_default/syscalls.o
 .debug_macro   0x0000000000006341      0x353 /home/kubitre/dubkov/riot-examples/01blink/bin/stm32f0discovery/newlib_syscalls_default/syscalls.o
 .debug_macro   0x0000000000006694       0x10 /home/kubitre/dubkov/riot-examples/01blink/bin/stm32f0discovery/newlib_syscalls_default/syscalls.o
 .debug_macro   0x00000000000066a4       0xb7 /home/kubitre/dubkov/riot-examples/01blink/bin/stm32f0discovery/newlib_syscalls_default/syscalls.o
 .debug_macro   0x000000000000675b       0x52 /home/kubitre/dubkov/riot-examples/01blink/bin/stm32f0discovery/newlib_syscalls_default/syscalls.o
 .debug_macro   0x00000000000067ad       0x1f /home/kubitre/dubkov/riot-examples/01blink/bin/stm32f0discovery/newlib_syscalls_default/syscalls.o
 .debug_macro   0x00000000000067cc       0x43 /home/kubitre/dubkov/riot-examples/01blink/bin/stm32f0discovery/newlib_syscalls_default/syscalls.o
 .debug_macro   0x000000000000680f       0x20 /home/kubitre/dubkov/riot-examples/01blink/bin/stm32f0discovery/newlib_syscalls_default/syscalls.o
 .debug_macro   0x000000000000682f       0xb6 /home/kubitre/dubkov/riot-examples/01blink/bin/stm32f0discovery/newlib_syscalls_default/syscalls.o
 .debug_macro   0x00000000000068e5      0x4fe /home/kubitre/dubkov/riot-examples/01blink/bin/stm32f0discovery/newlib_syscalls_default/syscalls.o
 .debug_macro   0x0000000000006de3      0x1a3 /home/kubitre/dubkov/riot-examples/01blink/bin/stm32f0discovery/newlib_syscalls_default/syscalls.o
 .debug_macro   0x0000000000006f86       0x10 /home/kubitre/dubkov/riot-examples/01blink/bin/stm32f0discovery/newlib_syscalls_default/syscalls.o
 .debug_macro   0x0000000000006f96       0x35 /home/kubitre/dubkov/riot-examples/01blink/bin/stm32f0discovery/newlib_syscalls_default/syscalls.o
 .debug_macro   0x0000000000006fcb       0x10 /home/kubitre/dubkov/riot-examples/01blink/bin/stm32f0discovery/newlib_syscalls_default/syscalls.o
 .debug_macro   0x0000000000006fdb      0x241 /home/kubitre/dubkov/riot-examples/01blink/bin/stm32f0discovery/newlib_syscalls_default/syscalls.o
 .debug_macro   0x000000000000721c       0x16 /home/kubitre/dubkov/riot-examples/01blink/bin/stm32f0discovery/newlib_syscalls_default/syscalls.o
 .debug_macro   0x0000000000007232       0x10 /home/kubitre/dubkov/riot-examples/01blink/bin/stm32f0discovery/newlib_syscalls_default/syscalls.o
 .debug_macro   0x0000000000007242       0x16 /home/kubitre/dubkov/riot-examples/01blink/bin/stm32f0discovery/newlib_syscalls_default/syscalls.o
 .debug_macro   0x0000000000007258       0xff /home/kubitre/dubkov/riot-examples/01blink/bin/stm32f0discovery/newlib_syscalls_default/syscalls.o
 .debug_macro   0x0000000000007357       0x16 /home/kubitre/dubkov/riot-examples/01blink/bin/stm32f0discovery/newlib_syscalls_default/syscalls.o
 .debug_macro   0x000000000000736d       0x22 /home/kubitre/dubkov/riot-examples/01blink/bin/stm32f0discovery/newlib_syscalls_default/syscalls.o
 .debug_macro   0x000000000000738f       0x16 /home/kubitre/dubkov/riot-examples/01blink/bin/stm32f0discovery/newlib_syscalls_default/syscalls.o
 .debug_macro   0x00000000000073a5       0x16 /home/kubitre/dubkov/riot-examples/01blink/bin/stm32f0discovery/newlib_syscalls_default/syscalls.o
 .debug_macro   0x00000000000073bb       0x10 /home/kubitre/dubkov/riot-examples/01blink/bin/stm32f0discovery/newlib_syscalls_default/syscalls.o
 .debug_macro   0x00000000000073cb       0x10 /home/kubitre/dubkov/riot-examples/01blink/bin/stm32f0discovery/newlib_syscalls_default/syscalls.o
 .debug_macro   0x00000000000073db       0x2e /home/kubitre/dubkov/riot-examples/01blink/bin/stm32f0discovery/newlib_syscalls_default/syscalls.o
 .debug_macro   0x0000000000007409       0xf5 /home/kubitre/dubkov/riot-examples/01blink/bin/stm32f0discovery/newlib_syscalls_default/syscalls.o
 .debug_macro   0x00000000000074fe       0x22 /home/kubitre/dubkov/riot-examples/01blink/bin/stm32f0discovery/newlib_syscalls_default/syscalls.o
 .debug_macro   0x0000000000007520       0x2f /home/kubitre/dubkov/riot-examples/01blink/bin/stm32f0discovery/newlib_syscalls_default/syscalls.o
 .debug_macro   0x000000000000754f       0x3a /home/kubitre/dubkov/riot-examples/01blink/bin/stm32f0discovery/newlib_syscalls_default/syscalls.o
 .debug_macro   0x0000000000007589       0xd6 /home/kubitre/dubkov/riot-examples/01blink/bin/stm32f0discovery/newlib_syscalls_default/syscalls.o
 .debug_macro   0x000000000000765f       0x10 /home/kubitre/dubkov/riot-examples/01blink/bin/stm32f0discovery/newlib_syscalls_default/syscalls.o
 .debug_macro   0x000000000000766f      0x460 /home/kubitre/dubkov/riot-examples/01blink/bin/stm32f0discovery/newlib_syscalls_default/syscalls.o
 .debug_macro   0x0000000000007acf       0x2b /home/kubitre/dubkov/riot-examples/01blink/bin/stm32f0discovery/newlib_syscalls_default/syscalls.o
 .debug_macro   0x0000000000007afa       0xee /home/kubitre/dubkov/riot-examples/01blink/bin/stm32f0discovery/newlib_syscalls_default/syscalls.o
 .debug_macro   0x0000000000007be8       0x28 /home/kubitre/dubkov/riot-examples/01blink/bin/stm32f0discovery/newlib_syscalls_default/syscalls.o
 .debug_macro   0x0000000000007c10       0x10 /home/kubitre/dubkov/riot-examples/01blink/bin/stm32f0discovery/newlib_syscalls_default/syscalls.o
 .debug_macro   0x0000000000007c20       0x12 /home/kubitre/dubkov/riot-examples/01blink/bin/stm32f0discovery/newlib_syscalls_default/syscalls.o
 .debug_macro   0x0000000000007c32       0xba /home/kubitre/dubkov/riot-examples/01blink/bin/stm32f0discovery/newlib_syscalls_default/syscalls.o
 .debug_macro   0x0000000000007cec       0x16 /home/kubitre/dubkov/riot-examples/01blink/bin/stm32f0discovery/newlib_syscalls_default/syscalls.o
 .debug_macro   0x0000000000007d02       0x58 /home/kubitre/dubkov/riot-examples/01blink/bin/stm32f0discovery/newlib_syscalls_default/syscalls.o
 .debug_macro   0x0000000000007d5a       0x34 /home/kubitre/dubkov/riot-examples/01blink/bin/stm32f0discovery/newlib_syscalls_default/syscalls.o
 .debug_macro   0x0000000000007d8e       0x86 /home/kubitre/dubkov/riot-examples/01blink/bin/stm32f0discovery/newlib_syscalls_default/syscalls.o
 .debug_macro   0x0000000000007e14       0x10 /home/kubitre/dubkov/riot-examples/01blink/bin/stm32f0discovery/newlib_syscalls_default/syscalls.o
 .debug_macro   0x0000000000007e24       0x10 /home/kubitre/dubkov/riot-examples/01blink/bin/stm32f0discovery/newlib_syscalls_default/syscalls.o
 .debug_macro   0x0000000000007e34       0x43 /home/kubitre/dubkov/riot-examples/01blink/bin/stm32f0discovery/newlib_syscalls_default/syscalls.o
 .debug_macro   0x0000000000007e77       0x1c /home/kubitre/dubkov/riot-examples/01blink/bin/stm32f0discovery/newlib_syscalls_default/syscalls.o
 .debug_macro   0x0000000000007e93       0x34 /home/kubitre/dubkov/riot-examples/01blink/bin/stm32f0discovery/newlib_syscalls_default/syscalls.o
 .debug_macro   0x0000000000007ec7       0x16 /home/kubitre/dubkov/riot-examples/01blink/bin/stm32f0discovery/newlib_syscalls_default/syscalls.o
 .debug_macro   0x0000000000007edd       0x77 /home/kubitre/dubkov/riot-examples/01blink/bin/stm32f0discovery/newlib_syscalls_default/syscalls.o
 .debug_macro   0x0000000000007f54       0x58 /home/kubitre/dubkov/riot-examples/01blink/bin/stm32f0discovery/newlib_syscalls_default/syscalls.o
 .debug_macro   0x0000000000007fac       0x10 /home/kubitre/dubkov/riot-examples/01blink/bin/stm32f0discovery/newlib_syscalls_default/syscalls.o
 .debug_macro   0x0000000000007fbc       0x10 /home/kubitre/dubkov/riot-examples/01blink/bin/stm32f0discovery/newlib_syscalls_default/syscalls.o
 .debug_macro   0x0000000000007fcc      0x300 /home/kubitre/dubkov/riot-examples/01blink/bin/stm32f0discovery/core.a(sched.o)
 .debug_macro   0x00000000000082cc      0xa3c /home/kubitre/dubkov/riot-examples/01blink/bin/stm32f0discovery/core.a(sched.o)
 .debug_macro   0x0000000000008d08      0x16d /home/kubitre/dubkov/riot-examples/01blink/bin/stm32f0discovery/core.a(sched.o)
 .debug_macro   0x0000000000008e75       0x46 /home/kubitre/dubkov/riot-examples/01blink/bin/stm32f0discovery/core.a(sched.o)
 .debug_macro   0x0000000000008ebb       0x3a /home/kubitre/dubkov/riot-examples/01blink/bin/stm32f0discovery/core.a(sched.o)
 .debug_macro   0x0000000000008ef5       0x25 /home/kubitre/dubkov/riot-examples/01blink/bin/stm32f0discovery/core.a(sched.o)
 .debug_macro   0x0000000000008f1a       0x2e /home/kubitre/dubkov/riot-examples/01blink/bin/stm32f0discovery/core.a(sched.o)
 .debug_macro   0x0000000000008f48       0x1c /home/kubitre/dubkov/riot-examples/01blink/bin/stm32f0discovery/core.a(sched.o)
 .debug_macro   0x0000000000008f64      0x114 /home/kubitre/dubkov/riot-examples/01blink/bin/stm32f0discovery/core.a(sched.o)
 .debug_macro   0x0000000000009078       0x1c /home/kubitre/dubkov/riot-examples/01blink/bin/stm32f0discovery/core.a(sched.o)
 .debug_macro   0x0000000000009094      0x1cb /home/kubitre/dubkov/riot-examples/01blink/bin/stm32f0discovery/core.a(bitarithm.o)
 .debug_macro   0x000000000000925f      0xa3c /home/kubitre/dubkov/riot-examples/01blink/bin/stm32f0discovery/core.a(bitarithm.o)
 .debug_macro   0x0000000000009c9b       0x97 /home/kubitre/dubkov/riot-examples/01blink/bin/stm32f0discovery/core.a(bitarithm.o)
 .debug_macro   0x0000000000009d32       0xf6 /home/kubitre/dubkov/riot-examples/01blink/bin/stm32f0discovery/core.a(bitarithm.o)
 .debug_macro   0x0000000000009e28      0x2e8 /home/kubitre/dubkov/riot-examples/01blink/bin/stm32f0discovery/cortexm_common.a(thread_arch.o)
 .debug_macro   0x000000000000a110      0xa3c /home/kubitre/dubkov/riot-examples/01blink/bin/stm32f0discovery/cortexm_common.a(thread_arch.o)
 .debug_macro   0x000000000000ab4c       0x1c /home/kubitre/dubkov/riot-examples/01blink/bin/stm32f0discovery/cortexm_common.a(thread_arch.o)
 .debug_macro   0x000000000000ab68      0x301 /home/kubitre/dubkov/riot-examples/01blink/bin/stm32f0discovery/cortexm_common.a(vectors_cortexm.o)
 .debug_macro   0x000000000000ae69      0xa3c /home/kubitre/dubkov/riot-examples/01blink/bin/stm32f0discovery/cortexm_common.a(vectors_cortexm.o)
 .debug_macro   0x000000000000b8a5       0x16 /home/kubitre/dubkov/riot-examples/01blink/bin/stm32f0discovery/cortexm_common.a(vectors_cortexm.o)
 .debug_macro   0x000000000000b8bb       0x1c /home/kubitre/dubkov/riot-examples/01blink/bin/stm32f0discovery/cortexm_common.a(vectors_cortexm.o)
 .debug_macro   0x000000000000b8d7      0x2d8 /home/kubitre/dubkov/riot-examples/01blink/bin/stm32f0discovery/cortexm_common.a(irq_arch.o)
 .debug_macro   0x000000000000bbaf      0xa3c /home/kubitre/dubkov/riot-examples/01blink/bin/stm32f0discovery/cortexm_common.a(irq_arch.o)
 .debug_macro   0x000000000000c5eb      0x3b1 /home/kubitre/dubkov/riot-examples/01blink/bin/stm32f0discovery/stdio_uart.a(stdio_uart.o)
 .debug_macro   0x000000000000c99c      0xa3c /home/kubitre/dubkov/riot-examples/01blink/bin/stm32f0discovery/stdio_uart.a(stdio_uart.o)
 .debug_macro   0x000000000000d3d8       0x52 /home/kubitre/dubkov/riot-examples/01blink/bin/stm32f0discovery/stdio_uart.a(stdio_uart.o)
 .debug_macro   0x000000000000d42a       0x16 /home/kubitre/dubkov/riot-examples/01blink/bin/stm32f0discovery/stdio_uart.a(stdio_uart.o)
 .debug_macro   0x000000000000d440       0x16 /home/kubitre/dubkov/riot-examples/01blink/bin/stm32f0discovery/stdio_uart.a(stdio_uart.o)
 .debug_macro   0x000000000000d456       0x10 /home/kubitre/dubkov/riot-examples/01blink/bin/stm32f0discovery/stdio_uart.a(stdio_uart.o)
 .debug_macro   0x000000000000d466      0x335 /home/kubitre/dubkov/riot-examples/01blink/bin/stm32f0discovery/stm32_common_periph.a(uart.o)
 .debug_macro   0x000000000000d79b      0xa3c /home/kubitre/dubkov/riot-examples/01blink/bin/stm32f0discovery/stm32_common_periph.a(uart.o)
 .debug_macro   0x000000000000e1d7       0x10 /home/kubitre/dubkov/riot-examples/01blink/bin/stm32f0discovery/stm32_common_periph.a(uart.o)
 .debug_macro   0x000000000000e1e7      0x301 /home/kubitre/dubkov/riot-examples/01blink/bin/stm32f0discovery/stm32_common_periph.a(gpio.o)
 .debug_macro   0x000000000000e4e8      0xa3c /home/kubitre/dubkov/riot-examples/01blink/bin/stm32f0discovery/stm32_common_periph.a(gpio.o)
 .debug_macro   0x000000000000ef24      0x3ac /home/kubitre/dubkov/riot-examples/01blink/bin/stm32f0discovery/xtimer.a(xtimer_core.o)
 .debug_macro   0x000000000000f2d0      0xa3c /home/kubitre/dubkov/riot-examples/01blink/bin/stm32f0discovery/xtimer.a(xtimer_core.o)
 .debug_macro   0x000000000000fd0c       0x10 /home/kubitre/dubkov/riot-examples/01blink/bin/stm32f0discovery/xtimer.a(xtimer_core.o)
 .debug_macro   0x000000000000fd1c       0x16 /home/kubitre/dubkov/riot-examples/01blink/bin/stm32f0discovery/xtimer.a(xtimer_core.o)
 .debug_macro   0x000000000000fd32      0x310 /home/kubitre/dubkov/riot-examples/01blink/bin/stm32f0discovery/board.a(board.o)
 .debug_macro   0x0000000000010042      0xa3c /home/kubitre/dubkov/riot-examples/01blink/bin/stm32f0discovery/board.a(board.o)
 .debug_macro   0x0000000000010a7e      0x320 /home/kubitre/dubkov/riot-examples/01blink/bin/stm32f0discovery/core.a(panic.o)
 .debug_macro   0x0000000000010d9e      0xa3c /home/kubitre/dubkov/riot-examples/01blink/bin/stm32f0discovery/core.a(panic.o)
 .debug_macro   0x00000000000117da      0x363 /home/kubitre/dubkov/riot-examples/01blink/bin/stm32f0discovery/core.a(kernel_init.o)
 .debug_macro   0x0000000000011b3d      0xa3c /home/kubitre/dubkov/riot-examples/01blink/bin/stm32f0discovery/core.a(kernel_init.o)
 .debug_macro   0x0000000000012579      0x23b /home/kubitre/dubkov/riot-examples/01blink/bin/stm32f0discovery/core.a(kernel_init.o)
 .debug_macro   0x00000000000127b4       0xdc /home/kubitre/dubkov/riot-examples/01blink/bin/stm32f0discovery/core.a(kernel_init.o)
 .debug_macro   0x0000000000012890      0x302 /home/kubitre/dubkov/riot-examples/01blink/bin/stm32f0discovery/core.a(thread.o)
 .debug_macro   0x0000000000012b92      0xa3c /home/kubitre/dubkov/riot-examples/01blink/bin/stm32f0discovery/core.a(thread.o)
 .debug_macro   0x00000000000135ce      0x2f8 /home/kubitre/dubkov/riot-examples/01blink/bin/stm32f0discovery/cortexm_common_periph.a(pm.o)
 .debug_macro   0x00000000000138c6      0xa3c /home/kubitre/dubkov/riot-examples/01blink/bin/stm32f0discovery/cortexm_common_periph.a(pm.o)
 .debug_macro   0x0000000000014302      0x3d0 /home/kubitre/dubkov/riot-examples/01blink/bin/stm32f0discovery/isrpipe.a(isrpipe.o)
 .debug_macro   0x00000000000146d2      0xa3c /home/kubitre/dubkov/riot-examples/01blink/bin/stm32f0discovery/isrpipe.a(isrpipe.o)
 .debug_macro   0x000000000001510e       0x2e /home/kubitre/dubkov/riot-examples/01blink/bin/stm32f0discovery/isrpipe.a(isrpipe.o)
 .debug_macro   0x000000000001513c       0x71 /home/kubitre/dubkov/riot-examples/01blink/bin/stm32f0discovery/isrpipe.a(isrpipe.o)
 .debug_macro   0x00000000000151ad      0x304 /home/kubitre/dubkov/riot-examples/01blink/bin/stm32f0discovery/stm32_common.a(cpu_init.o)
 .debug_macro   0x00000000000154b1      0xa3c /home/kubitre/dubkov/riot-examples/01blink/bin/stm32f0discovery/stm32_common.a(cpu_init.o)
 .debug_macro   0x0000000000015eed      0x318 /home/kubitre/dubkov/riot-examples/01blink/bin/stm32f0discovery/stm32_common.a(cpu_common.o)
 .debug_macro   0x0000000000016205      0xa3c /home/kubitre/dubkov/riot-examples/01blink/bin/stm32f0discovery/stm32_common.a(cpu_common.o)
 .debug_macro   0x0000000000016c41      0x32a /home/kubitre/dubkov/riot-examples/01blink/bin/stm32f0discovery/stm32_common.a(stmclk.o)
 .debug_macro   0x0000000000016f6b      0xa3c /home/kubitre/dubkov/riot-examples/01blink/bin/stm32f0discovery/stm32_common.a(stmclk.o)
 .debug_macro   0x00000000000179a7      0x321 /home/kubitre/dubkov/riot-examples/01blink/bin/stm32f0discovery/stm32_common.a(stmclk_common.o)
 .debug_macro   0x0000000000017cc8      0xa3c /home/kubitre/dubkov/riot-examples/01blink/bin/stm32f0discovery/stm32_common.a(stmclk_common.o)
 .debug_macro   0x0000000000018704      0x310 /home/kubitre/dubkov/riot-examples/01blink/bin/stm32f0discovery/stm32_common_periph.a(timer.o)
 .debug_macro   0x0000000000018a14      0xa3c /home/kubitre/dubkov/riot-examples/01blink/bin/stm32f0discovery/stm32_common_periph.a(timer.o)
 .debug_macro   0x0000000000019450       0x5f /home/kubitre/dubkov/riot-examples/01blink/bin/stm32f0discovery/tsrb.a(tsrb.o)
 .debug_macro   0x00000000000194af      0xa3c /home/kubitre/dubkov/riot-examples/01blink/bin/stm32f0discovery/tsrb.a(tsrb.o)
 .debug_macro   0x0000000000019eeb       0x1a /home/kubitre/dubkov/riot-examples/01blink/bin/stm32f0discovery/periph_common.a(init.o)
 .debug_macro   0x0000000000019f05      0xa3c /home/kubitre/dubkov/riot-examples/01blink/bin/stm32f0discovery/periph_common.a(init.o)
 .debug_macro   0x000000000001a941      0x3b2 /home/kubitre/dubkov/riot-examples/01blink/bin/stm32f0discovery/application_blink.a(main.o)
 .debug_macro   0x000000000001acf3      0xa3c /home/kubitre/dubkov/riot-examples/01blink/bin/stm32f0discovery/application_blink.a(main.o)
 .debug_macro   0x000000000001b72f       0x82 /home/kubitre/dubkov/riot-examples/01blink/bin/stm32f0discovery/application_blink.a(main.o)
 .debug_macro   0x000000000001b7b1       0xfd /home/kubitre/dubkov/riot-examples/01blink/bin/stm32f0discovery/application_blink.a(main.o)
 .debug_macro   0x000000000001b8ae      0x3bc /home/kubitre/dubkov/riot-examples/01blink/bin/stm32f0discovery/auto_init.a(auto_init.o)
 .debug_macro   0x000000000001bc6a      0xa3c /home/kubitre/dubkov/riot-examples/01blink/bin/stm32f0discovery/auto_init.a(auto_init.o)
 .debug_macro   0x000000000001c6a6      0x2f9 /home/kubitre/dubkov/riot-examples/01blink/bin/stm32f0discovery/core.a(mutex.o)
 .debug_macro   0x000000000001c99f      0xa3c /home/kubitre/dubkov/riot-examples/01blink/bin/stm32f0discovery/core.a(mutex.o)
 .debug_macro   0x000000000001d3db      0x1e5 /home/kubitre/dubkov/riot-examples/01blink/bin/stm32f0discovery/core.a(mutex.o)
 .debug_macro   0x000000000001d5c0      0x2d8 /home/kubitre/dubkov/riot-examples/01blink/bin/stm32f0discovery/cortexm_common.a(cortexm_init.o)
 .debug_macro   0x000000000001d898      0xa3c /home/kubitre/dubkov/riot-examples/01blink/bin/stm32f0discovery/cortexm_common.a(cortexm_init.o)
 .debug_macro   0x000000000001e2d4      0x3cb /home/kubitre/dubkov/riot-examples/01blink/bin/stm32f0discovery/xtimer.a(xtimer.o)
 .debug_macro   0x000000000001e69f      0xa3c /home/kubitre/dubkov/riot-examples/01blink/bin/stm32f0discovery/xtimer.a(xtimer.o)

.debug_line     0x0000000000000000     0xb152
 .debug_line    0x0000000000000000      0x30b /home/kubitre/dubkov/riot-examples/01blink/bin/stm32f0discovery/cpu/vectors.o
 .debug_line    0x000000000000030b      0x96a /home/kubitre/dubkov/riot-examples/01blink/bin/stm32f0discovery/newlib_syscalls_default/syscalls.o
 .debug_line    0x0000000000000c75      0x5d9 /home/kubitre/dubkov/riot-examples/01blink/bin/stm32f0discovery/core.a(sched.o)
 .debug_line    0x000000000000124e      0x43a /home/kubitre/dubkov/riot-examples/01blink/bin/stm32f0discovery/core.a(bitarithm.o)
 .debug_line    0x0000000000001688      0x627 /home/kubitre/dubkov/riot-examples/01blink/bin/stm32f0discovery/cortexm_common.a(thread_arch.o)
 .debug_line    0x0000000000001caf      0x607 /home/kubitre/dubkov/riot-examples/01blink/bin/stm32f0discovery/cortexm_common.a(vectors_cortexm.o)
 .debug_line    0x00000000000022b6      0x587 /home/kubitre/dubkov/riot-examples/01blink/bin/stm32f0discovery/cortexm_common.a(irq_arch.o)
 .debug_line    0x000000000000283d      0x6ca /home/kubitre/dubkov/riot-examples/01blink/bin/stm32f0discovery/stdio_uart.a(stdio_uart.o)
 .debug_line    0x0000000000002f07      0x73e /home/kubitre/dubkov/riot-examples/01blink/bin/stm32f0discovery/stm32_common_periph.a(uart.o)
 .debug_line    0x0000000000003645      0x762 /home/kubitre/dubkov/riot-examples/01blink/bin/stm32f0discovery/stm32_common_periph.a(gpio.o)
 .debug_line    0x0000000000003da7      0x96e /home/kubitre/dubkov/riot-examples/01blink/bin/stm32f0discovery/xtimer.a(xtimer_core.o)
 .debug_line    0x0000000000004715      0x611 /home/kubitre/dubkov/riot-examples/01blink/bin/stm32f0discovery/board.a(board.o)
 .debug_line    0x0000000000004d26      0x5e3 /home/kubitre/dubkov/riot-examples/01blink/bin/stm32f0discovery/core.a(panic.o)
 .debug_line    0x0000000000005309      0x644 /home/kubitre/dubkov/riot-examples/01blink/bin/stm32f0discovery/core.a(kernel_init.o)
 .debug_line    0x000000000000594d      0x654 /home/kubitre/dubkov/riot-examples/01blink/bin/stm32f0discovery/core.a(thread.o)
 .debug_line    0x0000000000005fa1      0x601 /home/kubitre/dubkov/riot-examples/01blink/bin/stm32f0discovery/cortexm_common_periph.a(pm.o)
 .debug_line    0x00000000000065a2      0x7a4 /home/kubitre/dubkov/riot-examples/01blink/bin/stm32f0discovery/isrpipe.a(isrpipe.o)
 .debug_line    0x0000000000006d46      0x5ca /home/kubitre/dubkov/riot-examples/01blink/bin/stm32f0discovery/stm32_common.a(cpu_init.o)
 .debug_line    0x0000000000007310      0x62c /home/kubitre/dubkov/riot-examples/01blink/bin/stm32f0discovery/stm32_common.a(cpu_common.o)
 .debug_line    0x000000000000793c      0x603 /home/kubitre/dubkov/riot-examples/01blink/bin/stm32f0discovery/stm32_common.a(stmclk.o)
 .debug_line    0x0000000000007f3f      0x647 /home/kubitre/dubkov/riot-examples/01blink/bin/stm32f0discovery/stm32_common.a(stmclk_common.o)
 .debug_line    0x0000000000008586      0x6fb /home/kubitre/dubkov/riot-examples/01blink/bin/stm32f0discovery/stm32_common_periph.a(timer.o)
 .debug_line    0x0000000000008c81      0x223 /home/kubitre/dubkov/riot-examples/01blink/bin/stm32f0discovery/tsrb.a(tsrb.o)
 .debug_line    0x0000000000008ea4       0xc0 /home/kubitre/dubkov/riot-examples/01blink/bin/stm32f0discovery/periph_common.a(init.o)
 .debug_line    0x0000000000008f64      0x6dc /home/kubitre/dubkov/riot-examples/01blink/bin/stm32f0discovery/application_blink.a(main.o)
 .debug_line    0x0000000000009640      0x6d9 /home/kubitre/dubkov/riot-examples/01blink/bin/stm32f0discovery/auto_init.a(auto_init.o)
 .debug_line    0x0000000000009d19      0x5a9 /home/kubitre/dubkov/riot-examples/01blink/bin/stm32f0discovery/core.a(mutex.o)
 .debug_line    0x000000000000a2c2      0x567 /home/kubitre/dubkov/riot-examples/01blink/bin/stm32f0discovery/cortexm_common.a(cortexm_init.o)
 .debug_line    0x000000000000a829      0x929 /home/kubitre/dubkov/riot-examples/01blink/bin/stm32f0discovery/xtimer.a(xtimer.o)

.debug_str      0x0000000000000000    0x26a87
 .debug_str     0x0000000000000000    0x1c21d /home/kubitre/dubkov/riot-examples/01blink/bin/stm32f0discovery/cpu/vectors.o
                                      0x1c38b (size before relaxing)
 .debug_str     0x000000000001c21d     0x816f /home/kubitre/dubkov/riot-examples/01blink/bin/stm32f0discovery/newlib_syscalls_default/syscalls.o
                                      0x2467f (size before relaxing)
 .debug_str     0x000000000002438c      0x294 /home/kubitre/dubkov/riot-examples/01blink/bin/stm32f0discovery/core.a(sched.o)
                                      0x21eac (size before relaxing)
 .debug_str     0x0000000000024620       0x95 /home/kubitre/dubkov/riot-examples/01blink/bin/stm32f0discovery/core.a(bitarithm.o)
                                      0x1ff1f (size before relaxing)
 .debug_str     0x00000000000246b5      0x225 /home/kubitre/dubkov/riot-examples/01blink/bin/stm32f0discovery/cortexm_common.a(thread_arch.o)
                                      0x21da9 (size before relaxing)
 .debug_str     0x00000000000248da      0x2ca /home/kubitre/dubkov/riot-examples/01blink/bin/stm32f0discovery/cortexm_common.a(vectors_cortexm.o)
                                      0x22075 (size before relaxing)
 .debug_str     0x0000000000024ba4       0xd1 /home/kubitre/dubkov/riot-examples/01blink/bin/stm32f0discovery/cortexm_common.a(irq_arch.o)
                                      0x21c50 (size before relaxing)
 .debug_str     0x0000000000024c75      0x24b /home/kubitre/dubkov/riot-examples/01blink/bin/stm32f0discovery/stdio_uart.a(stdio_uart.o)
                                      0x236b4 (size before relaxing)
 .debug_str     0x0000000000024ec0      0x472 /home/kubitre/dubkov/riot-examples/01blink/bin/stm32f0discovery/stm32_common_periph.a(uart.o)
                                      0x2271a (size before relaxing)
 .debug_str     0x0000000000025332      0x157 /home/kubitre/dubkov/riot-examples/01blink/bin/stm32f0discovery/stm32_common_periph.a(gpio.o)
                                      0x223ca (size before relaxing)
 .debug_str     0x0000000000025489      0x333 /home/kubitre/dubkov/riot-examples/01blink/bin/stm32f0discovery/xtimer.a(xtimer_core.o)
                                      0x22b02 (size before relaxing)
 .debug_str     0x00000000000257bc       0xc1 /home/kubitre/dubkov/riot-examples/01blink/bin/stm32f0discovery/board.a(board.o)
                                      0x22486 (size before relaxing)
 .debug_str     0x000000000002587d       0x97 /home/kubitre/dubkov/riot-examples/01blink/bin/stm32f0discovery/core.a(panic.o)
                                      0x22065 (size before relaxing)
 .debug_str     0x0000000000025914       0xe8 /home/kubitre/dubkov/riot-examples/01blink/bin/stm32f0discovery/core.a(kernel_init.o)
                                      0x2255a (size before relaxing)
 .debug_str     0x00000000000259fc      0x13b /home/kubitre/dubkov/riot-examples/01blink/bin/stm32f0discovery/core.a(thread.o)
                                      0x221fb (size before relaxing)
 .debug_str     0x0000000000025b37       0xeb /home/kubitre/dubkov/riot-examples/01blink/bin/stm32f0discovery/cortexm_common_periph.a(pm.o)
                                      0x21eb2 (size before relaxing)
 .debug_str     0x0000000000025c22      0x174 /home/kubitre/dubkov/riot-examples/01blink/bin/stm32f0discovery/isrpipe.a(isrpipe.o)
                                      0x22df3 (size before relaxing)
 .debug_str     0x0000000000025d96      0x111 /home/kubitre/dubkov/riot-examples/01blink/bin/stm32f0discovery/stm32_common.a(cpu_init.o)
                                      0x21e82 (size before relaxing)
 .debug_str     0x0000000000025ea7       0xf0 /home/kubitre/dubkov/riot-examples/01blink/bin/stm32f0discovery/stm32_common.a(cpu_common.o)
                                      0x223b2 (size before relaxing)
 .debug_str     0x0000000000025f97      0x1d4 /home/kubitre/dubkov/riot-examples/01blink/bin/stm32f0discovery/stm32_common.a(stmclk.o)
                                      0x2243a (size before relaxing)
 .debug_str     0x000000000002616b      0x14e /home/kubitre/dubkov/riot-examples/01blink/bin/stm32f0discovery/stm32_common.a(stmclk_common.o)
                                      0x223a9 (size before relaxing)
 .debug_str     0x00000000000262b9       0xd9 /home/kubitre/dubkov/riot-examples/01blink/bin/stm32f0discovery/stm32_common_periph.a(timer.o)
                                      0x225c3 (size before relaxing)
 .debug_str     0x0000000000026392       0xc8 /home/kubitre/dubkov/riot-examples/01blink/bin/stm32f0discovery/tsrb.a(tsrb.o)
                                       0x35fe (size before relaxing)
 .debug_str     0x000000000002645a       0xaf /home/kubitre/dubkov/riot-examples/01blink/bin/stm32f0discovery/periph_common.a(init.o)
                                       0x3014 (size before relaxing)
 .debug_str     0x0000000000026509      0x10b /home/kubitre/dubkov/riot-examples/01blink/bin/stm32f0discovery/application_blink.a(main.o)
                                      0x22888 (size before relaxing)
 .debug_str     0x0000000000026614       0xa6 /home/kubitre/dubkov/riot-examples/01blink/bin/stm32f0discovery/auto_init.a(auto_init.o)
                                      0x227e4 (size before relaxing)
 .debug_str     0x00000000000266ba       0xad /home/kubitre/dubkov/riot-examples/01blink/bin/stm32f0discovery/core.a(mutex.o)
                                      0x21d26 (size before relaxing)
 .debug_str     0x0000000000026767      0x114 /home/kubitre/dubkov/riot-examples/01blink/bin/stm32f0discovery/cortexm_common.a(cortexm_init.o)
                                      0x21eb6 (size before relaxing)
 .debug_str     0x000000000002687b      0x20c /home/kubitre/dubkov/riot-examples/01blink/bin/stm32f0discovery/xtimer.a(xtimer.o)
                                      0x22ba2 (size before relaxing)

.comment        0x0000000000000000       0x7f
 .comment       0x0000000000000000       0x7f /home/kubitre/dubkov/riot-examples/01blink/bin/stm32f0discovery/cpu/vectors.o
                                         0x80 (size before relaxing)
 .comment       0x000000000000007f       0x80 /home/kubitre/dubkov/riot-examples/01blink/bin/stm32f0discovery/newlib_syscalls_default/syscalls.o
 .comment       0x000000000000007f       0x80 /home/kubitre/dubkov/riot-examples/01blink/bin/stm32f0discovery/core.a(sched.o)